building native Bend benchmark executables (compact primary API)
  compile benchmarks/compact/dec.bend -> bend-dec: attempt 0, peak 4.85 GB, exit 0
  compile benchmarks/compact/dec.bend -> bend-dec.c: attempt 0, peak 4.69 GB, exit 0
  compile benchmarks/compact/enc.bend -> bend-enc: attempt 0, peak 6.51 GB, hit the cap
  compile benchmarks/compact/enc.bend -> bend-enc: attempt 1, peak 5.98 GB, exit 0
  compile benchmarks/compact/enc.bend -> bend-enc.c: attempt 0, peak 5.67 GB, exit 0
  compile benchmarks/compact/root.bend -> bend-root: attempt 0, peak 6.52 GB, hit the cap
  compile benchmarks/compact/root.bend -> bend-root: attempt 1, peak 4.90 GB, exit 0
  compile benchmarks/compact/root.bend -> bend-root.c: attempt 0, peak 6.51 GB, hit the cap
  compile benchmarks/compact/root.bend -> bend-root.c: attempt 1, peak 6.51 GB, hit the cap
  compile benchmarks/compact/root.bend -> bend-root.c: attempt 2, peak 5.01 GB, exit 0
building native Go reference executable
AggregateAndProof.deserialize                    small-fixture    x524288   bend        831.6 ns  ref      185.2 ns       4.5x
AggregateAndProof.serialize                      small-fixture    x2097152  bend        183.6 ns  ref       58.2 ns       3.2x
AggregateAndProof.hash_tree_root                 small-fixture    x8192     bend      30151.4 ns  ref     2989.9 ns      10.1x
AggregateAndProof.deserialize                    medium-fixture   x524288   bend        581.7 ns  ref      130.7 ns       4.5x
AggregateAndProof.serialize                      medium-fixture   x3145728  bend        133.8 ns  ref       43.5 ns       3.1x
AggregateAndProof.hash_tree_root                 medium-fixture   x16384    bend      22155.8 ns  ref     1690.6 ns      13.1x
AggregateAndProof.deserialize                    large-fixture    x524288   bend        568.4 ns  ref      125.5 ns       4.5x
AggregateAndProof.serialize                      large-fixture    x3145728  bend        133.5 ns  ref       45.2 ns       3.0x
AggregateAndProof.hash_tree_root                 large-fixture    x16384    bend      22705.1 ns  ref     2281.2 ns      10.0x
Attestation.deserialize                          small-fixture    x786432   bend        354.8 ns  ref      114.3 ns       3.1x
Attestation.serialize                            small-fixture    x3145728  bend        100.1 ns  ref       36.7 ns       2.7x
Attestation.hash_tree_root                       small-fixture    x24576    bend      17374.7 ns  ref     1198.1 ns      14.5x
Attestation.deserialize                          medium-fixture   x786432   bend        338.2 ns  ref      104.4 ns       3.2x
Attestation.serialize                            medium-fixture   x3670016  bend        132.4 ns  ref       49.6 ns       2.7x
Attestation.hash_tree_root                       medium-fixture   x24576    bend      17781.6 ns  ref     1893.1 ns       9.4x
Attestation.deserialize                          large-fixture    x786432   bend        371.3 ns  ref      103.8 ns       3.6x
Attestation.serialize                            large-fixture    x2359296  bend        104.7 ns  ref       35.7 ns       2.9x
Attestation.hash_tree_root                       large-fixture    x12288    bend      22705.1 ns  ref     2395.3 ns       9.5x
AttestationData.deserialize                      small-fixture    x5000000  bend         79.6 ns  ref       64.7 ns       1.2x
AttestationData.serialize                        small-fixture    x3407872  bend         72.5 ns  ref       22.5 ns       3.2x
AttestationData.hash_tree_root                   small-fixture    x65536    bend       6759.6 ns  ref      661.2 ns      10.2x
AttestationData.deserialize                      medium-fixture   x5000000  bend         58.4 ns  ref       46.6 ns       1.3x
AttestationData.serialize                        medium-fixture   x5000000  bend         73.6 ns  ref       22.6 ns       3.3x
AttestationData.hash_tree_root                   medium-fixture   x65536    bend       6729.1 ns  ref      658.5 ns      10.2x
AttestationData.deserialize                      large-fixture    x5000000  bend         61.2 ns  ref       47.5 ns       1.3x
AttestationData.serialize                        large-fixture    x5000000  bend         76.6 ns  ref       23.9 ns       3.2x
AttestationData.hash_tree_root                   large-fixture    x49152    bend       7507.3 ns  ref      698.3 ns      10.8x
AttesterSlashing.deserialize                     small-fixture    x524288   bend        810.6 ns  ref      188.2 ns       4.3x
AttesterSlashing.serialize                       small-fixture    x3145728  bend        136.7 ns  ref       62.8 ns       2.2x
AttesterSlashing.hash_tree_root                  small-fixture    x8192     bend      43335.0 ns  ref     4563.7 ns       9.5x
AttesterSlashing.deserialize                     medium-fixture   x524288   bend        839.2 ns  ref      203.7 ns       4.1x
AttesterSlashing.serialize                       medium-fixture   x2097152  bend        196.5 ns  ref       65.6 ns       3.0x
AttesterSlashing.hash_tree_root                  medium-fixture   x8192     bend      43335.0 ns  ref     4573.1 ns       9.5x
AttesterSlashing.deserialize                     large-fixture    x524288   bend        845.0 ns  ref      209.7 ns       4.0x
AttesterSlashing.serialize                       large-fixture    x2097152  bend        193.6 ns  ref       77.0 ns       2.5x
AttesterSlashing.hash_tree_root                  large-fixture    x8192     bend      45532.2 ns  ref     4907.0 ns       9.3x
BLSPubkey.deserialize                            zero             x5000000  bend         19.2 ns  ref       33.6 ns       0.6x
BLSPubkey.serialize                              zero             x5000000  bend         45.6 ns  ref       17.1 ns       2.7x
BLSPubkey.hash_tree_root                         zero             x507904   bend        895.8 ns  ref      263.1 ns       3.4x
BLSPubkey.deserialize                            random           x5000000  bend         19.8 ns  ref       35.7 ns       0.6x
BLSPubkey.serialize                              random           x5000000  bend         45.4 ns  ref       16.9 ns       2.7x
BLSPubkey.hash_tree_root                         random           x507904   bend        933.2 ns  ref      265.0 ns       3.5x
BLSPubkey.deserialize                            saturated        x5000000  bend         22.0 ns  ref       42.1 ns       0.5x
BLSPubkey.serialize                              saturated        x4980736  bend         46.4 ns  ref       17.2 ns       2.7x
BLSPubkey.hash_tree_root                         saturated        x507904   bend        880.1 ns  ref      243.6 ns       3.6x
BLSSignature.deserialize                         zero             x5000000  bend         19.6 ns  ref       39.6 ns       0.5x
BLSSignature.serialize                           zero             x5000000  bend         62.4 ns  ref       20.5 ns       3.0x
BLSSignature.hash_tree_root                      zero             x155648   bend       2492.8 ns  ref      447.6 ns       5.6x
BLSSignature.deserialize                         random           x5000000  bend         19.2 ns  ref       38.2 ns       0.5x
BLSSignature.serialize                           random           x5000000  bend         60.2 ns  ref       20.0 ns       3.0x
BLSSignature.hash_tree_root                      random           x204800   bend       2563.5 ns  ref      559.6 ns       4.6x
BLSSignature.deserialize                         saturated        x5000000  bend         20.4 ns  ref       39.7 ns       0.5x
BLSSignature.serialize                           saturated        x5000000  bend         60.4 ns  ref       19.8 ns       3.0x
BLSSignature.hash_tree_root                      saturated        x204800   bend       2294.9 ns  ref      429.8 ns       5.3x
BLSToExecutionChange.deserialize                 small-fixture    x5000000  bend         61.6 ns  ref       18.1 ns       3.4x
BLSToExecutionChange.serialize                   small-fixture    x5000000  bend         76.6 ns  ref       19.8 ns       3.9x
BLSToExecutionChange.hash_tree_root              small-fixture    x122880   bend       3800.5 ns  ref      386.6 ns       9.8x
BLSToExecutionChange.deserialize                 medium-fixture   x5000000  bend         62.2 ns  ref       18.0 ns       3.5x
BLSToExecutionChange.serialize                   medium-fixture   x5000000  bend         76.2 ns  ref       20.2 ns       3.8x
BLSToExecutionChange.hash_tree_root              medium-fixture   x114688   bend       3923.7 ns  ref      388.3 ns      10.1x
BLSToExecutionChange.deserialize                 large-fixture    x5000000  bend         64.0 ns  ref       18.9 ns       3.4x
BLSToExecutionChange.serialize                   large-fixture    x5000000  bend         76.4 ns  ref       19.9 ns       3.8x
BLSToExecutionChange.hash_tree_root              large-fixture    x122880   bend       3841.1 ns  ref      379.6 ns      10.1x
BeaconBlock.deserialize                          small-fixture    x81920    bend       6213.4 ns  ref     3052.1 ns       2.0x
BeaconBlock.serialize                            small-fixture    x143360   bend       1855.5 ns  ref      839.3 ns       2.2x
BeaconBlock.hash_tree_root                       small-fixture    x768      bend     574218.8 ns  ref    65424.1 ns       8.8x
BeaconBlock.deserialize                          medium-fixture   x73728    bend       6659.6 ns  ref     9360.7 ns       0.7x
BeaconBlock.serialize                            medium-fixture   x139264   bend       3166.6 ns  ref     1324.2 ns       2.4x
BeaconBlock.hash_tree_root                       medium-fixture   x640      bend    1018750.0 ns  ref   102715.2 ns       9.9x
BeaconBlock.deserialize                          large-fixture    x65536    bend       7446.3 ns  ref    10378.5 ns       0.7x
BeaconBlock.serialize                            large-fixture    x131072   bend       3471.4 ns  ref     1477.4 ns       2.3x
BeaconBlock.hash_tree_root                       large-fixture    x512      bend     785156.2 ns  ref    91798.5 ns       8.6x
BeaconBlockBody.deserialize                      small-fixture    x73728    bend       6822.4 ns  ref     4938.3 ns       1.4x
BeaconBlockBody.serialize                        small-fixture    x143360   bend       1911.3 ns  ref      904.3 ns       2.1x
BeaconBlockBody.hash_tree_root                   small-fixture    x768      bend     730468.8 ns  ref    84823.4 ns       8.6x
BeaconBlockBody.deserialize                      medium-fixture   x114688   bend       4595.1 ns  ref     8055.2 ns       0.6x
BeaconBlockBody.serialize                        medium-fixture   x131072   bend       3425.6 ns  ref     1348.2 ns       2.5x
BeaconBlockBody.hash_tree_root                   medium-fixture   x640      bend     767187.5 ns  ref    89014.4 ns       8.6x
BeaconBlockBody.deserialize                      large-fixture    x32768    bend       7934.6 ns  ref    10904.9 ns       0.7x
BeaconBlockBody.serialize                        large-fixture    x131072   bend       3685.0 ns  ref     1816.5 ns       2.0x
BeaconBlockBody.hash_tree_root                   large-fixture    x512      bend     894531.2 ns  ref   108221.3 ns       8.3x
BeaconBlockHeader.deserialize                    small-fixture    x5000000  bend         63.8 ns  ref       20.4 ns       3.1x
BeaconBlockHeader.serialize                      small-fixture    x5000000  bend         66.6 ns  ref       22.2 ns       3.0x
BeaconBlockHeader.hash_tree_root                 small-fixture    x90112    bend       5016.0 ns  ref      539.9 ns       9.3x
BeaconBlockHeader.deserialize                    medium-fixture   x5000000  bend         66.4 ns  ref       21.1 ns       3.1x
BeaconBlockHeader.serialize                      medium-fixture   x5000000  bend         66.2 ns  ref       22.0 ns       3.0x
BeaconBlockHeader.hash_tree_root                 medium-fixture   x53248    bend       4469.7 ns  ref      471.4 ns       9.5x
BeaconBlockHeader.deserialize                    large-fixture    x4980736  bend         55.4 ns  ref       18.5 ns       3.0x
BeaconBlockHeader.serialize                      large-fixture    x5000000  bend         60.4 ns  ref       20.2 ns       3.0x
BeaconBlockHeader.hash_tree_root                 large-fixture    x106496   bend       5286.6 ns  ref      623.6 ns       8.5x
BeaconState.deserialize                          small-fixture    x90112    bend       4971.6 ns  ref   187028.2 ns       0.0x
BeaconState.serialize                            small-fixture    x1280     bend     370312.5 ns  ref   180964.3 ns       2.0x
BeaconState.hash_tree_root                       small-fixture    x14       bend   33500000.0 ns  ref  6702318.5 ns       5.0x
BeaconState.deserialize                          medium-fixture   x57344    bend       8021.8 ns  ref   193248.0 ns       0.0x
BeaconState.serialize                            medium-fixture   x1280     bend     371875.0 ns  ref   182039.4 ns       2.0x
BeaconState.hash_tree_root                       medium-fixture   x14       bend   33500000.0 ns  ref  6703250.0 ns       5.0x
BeaconState.deserialize                          large-fixture    x65536    bend       7888.8 ns  ref   192787.7 ns       0.0x
BeaconState.serialize                            large-fixture    x1280     bend     371093.8 ns  ref   181516.6 ns       2.0x
BeaconState.hash_tree_root                       large-fixture    x14       bend   33500000.0 ns  ref  6727006.0 ns       5.0x
Blob.deserialize                                 zero             x5000000  bend         15.6 ns  ref     6144.9 ns       0.0x
Blob.serialize                                   zero             x32768    bend      13427.7 ns  ref     4296.1 ns       3.1x
Blob.hash_tree_root                              zero             x256      bend    1558593.8 ns  ref   283956.5 ns       5.5x
