2026-09-23 05:48:10 proofs/active_slot_bound.bend exit=0 peak=1.43GB elapsed=8.9s all_terms_check=True unsafe=False killed=False heap_hint=3000000000 -> PASS
2026-09-23 05:48:10 proofs/basic_root.bend exit=0 peak=0.09GB elapsed=0.1s all_terms_check=True unsafe=False killed=False heap_hint=3000000000 -> PASS
2026-09-23 05:48:19 proofs/bit_chunk_count.bend exit=0 peak=1.09GB elapsed=9.0s all_terms_check=True unsafe=False killed=False heap_hint=3000000000 -> PASS
2026-09-23 05:48:33 proofs/bit_decode.bend exit=0 peak=0.20GB elapsed=13.9s all_terms_check=True unsafe=False killed=False heap_hint=3000000000 -> PASS
2026-09-23 05:48:48 proofs/bit_decoding.bend exit=0 peak=0.17GB elapsed=14.5s all_terms_check=True unsafe=False killed=False heap_hint=3000000000 -> PASS
2026-09-23 05:48:59 proofs/bit_delimiter.bend exit=0 peak=1.07GB elapsed=10.9s all_terms_check=True unsafe=False killed=False heap_hint=3000000000 -> PASS
2026-09-23 05:49:00 proofs/bit_inverse.bend exit=0 peak=0.17GB elapsed=1.2s all_terms_check=True unsafe=False killed=False heap_hint=3000000000 -> PASS
2026-09-23 05:49:22 proofs/bit_list_canonical.bend exit=0 peak=1.16GB elapsed=22.0s all_terms_check=True unsafe=False killed=False heap_hint=3000000000 -> PASS
2026-09-23 05:49:45 proofs/bit_list_codec.bend exit=0 peak=1.15GB elapsed=22.9s all_terms_check=True unsafe=False killed=False heap_hint=3000000000 -> PASS
2026-09-23 05:49:47 proofs/bit_list_inverse.bend exit=0 peak=0.18GB elapsed=1.3s all_terms_check=True unsafe=False killed=False heap_hint=3000000000 -> PASS
2026-09-23 05:50:12 proofs/bit_list_root.bend exit=0 peak=1.33GB elapsed=24.9s all_terms_check=True unsafe=False killed=False heap_hint=3000000000 -> PASS
2026-09-23 05:50:12 proofs/bit_packing.bend exit=0 peak=0.15GB elapsed=0.5s all_terms_check=True unsafe=False killed=False heap_hint=3000000000 -> PASS
2026-09-23 05:50:22 proofs/bit_padding.bend exit=0 peak=1.12GB elapsed=9.7s all_terms_check=True unsafe=False killed=False heap_hint=3000000000 -> PASS
2026-09-23 05:50:31 proofs/bit_padding_pack.bend exit=0 peak=1.08GB elapsed=9.4s all_terms_check=True unsafe=False killed=False heap_hint=3000000000 -> PASS
2026-09-23 05:50:55 proofs/bit_root.bend exit=0 peak=1.30GB elapsed=24.0s all_terms_check=True unsafe=False killed=False heap_hint=3000000000 -> PASS
2026-09-23 05:50:56 proofs/bit_take_unique.bend exit=0 peak=0.08GB elapsed=0.1s all_terms_check=True unsafe=False killed=False heap_hint=3000000000 -> PASS
2026-09-23 05:51:12 proofs/bit_vector_canonical.bend exit=0 peak=0.20GB elapsed=16.3s all_terms_check=True unsafe=False killed=False heap_hint=3000000000 -> PASS
2026-09-23 05:51:29 proofs/bit_vector_inverse.bend exit=0 peak=0.18GB elapsed=16.6s all_terms_check=True unsafe=False killed=False heap_hint=3000000000 -> PASS
2026-09-23 05:51:29 proofs/bitfields.bend exit=0 peak=0.17GB elapsed=0.7s all_terms_check=True unsafe=False killed=False heap_hint=3000000000 -> PASS
2026-09-23 05:51:29 proofs/boolean_canonical.bend exit=0 peak=0.06GB elapsed=0.1s all_terms_check=True unsafe=False killed=False heap_hint=3000000000 -> PASS
2026-09-23 05:51:30 proofs/byte_arithmetic.bend exit=0 peak=0.14GB elapsed=0.2s all_terms_check=True unsafe=False killed=False heap_hint=3000000000 -> PASS
2026-09-23 05:51:56 proofs/byte_list.bend exit=0 peak=1.35GB elapsed=25.9s all_terms_check=True unsafe=False killed=False heap_hint=3000000000 -> PASS
2026-09-23 05:52:07 proofs/byte_root.bend exit=0 peak=1.16GB elapsed=11.0s all_terms_check=True unsafe=False killed=False heap_hint=3000000000 -> PASS
2026-09-23 05:52:07 proofs/bytes.bend exit=0 peak=0.12GB elapsed=0.2s all_terms_check=True unsafe=False killed=False heap_hint=3000000000 -> PASS
2026-09-23 05:52:17 proofs/cached_tree.bend exit=0 peak=1.10GB elapsed=10.2s all_terms_check=True unsafe=False killed=False heap_hint=3000000000 -> PASS
2026-09-23 05:52:27 proofs/codec_accumulator.bend exit=0 peak=1.27GB elapsed=9.6s all_terms_check=True unsafe=False killed=False heap_hint=3000000000 -> PASS
2026-09-23 05:52:56 proofs/codec_composition.bend exit=0 peak=1.56GB elapsed=28.9s all_terms_check=True unsafe=False killed=False heap_hint=3000000000 -> PASS
2026-09-23 05:53:05 proofs/codec_count.bend exit=0 peak=1.26GB elapsed=9.4s all_terms_check=True unsafe=False killed=False heap_hint=3000000000 -> PASS
2026-09-23 05:53:30 proofs/codec_helpers.bend exit=0 peak=1.36GB elapsed=24.3s all_terms_check=True unsafe=False killed=False heap_hint=3000000000 -> PASS
2026-09-23 05:53:30 proofs/codec_inverse.bend exit=0 peak=0.17GB elapsed=0.5s all_terms_check=True unsafe=False killed=False heap_hint=3000000000 -> PASS
2026-09-23 05:53:54 proofs/codec_leaves.bend exit=0 peak=1.38GB elapsed=23.1s all_terms_check=True unsafe=False killed=False heap_hint=3000000000 -> PASS
2026-09-23 05:53:54 proofs/codec_shape.bend exit=0 peak=0.12GB elapsed=0.2s all_terms_check=True unsafe=False killed=False heap_hint=3000000000 -> PASS
2026-09-23 05:53:55 proofs/compact/arith.bend exit=0 peak=0.15GB elapsed=0.9s all_terms_check=True unsafe=False killed=False heap_hint=3000000000 -> PASS
2026-09-23 05:53:56 proofs/compact/bits.bend exit=0 peak=0.39GB elapsed=1.0s all_terms_check=True unsafe=False killed=False heap_hint=3000000000 -> PASS
2026-09-23 05:53:58 proofs/compact/buf.bend exit=0 peak=0.41GB elapsed=1.7s all_terms_check=True unsafe=False killed=False heap_hint=3000000000 -> PASS
2026-09-23 05:53:59 proofs/compact/found.bend exit=0 peak=0.17GB elapsed=0.9s all_terms_check=True unsafe=False killed=False heap_hint=3000000000 -> PASS
2026-09-23 05:54:00 proofs/compact/reads.bend exit=0 peak=0.37GB elapsed=1.1s all_terms_check=True unsafe=False killed=False heap_hint=3000000000 -> PASS
2026-09-23 05:54:00 proofs/compatibility_bounded.bend exit=0 peak=0.35GB elapsed=0.5s all_terms_check=True unsafe=False killed=False heap_hint=3000000000 -> PASS
2026-09-23 05:54:01 proofs/compatibility_choice.bend exit=0 peak=0.11GB elapsed=0.2s all_terms_check=True unsafe=False killed=False heap_hint=3000000000 -> PASS
2026-09-23 05:54:26 proofs/compatibility_complete.bend exit=0 peak=2.30GB elapsed=25.5s all_terms_check=True unsafe=False killed=False heap_hint=3000000000 -> PASS
2026-09-23 05:54:26 proofs/compatibility_derivation.bend exit=0 peak=0.12GB elapsed=0.2s all_terms_check=True unsafe=False killed=False heap_hint=3000000000 -> PASS
2026-09-23 05:54:27 proofs/compatibility_equations.bend exit=0 peak=0.45GB elapsed=0.7s all_terms_check=True unsafe=False killed=False heap_hint=3000000000 -> PASS
2026-09-23 05:55:10 proofs/compatibility_equivalence.bend exit=0 peak=3.03GB elapsed=42.4s all_terms_check=True unsafe=False killed=False heap_hint=3000000000 -> PASS
2026-09-23 05:55:41 proofs/compatibility_finite.bend exit=0 peak=2.15GB elapsed=31.1s all_terms_check=True unsafe=False killed=False heap_hint=3000000000 -> PASS
2026-09-23 05:56:08 proofs/compatibility_finite_identity.bend exit=0 peak=2.26GB elapsed=27.0s all_terms_check=True unsafe=False killed=False heap_hint=3000000000 -> PASS
2026-09-23 05:56:18 proofs/compatibility_identity.bend exit=0 peak=1.46GB elapsed=9.5s all_terms_check=True unsafe=False killed=False heap_hint=3000000000 -> PASS
2026-09-23 05:56:28 proofs/compatibility_measure.bend exit=0 peak=1.31GB elapsed=10.2s all_terms_check=True unsafe=False killed=False heap_hint=3000000000 -> PASS
2026-09-23 05:56:31 proofs/compatibility_monotone.bend exit=0 peak=0.90GB elapsed=2.8s all_terms_check=True unsafe=False killed=False heap_hint=3000000000 -> PASS
2026-09-23 05:56:34 proofs/compatibility_named.bend exit=0 peak=0.93GB elapsed=2.8s all_terms_check=True unsafe=False killed=False heap_hint=3000000000 -> PASS
2026-09-23 05:56:34 proofs/compatibility_positions.bend exit=0 peak=0.35GB elapsed=0.6s all_terms_check=True unsafe=False killed=False heap_hint=3000000000 -> PASS
2026-09-23 05:57:29 proofs/compatibility_public_budget.bend exit=0 peak=3.09GB elapsed=54.3s all_terms_check=True unsafe=False killed=False heap_hint=3000000000 -> PASS
2026-09-23 05:57:57 proofs/compatibility_rank.bend exit=0 peak=1.45GB elapsed=27.9s all_terms_check=True unsafe=False killed=False heap_hint=3000000000 -> PASS
2026-09-23 05:58:07 proofs/compatibility_slot_shape.bend exit=0 peak=1.28GB elapsed=10.4s all_terms_check=True unsafe=False killed=False heap_hint=3000000000 -> PASS
2026-09-23 05:58:29 proofs/compatibility_soundness.bend exit=0 peak=2.33GB elapsed=21.4s all_terms_check=True unsafe=False killed=False heap_hint=3000000000 -> PASS
2026-09-23 05:59:04 proofs/compatibility_stability.bend exit=0 peak=2.85GB elapsed=35.3s all_terms_check=True unsafe=False killed=False heap_hint=3000000000 -> PASS
2026-09-23 05:59:29 proofs/complete_decode.bend exit=0 peak=1.83GB elapsed=24.9s all_terms_check=True unsafe=False killed=False heap_hint=3000000000 -> PASS
2026-09-23 05:59:54 proofs/complete_leaves.bend exit=0 peak=1.49GB elapsed=24.8s all_terms_check=True unsafe=False killed=False heap_hint=3000000000 -> PASS
2026-09-23 06:00:19 proofs/complete_regions.bend exit=0 peak=1.65GB elapsed=24.5s all_terms_check=True unsafe=False killed=False heap_hint=3000000000 -> PASS
2026-09-23 06:00:43 proofs/complete_step.bend exit=0 peak=1.74GB elapsed=24.6s all_terms_check=True unsafe=False killed=False heap_hint=3000000000 -> PASS
2026-09-23 06:01:08 proofs/complete_walk.bend exit=0 peak=1.83GB elapsed=24.7s all_terms_check=True unsafe=False killed=False heap_hint=3000000000 -> PASS
2026-09-23 06:01:32 proofs/cursor_cases.bend exit=0 peak=1.50GB elapsed=23.8s all_terms_check=True unsafe=False killed=False heap_hint=3000000000 -> PASS
2026-09-23 06:01:56 proofs/cursor_leaves.bend exit=0 peak=1.42GB elapsed=23.9s all_terms_check=True unsafe=False killed=False heap_hint=3000000000 -> PASS
2026-09-23 06:02:22 proofs/cursor_legal.bend exit=0 peak=1.75GB elapsed=25.6s all_terms_check=True unsafe=False killed=False heap_hint=3000000000 -> PASS
2026-09-23 06:02:47 proofs/cursor_sound.bend exit=0 peak=1.56GB elapsed=25.6s all_terms_check=True unsafe=False killed=False heap_hint=3000000000 -> PASS
2026-09-23 06:03:12 proofs/cursor_walk.bend exit=0 peak=1.62GB elapsed=24.4s all_terms_check=True unsafe=False killed=False heap_hint=3000000000 -> PASS
2026-09-23 06:03:21 proofs/cvalue_chain.bend exit=0 peak=1.38GB elapsed=9.2s all_terms_check=True unsafe=False killed=False heap_hint=3000000000 -> PASS
2026-09-23 06:03:21 proofs/decode_budget.bend exit=0 peak=0.00GB elapsed=0.1s all_terms_check=True unsafe=False killed=False heap_hint=3000000000 -> PASS
2026-09-23 06:03:52 proofs/decode_canonical.bend exit=0 peak=2.84GB elapsed=30.7s all_terms_check=True unsafe=False killed=False heap_hint=3000000000 -> PASS
2026-09-23 06:05:12 proofs/decode_complete.bend exit=0 peak=3.65GB elapsed=79.7s all_terms_check=True unsafe=False killed=False heap_hint=3000000000 -> PASS
2026-09-23 06:05:12 proofs/decode_congruence.bend exit=0 peak=0.00GB elapsed=0.1s all_terms_check=True unsafe=False killed=False heap_hint=3000000000 -> PASS
2026-09-23 06:05:12 proofs/decode_count_bound.bend exit=0 peak=0.00GB elapsed=0.1s all_terms_check=True unsafe=False killed=False heap_hint=3000000000 -> PASS
2026-09-23 06:05:36 proofs/decode_facts.bend exit=0 peak=1.45GB elapsed=23.5s all_terms_check=True unsafe=False killed=False heap_hint=3000000000 -> PASS
2026-09-23 06:05:36 proofs/decode_goal.bend exit=0 peak=0.00GB elapsed=0.1s all_terms_check=True unsafe=False killed=False heap_hint=3000000000 -> PASS
2026-09-23 06:06:18 proofs/decode_image.bend exit=0 peak=3.11GB elapsed=42.4s all_terms_check=True unsafe=False killed=False heap_hint=3000000000 -> PASS
2026-09-23 06:06:18 proofs/decode_inputs.bend exit=0 peak=0.00GB elapsed=0.1s all_terms_check=True unsafe=False killed=False heap_hint=3000000000 -> PASS
2026-09-23 06:06:18 proofs/decode_inverse.bend exit=0 peak=0.00GB elapsed=0.1s all_terms_check=True unsafe=False killed=False heap_hint=3000000000 -> PASS
2026-09-23 06:06:19 proofs/decode_layout_bound.bend exit=0 peak=0.00GB elapsed=0.1s all_terms_check=True unsafe=False killed=False heap_hint=3000000000 -> PASS
2026-09-23 06:06:19 proofs/decode_monotone.bend exit=0 peak=0.00GB elapsed=0.1s all_terms_check=True unsafe=False killed=False heap_hint=3000000000 -> PASS
2026-09-23 06:06:41 proofs/decode_rank.bend exit=0 peak=1.36GB elapsed=22.6s all_terms_check=True unsafe=False killed=False heap_hint=3000000000 -> PASS
2026-09-23 06:06:51 proofs/decode_selection_bound.bend exit=0 peak=1.31GB elapsed=9.2s all_terms_check=True unsafe=False killed=False heap_hint=3000000000 -> PASS
2026-09-23 06:07:17 proofs/decode_shape.bend exit=0 peak=1.58GB elapsed=26.0s all_terms_check=True unsafe=False killed=False heap_hint=3000000000 -> PASS
2026-09-23 06:07:48 proofs/decode_soundness.bend exit=0 peak=2.94GB elapsed=30.9s all_terms_check=True unsafe=False killed=False heap_hint=3000000000 -> PASS
2026-09-23 06:07:48 proofs/decode_stability.bend exit=0 peak=0.00GB elapsed=0.1s all_terms_check=True unsafe=False killed=False heap_hint=3000000000 -> PASS
2026-09-23 06:08:19 proofs/decode_top.bend exit=0 peak=2.94GB elapsed=31.2s all_terms_check=True unsafe=False killed=False heap_hint=3000000000 -> PASS
2026-09-23 06:08:43 proofs/division.bend exit=0 peak=1.17GB elapsed=23.4s all_terms_check=True unsafe=False killed=False heap_hint=3000000000 -> PASS
2026-09-23 06:08:43 proofs/encoding_complete.bend exit=0 peak=0.20GB elapsed=0.7s all_terms_check=True unsafe=False killed=False heap_hint=3000000000 -> PASS
2026-09-23 06:09:12 proofs/encoding_domain.bend exit=0 peak=2.35GB elapsed=28.1s all_terms_check=True unsafe=False killed=False heap_hint=3000000000 -> PASS
2026-09-23 06:09:12 proofs/exact_division.bend exit=0 peak=0.12GB elapsed=0.2s all_terms_check=True unsafe=False killed=False heap_hint=3000000000 -> PASS
2026-09-23 06:09:22 proofs/fulu_adapter_complete.bend exit=0 peak=1.29GB elapsed=10.4s all_terms_check=True unsafe=False killed=False heap_hint=3000000000 -> PASS
2026-09-23 06:09:32 proofs/fulu_adapter_inverse.bend exit=0 peak=1.38GB elapsed=9.5s all_terms_check=True unsafe=False killed=False heap_hint=3000000000 -> PASS
2026-09-23 06:09:42 proofs/fulu_adapter_preservation.bend exit=0 peak=1.31GB elapsed=10.1s all_terms_check=True unsafe=False killed=False heap_hint=3000000000 -> PASS
2026-09-23 06:09:52 proofs/fulu_byte_inventory.bend exit=0 peak=1.16GB elapsed=9.8s all_terms_check=True unsafe=False killed=False heap_hint=3000000000 -> PASS
2026-09-23 06:10:02 proofs/fulu_bytes.bend exit=0 peak=1.18GB elapsed=9.9s all_terms_check=True unsafe=False killed=False heap_hint=3000000000 -> PASS
2026-09-23 06:10:12 proofs/fulu_legality.bend exit=0 peak=1.43GB elapsed=10.1s all_terms_check=True unsafe=False killed=False heap_hint=3000000000 -> PASS
2026-09-23 06:10:36 proofs/fulu_list_inventory.bend exit=0 peak=1.31GB elapsed=24.1s all_terms_check=True unsafe=False killed=False heap_hint=3000000000 -> PASS
2026-09-23 06:10:47 proofs/fulu_named.bend exit=0 peak=1.65GB elapsed=11.0s all_terms_check=True unsafe=False killed=False heap_hint=3000000000 -> PASS
2026-09-23 06:10:48 proofs/fulu_primitives.bend exit=0 peak=0.19GB elapsed=0.8s all_terms_check=True unsafe=False killed=False heap_hint=3000000000 -> PASS
2026-09-23 06:11:14 proofs/fulu_serialization_inventory.bend exit=0 peak=1.71GB elapsed=25.9s all_terms_check=True unsafe=False killed=False heap_hint=3000000000 -> PASS
2026-09-23 06:11:37 proofs/identity_decision.bend exit=0 peak=1.69GB elapsed=22.7s all_terms_check=True unsafe=False killed=False heap_hint=3000000000 -> PASS
2026-09-23 06:11:47 proofs/identity_equivalence.bend exit=0 peak=1.35GB elapsed=9.6s all_terms_check=True unsafe=False killed=False heap_hint=3000000000 -> PASS
2026-09-23 06:11:56 proofs/identity_legality.bend exit=0 peak=1.35GB elapsed=9.5s all_terms_check=True unsafe=False killed=False heap_hint=3000000000 -> PASS
2026-09-23 06:11:56 proofs/identity_logic.bend exit=0 peak=0.07GB elapsed=0.1s all_terms_check=True unsafe=False killed=False heap_hint=3000000000 -> PASS
2026-09-23 06:12:12 proofs/identity_normalization.bend exit=0 peak=0.29GB elapsed=15.8s all_terms_check=True unsafe=False killed=False heap_hint=3000000000 -> PASS
2026-09-23 06:12:23 proofs/identity_total.bend exit=0 peak=1.34GB elapsed=10.5s all_terms_check=True unsafe=False killed=False heap_hint=3000000000 -> PASS
2026-09-23 06:12:23 proofs/identity_unsigned.bend exit=0 peak=0.08GB elapsed=0.1s all_terms_check=True unsafe=False killed=False heap_hint=3000000000 -> PASS
2026-09-23 06:12:23 proofs/integer_decoding.bend exit=0 peak=0.15GB elapsed=0.3s all_terms_check=True unsafe=False killed=False heap_hint=3000000000 -> PASS
2026-09-23 06:12:24 proofs/integer_encoding.bend exit=0 peak=0.14GB elapsed=0.2s all_terms_check=True unsafe=False killed=False heap_hint=3000000000 -> PASS
2026-09-23 06:12:48 proofs/layout.bend exit=0 peak=1.13GB elapsed=24.1s all_terms_check=True unsafe=False killed=False heap_hint=3000000000 -> PASS
2026-09-23 06:13:12 proofs/layout_bounds.bend exit=0 peak=1.15GB elapsed=24.2s all_terms_check=True unsafe=False killed=False heap_hint=3000000000 -> PASS
2026-09-23 06:13:36 proofs/layout_counts.bend exit=0 peak=1.16GB elapsed=24.1s all_terms_check=True unsafe=False killed=False heap_hint=3000000000 -> PASS
2026-09-23 06:13:46 proofs/layout_extents.bend exit=0 peak=1.11GB elapsed=9.6s all_terms_check=True unsafe=False killed=False heap_hint=3000000000 -> PASS
2026-09-23 06:14:12 proofs/layout_headers.bend exit=0 peak=1.15GB elapsed=25.6s all_terms_check=True unsafe=False killed=False heap_hint=3000000000 -> PASS
2026-09-23 06:14:37 proofs/layout_image.bend exit=0 peak=1.19GB elapsed=25.5s all_terms_check=True unsafe=False killed=False heap_hint=3000000000 -> PASS
2026-09-23 06:15:00 proofs/layout_image_extents.bend exit=0 peak=1.18GB elapsed=23.0s all_terms_check=True unsafe=False killed=False heap_hint=3000000000 -> PASS
2026-09-23 06:15:23 proofs/layout_image_headers.bend exit=0 peak=1.07GB elapsed=22.7s all_terms_check=True unsafe=False killed=False heap_hint=3000000000 -> PASS
2026-09-23 06:15:46 proofs/layout_offset_value.bend exit=0 peak=1.21GB elapsed=22.9s all_terms_check=True unsafe=False killed=False heap_hint=3000000000 -> PASS
2026-09-23 06:15:55 proofs/layout_slices.bend exit=0 peak=1.06GB elapsed=9.2s all_terms_check=True unsafe=False killed=False heap_hint=3000000000 -> PASS
2026-09-23 06:16:23 proofs/leaf_sizes.bend exit=0 peak=1.20GB elapsed=27.9s all_terms_check=True unsafe=False killed=False heap_hint=3000000000 -> PASS
2026-09-23 06:16:33 proofs/limits.bend exit=0 peak=1.17GB elapsed=9.9s all_terms_check=True unsafe=False killed=False heap_hint=3000000000 -> PASS
2026-09-23 06:16:34 proofs/lists.bend exit=0 peak=0.09GB elapsed=0.1s all_terms_check=True unsafe=False killed=False heap_hint=3000000000 -> PASS
2026-09-23 06:16:44 proofs/merkle.bend exit=0 peak=1.14GB elapsed=10.2s all_terms_check=True unsafe=False killed=False heap_hint=3000000000 -> PASS
2026-09-23 06:16:44 proofs/metadata_reflection.bend exit=0 peak=0.08GB elapsed=0.1s all_terms_check=True unsafe=False killed=False heap_hint=3000000000 -> PASS
2026-09-23 06:16:54 proofs/mixing.bend exit=0 peak=1.16GB elapsed=9.6s all_terms_check=True unsafe=False killed=False heap_hint=3000000000 -> PASS
2026-09-23 06:17:17 proofs/nat_algebra.bend exit=0 peak=1.16GB elapsed=22.8s all_terms_check=True unsafe=False killed=False heap_hint=3000000000 -> PASS
2026-09-23 06:17:40 proofs/nat_bytes.bend exit=0 peak=1.20GB elapsed=23.0s all_terms_check=True unsafe=False killed=False heap_hint=3000000000 -> PASS
2026-09-23 06:17:49 proofs/nat_order.bend exit=0 peak=1.07GB elapsed=9.5s all_terms_check=True unsafe=False killed=False heap_hint=3000000000 -> PASS
2026-09-23 06:18:18 proofs/normative_encoding.bend exit=0 peak=1.53GB elapsed=28.4s all_terms_check=True unsafe=False killed=False heap_hint=3000000000 -> PASS
2026-09-23 06:18:20 proofs/obj/cache.bend exit=0 peak=1.29GB elapsed=2.5s all_terms_check=True unsafe=False killed=False heap_hint=3000000000 -> PASS
2026-09-23 06:18:23 proofs/obj/codec_0.bend exit=0 peak=1.70GB elapsed=2.8s all_terms_check=True unsafe=False killed=False heap_hint=3000000000 -> PASS
2026-09-23 06:18:26 proofs/obj/codec_1.bend exit=0 peak=1.48GB elapsed=3.2s all_terms_check=True unsafe=False killed=False heap_hint=3000000000 -> PASS
2026-09-23 06:18:30 proofs/obj/codec_2.bend exit=0 peak=1.46GB elapsed=3.4s all_terms_check=True unsafe=False killed=False heap_hint=3000000000 -> PASS
2026-09-23 06:18:35 proofs/obj/codec_3.bend exit=0 peak=1.45GB elapsed=4.9s all_terms_check=True unsafe=False killed=False heap_hint=3000000000 -> PASS
2026-09-23 06:18:39 proofs/obj/codec_4.bend exit=0 peak=1.43GB elapsed=3.8s all_terms_check=True unsafe=False killed=False heap_hint=3000000000 -> PASS
2026-09-23 06:18:41 proofs/obj/codec_5.bend exit=0 peak=1.68GB elapsed=2.5s all_terms_check=True unsafe=False killed=False heap_hint=3000000000 -> PASS
2026-09-23 06:18:43 proofs/obj/collections_0.bend exit=0 peak=1.31GB elapsed=1.7s all_terms_check=True unsafe=False killed=False heap_hint=3000000000 -> PASS
2026-09-23 06:18:45 proofs/obj/collections_1.bend exit=0 peak=1.33GB elapsed=1.7s all_terms_check=True unsafe=False killed=False heap_hint=3000000000 -> PASS
2026-09-23 06:18:46 proofs/obj/cost.bend exit=0 peak=0.15GB elapsed=0.9s all_terms_check=True unsafe=False killed=False heap_hint=3000000000 -> PASS
2026-09-23 06:18:48 proofs/obj/fields_0.bend exit=0 peak=1.32GB elapsed=1.7s all_terms_check=True unsafe=False killed=False heap_hint=3000000000 -> PASS
2026-09-23 06:18:49 proofs/obj/fields_1.bend exit=0 peak=1.30GB elapsed=1.8s all_terms_check=True unsafe=False killed=False heap_hint=3000000000 -> PASS
2026-09-23 06:18:51 proofs/obj/fields_2.bend exit=0 peak=1.30GB elapsed=1.7s all_terms_check=True unsafe=False killed=False heap_hint=3000000000 -> PASS
2026-09-23 06:18:53 proofs/obj/fields_3.bend exit=0 peak=1.33GB elapsed=1.8s all_terms_check=True unsafe=False killed=False heap_hint=3000000000 -> PASS
2026-09-23 06:18:55 proofs/obj/fields_4.bend exit=0 peak=1.32GB elapsed=1.7s all_terms_check=True unsafe=False killed=False heap_hint=3000000000 -> PASS
2026-09-23 06:18:57 proofs/obj/fields_5.bend exit=0 peak=1.28GB elapsed=1.8s all_terms_check=True unsafe=False killed=False heap_hint=3000000000 -> PASS
2026-09-23 06:18:59 proofs/obj/fields_6.bend exit=0 peak=1.32GB elapsed=1.8s all_terms_check=True unsafe=False killed=False heap_hint=3000000000 -> PASS
2026-09-23 06:19:01 proofs/obj/gcodec_0.bend exit=0 peak=1.62GB elapsed=2.2s all_terms_check=True unsafe=False killed=False heap_hint=3000000000 -> PASS
2026-09-23 06:19:10 proofs/obj/load.bend exit=0 peak=0.88GB elapsed=9.3s all_terms_check=True unsafe=False killed=False heap_hint=3000000000 -> PASS
2026-09-23 06:19:11 proofs/obj/repr.bend exit=0 peak=0.15GB elapsed=0.9s all_terms_check=True unsafe=False killed=False heap_hint=3000000000 -> PASS
2026-09-23 06:19:14 proofs/obj/seq_elem.bend exit=0 peak=1.36GB elapsed=2.4s all_terms_check=True unsafe=False killed=False heap_hint=3000000000 -> PASS
2026-09-23 06:19:16 proofs/obj/serialize_0.bend exit=0 peak=1.41GB elapsed=1.9s all_terms_check=True unsafe=False killed=False heap_hint=3000000000 -> PASS
2026-09-23 06:19:18 proofs/obj/serialize_1.bend exit=0 peak=1.40GB elapsed=1.9s all_terms_check=True unsafe=False killed=False heap_hint=3000000000 -> PASS
2026-09-23 06:19:19 proofs/obj/serialize_2.bend exit=0 peak=1.26GB elapsed=1.8s all_terms_check=True unsafe=False killed=False heap_hint=3000000000 -> PASS
2026-09-23 06:19:20 proofs/obj/sha_bridge.bend exit=0 peak=0.12GB elapsed=0.2s all_terms_check=True unsafe=False killed=False heap_hint=3000000000 -> PASS
2026-09-23 06:19:22 proofs/obj/spec_bits.bend exit=0 peak=0.43GB elapsed=1.8s all_terms_check=True unsafe=False killed=False heap_hint=3000000000 -> PASS
2026-09-23 06:19:29 proofs/obj/spec_codec_0.bend exit=0 peak=1.73GB elapsed=7.2s all_terms_check=True unsafe=False killed=False heap_hint=3000000000 -> PASS
2026-09-23 06:19:40 proofs/obj/spec_codec_1.bend exit=0 peak=2.13GB elapsed=11.1s all_terms_check=True unsafe=False killed=False heap_hint=3000000000 -> PASS
2026-09-23 06:20:23 proofs/obj/spec_codec_2.bend exit=0 peak=2.55GB elapsed=42.8s all_terms_check=True unsafe=False killed=False heap_hint=3000000000 -> PASS
2026-09-23 06:21:08 proofs/obj/spec_codec_3.bend exit=0 peak=2.87GB elapsed=45.1s all_terms_check=True unsafe=False killed=False heap_hint=3000000000 -> PASS
2026-09-23 06:22:02 proofs/obj/spec_codec_4.bend exit=0 peak=2.85GB elapsed=53.6s all_terms_check=True unsafe=False killed=False heap_hint=3000000000 -> PASS
2026-09-23 06:22:17 proofs/obj/spec_codec_5.bend exit=0 peak=2.05GB elapsed=15.2s all_terms_check=True unsafe=False killed=False heap_hint=3000000000 -> PASS
2026-09-23 06:23:08 proofs/obj/spec_codec_6.bend exit=0 peak=2.89GB elapsed=50.6s all_terms_check=True unsafe=False killed=False heap_hint=3000000000 -> PASS
2026-09-23 06:23:09 proofs/obj/spec_fixed.bend exit=0 peak=0.38GB elapsed=1.3s all_terms_check=True unsafe=False killed=False heap_hint=3000000000 -> PASS
2026-09-23 06:23:24 proofs/obj/spec_input_0.bend exit=0 peak=2.52GB elapsed=15.1s all_terms_check=True unsafe=False killed=False heap_hint=3000000000 -> PASS
2026-09-23 06:23:51 proofs/obj/spec_input_1.bend exit=0 peak=2.95GB elapsed=26.3s all_terms_check=True unsafe=False killed=False heap_hint=3000000000 -> PASS
2026-09-23 06:25:40 proofs/obj/spec_input_2.bend exit=0 peak=2.97GB elapsed=109.7s all_terms_check=True unsafe=False killed=False heap_hint=3000000000 -> PASS
2026-09-23 06:28:01 proofs/obj/spec_input_3.bend exit=0 peak=3.20GB elapsed=140.4s all_terms_check=True unsafe=False killed=False heap_hint=3000000000 -> PASS
2026-09-23 06:29:56 proofs/obj/spec_input_4.bend exit=0 peak=3.22GB elapsed=115.1s all_terms_check=True unsafe=False killed=False heap_hint=3000000000 -> PASS
2026-09-23 06:30:49 proofs/obj/spec_input_5.bend exit=0 peak=2.95GB elapsed=52.4s all_terms_check=True unsafe=False killed=False heap_hint=3000000000 -> PASS
2026-09-23 06:33:47 proofs/obj/spec_input_6.bend exit=0 peak=3.09GB elapsed=178.0s all_terms_check=True unsafe=False killed=False heap_hint=3000000000 -> PASS
2026-09-23 06:33:55 proofs/obj/spec_repr_0.bend exit=0 peak=1.64GB elapsed=8.1s all_terms_check=True unsafe=False killed=False heap_hint=3000000000 -> PASS
2026-09-23 06:34:06 proofs/obj/spec_repr_1.bend exit=0 peak=1.98GB elapsed=11.2s all_terms_check=True unsafe=False killed=False heap_hint=3000000000 -> PASS
2026-09-23 06:34:46 proofs/obj/spec_repr_2.bend exit=0 peak=2.48GB elapsed=39.6s all_terms_check=True unsafe=False killed=False heap_hint=3000000000 -> PASS
2026-09-23 06:35:43 proofs/obj/spec_repr_3.bend exit=0 peak=2.91GB elapsed=57.0s all_terms_check=True unsafe=False killed=False heap_hint=3000000000 -> PASS
2026-09-23 06:39:10 proofs/obj/spec_repr_4.bend exit=0 peak=2.94GB elapsed=206.6s all_terms_check=True unsafe=False killed=False heap_hint=3000000000 -> PASS
2026-09-23 06:39:26 proofs/obj/spec_repr_5.bend exit=0 peak=2.10GB elapsed=16.6s all_terms_check=True unsafe=False killed=False heap_hint=3000000000 -> PASS
2026-09-23 07:00:57 proofs/obj/spec_repr_6.bend exit=0 peak=2.96GB elapsed=1290.9s all_terms_check=True unsafe=False killed=False heap_hint=3000000000 -> PASS
2026-09-23 07:02:19 proofs/obj/spec_repr_small.bend exit=0 peak=2.06GB elapsed=81.3s all_terms_check=True unsafe=False killed=False heap_hint=3000000000 -> PASS
2026-09-23 07:03:53 proofs/obj/spec_small.bend exit=0 peak=2.49GB elapsed=94.4s all_terms_check=True unsafe=False killed=False heap_hint=3000000000 -> PASS
2026-09-23 07:16:46 proofs/obj/spec_unique_0.bend exit=0 peak=5.18GB elapsed=773.1s all_terms_check=True unsafe=False killed=False heap_hint=3000000000 -> PASS
2026-09-23 07:29:50 proofs/obj/spec_unique_1.bend exit=0 peak=5.28GB elapsed=783.5s all_terms_check=True unsafe=False killed=False heap_hint=3000000000 -> PASS
2026-09-23 07:40:08 proofs/obj/spec_unique_small.bend exit=0 peak=5.02GB elapsed=617.8s all_terms_check=True unsafe=False killed=False heap_hint=3000000000 -> PASS
2026-09-23 07:40:33 proofs/offset_digits.bend exit=0 peak=1.18GB elapsed=25.3s all_terms_check=True unsafe=False killed=False heap_hint=3000000000 -> PASS
2026-09-23 07:40:34 proofs/packed.bend exit=0 peak=0.22GB elapsed=0.4s all_terms_check=True unsafe=False killed=False heap_hint=3000000000 -> PASS
2026-09-23 07:41:00 proofs/packed_domain.bend exit=0 peak=2.32GB elapsed=26.8s all_terms_check=True unsafe=False killed=False heap_hint=3000000000 -> PASS
2026-09-23 07:41:28 proofs/packed_pack.bend exit=0 peak=2.15GB elapsed=27.2s all_terms_check=True unsafe=False killed=False heap_hint=3000000000 -> PASS
2026-09-23 07:41:55 proofs/packed_pack_acc.bend exit=0 peak=2.42GB elapsed=27.2s all_terms_check=True unsafe=False killed=False heap_hint=3000000000 -> PASS
2026-09-23 07:41:55 proofs/packing.bend exit=0 peak=0.12GB elapsed=0.2s all_terms_check=True unsafe=False killed=False heap_hint=3000000000 -> PASS
2026-09-23 07:42:18 proofs/parts_algebra.bend exit=0 peak=1.16GB elapsed=23.0s all_terms_check=True unsafe=False killed=False heap_hint=3000000000 -> PASS
2026-09-23 07:42:18 proofs/power_division.bend exit=0 peak=0.08GB elapsed=0.1s all_terms_check=True unsafe=False killed=False heap_hint=3000000000 -> PASS
2026-09-23 07:42:19 proofs/prefix.bend exit=0 peak=0.08GB elapsed=0.1s all_terms_check=True unsafe=False killed=False heap_hint=3000000000 -> PASS
2026-09-23 07:42:19 proofs/primitive_invariants.bend exit=0 peak=0.08GB elapsed=0.1s all_terms_check=True unsafe=False killed=False heap_hint=3000000000 -> PASS
2026-09-23 07:42:19 proofs/primitives.bend exit=0 peak=0.07GB elapsed=0.1s all_terms_check=True unsafe=False killed=False heap_hint=3000000000 -> PASS
2026-09-23 07:42:29 proofs/progressive.bend exit=0 peak=1.20GB elapsed=10.3s all_terms_check=True unsafe=False killed=False heap_hint=3000000000 -> PASS
2026-09-23 07:42:30 proofs/representation_erasure.bend exit=0 peak=0.08GB elapsed=0.1s all_terms_check=True unsafe=False killed=False heap_hint=3000000000 -> PASS
2026-09-23 07:43:00 proofs/root_complete.bend exit=0 peak=2.27GB elapsed=30.3s all_terms_check=True unsafe=False killed=False heap_hint=3000000000 -> PASS
2026-09-23 07:43:25 proofs/root_complete_steps.bend exit=0 peak=1.51GB elapsed=25.4s all_terms_check=True unsafe=False killed=False heap_hint=3000000000 -> PASS
2026-09-23 07:44:05 proofs/root_domain_broader.bend exit=0 peak=3.12GB elapsed=39.0s all_terms_check=True unsafe=False killed=False heap_hint=3000000000 -> PASS
2026-09-23 07:44:38 proofs/root_domain_compat.bend exit=0 peak=1.90GB elapsed=33.0s all_terms_check=True unsafe=False killed=False heap_hint=3000000000 -> PASS
2026-09-23 07:45:04 proofs/root_domain_steps.bend exit=0 peak=1.49GB elapsed=26.4s all_terms_check=True unsafe=False killed=False heap_hint=3000000000 -> PASS
2026-09-23 07:45:31 proofs/root_domain_witness.bend exit=0 peak=1.92GB elapsed=27.2s all_terms_check=True unsafe=False killed=False heap_hint=3000000000 -> PASS
2026-09-23 07:45:59 proofs/root_public.bend exit=0 peak=2.38GB elapsed=27.9s all_terms_check=True unsafe=False killed=False heap_hint=3000000000 -> PASS
2026-09-23 07:46:24 proofs/root_relation_leaves.bend exit=0 peak=1.50GB elapsed=24.7s all_terms_check=True unsafe=False killed=False heap_hint=3000000000 -> PASS
2026-09-23 07:46:34 proofs/root_relation_merkle.bend exit=0 peak=1.16GB elapsed=10.2s all_terms_check=True unsafe=False killed=False heap_hint=3000000000 -> PASS
2026-09-23 07:47:00 proofs/root_scope.bend exit=0 peak=1.53GB elapsed=25.3s all_terms_check=True unsafe=False killed=False heap_hint=3000000000 -> PASS
2026-09-23 07:47:28 proofs/root_sound.bend exit=0 peak=2.25GB elapsed=28.1s all_terms_check=True unsafe=False killed=False heap_hint=3000000000 -> PASS
2026-09-23 07:47:54 proofs/root_steps.bend exit=0 peak=1.51GB elapsed=25.7s all_terms_check=True unsafe=False killed=False heap_hint=3000000000 -> PASS
2026-09-23 07:48:26 proofs/root_total.bend exit=0 peak=2.25GB elapsed=32.0s all_terms_check=True unsafe=False killed=False heap_hint=3000000000 -> PASS
2026-09-23 07:48:51 proofs/root_total_steps.bend exit=0 peak=1.69GB elapsed=25.6s all_terms_check=True unsafe=False killed=False heap_hint=3000000000 -> PASS
2026-09-23 07:48:52 proofs/schema.bend exit=0 peak=0.29GB elapsed=0.3s all_terms_check=True unsafe=False killed=False heap_hint=3000000000 -> PASS
2026-09-23 07:48:53 proofs/schema_forest.bend exit=0 peak=0.46GB elapsed=0.8s all_terms_check=True unsafe=False killed=False heap_hint=3000000000 -> PASS
2026-09-23 07:49:19 proofs/schema_lookups.bend exit=0 peak=1.61GB elapsed=26.2s all_terms_check=True unsafe=False killed=False heap_hint=3000000000 -> PASS
2026-09-23 07:49:28 proofs/schema_measure.bend exit=0 peak=1.31GB elapsed=9.1s all_terms_check=True unsafe=False killed=False heap_hint=3000000000 -> PASS
2026-09-23 07:49:39 proofs/schema_selection_shape.bend exit=0 peak=1.30GB elapsed=10.5s all_terms_check=True unsafe=False killed=False heap_hint=3000000000 -> PASS
2026-09-23 07:50:05 proofs/schema_width.bend exit=0 peak=1.52GB elapsed=26.4s all_terms_check=True unsafe=False killed=False heap_hint=3000000000 -> PASS
2026-09-23 07:50:16 proofs/tree.bend exit=0 peak=1.20GB elapsed=10.3s all_terms_check=True unsafe=False killed=False heap_hint=3000000000 -> PASS
2026-09-23 07:50:16 proofs/type_legality_structure.bend exit=0 peak=0.13GB elapsed=0.2s all_terms_check=True unsafe=False killed=False heap_hint=3000000000 -> PASS
2026-09-23 07:50:55 proofs/type_validator_complete.bend exit=0 peak=3.03GB elapsed=38.9s all_terms_check=True unsafe=False killed=False heap_hint=3000000000 -> PASS
2026-09-23 07:51:20 proofs/type_validator_soundness.bend exit=0 peak=2.50GB elapsed=24.7s all_terms_check=True unsafe=False killed=False heap_hint=3000000000 -> PASS
2026-09-23 07:51:20 proofs/u32_order.bend exit=0 peak=0.00GB elapsed=0.1s all_terms_check=True unsafe=False killed=False heap_hint=3000000000 -> PASS
2026-09-23 07:51:45 proofs/validator_fields.bend exit=0 peak=1.32GB elapsed=25.1s all_terms_check=True unsafe=False killed=False heap_hint=3000000000 -> PASS
2026-09-23 07:51:58 proofs/validator_metadata.bend exit=0 peak=1.28GB elapsed=13.2s all_terms_check=True unsafe=False killed=False heap_hint=3000000000 -> PASS
2026-09-23 07:52:08 proofs/validator_selectors.bend exit=0 peak=1.27GB elapsed=10.1s all_terms_check=True unsafe=False killed=False heap_hint=3000000000 -> PASS
2026-09-23 07:52:33 proofs/value_domain.bend exit=0 peak=1.68GB elapsed=24.6s all_terms_check=True unsafe=False killed=False heap_hint=3000000000 -> PASS
2026-09-23 07:52:33 proofs/walk.bend exit=0 peak=0.17GB elapsed=0.2s all_terms_check=True unsafe=False killed=False heap_hint=3000000000 -> PASS
2026-09-23 07:52:33 proofs/word_facts.bend exit=0 peak=0.00GB elapsed=0.1s all_terms_check=True unsafe=False killed=False heap_hint=3000000000 -> PASS
2026-09-23 07:52:34 proofs/word_nat.bend exit=0 peak=0.12GB elapsed=0.2s all_terms_check=True unsafe=False killed=False heap_hint=3000000000 -> PASS
2026-09-23 07:52:34 proofs/word_split.bend exit=0 peak=0.08GB elapsed=0.1s all_terms_check=True unsafe=False killed=False heap_hint=3000000000 -> PASS
2026-09-23 07:52:43 HASH_PROOF.bend exit=0 peak=1.16GB elapsed=9.3s all_terms_check=True unsafe=False killed=False heap_hint=3000000000 -> PASS
2026-09-23 07:54:44 END_TO_END.bend exit=0 peak=3.79GB elapsed=120.8s all_terms_check=True unsafe=False killed=False heap_hint=3000000000 -> PASS
2026-09-23 07:56:51 ROOT_DOMAIN.bend exit=0 peak=3.78GB elapsed=126.9s all_terms_check=True unsafe=False killed=False heap_hint=3000000000 -> PASS
2026-09-23 07:58:46 PROOF.bend exit=0 peak=3.62GB elapsed=115.3s all_terms_check=True unsafe=False killed=False heap_hint=3000000000 -> PASS
DONE
