building native Bend benchmark executables (compact primary API)
  compile benchmarks/compact/dec.bend -> bend-dec: attempt 0, peak 3.93 GB, exit 0
  compile benchmarks/compact/dec.bend -> bend-dec.c: attempt 0, peak 3.54 GB, exit 0
  compile benchmarks/compact/enc.bend -> bend-enc: attempt 0, peak 2.99 GB, exit 0
  compile benchmarks/compact/enc.bend -> bend-enc.c: attempt 0, peak 3.31 GB, exit 0
  compile benchmarks/compact/root.bend -> bend-root: attempt 0, peak 4.35 GB, exit 0
  compile benchmarks/compact/root.bend -> bend-root.c: attempt 0, peak 4.04 GB, exit 0
building native Go reference executable
AggregateAndProof.deserialize                    small-fixture    x1572864  bend        302.0 ns  ref      107.8 ns       2.8x
AggregateAndProof.serialize                      small-fixture    x5000000  bend         40.8 ns  ref       38.9 ns       1.0x
AggregateAndProof.hash_tree_root                 small-fixture    x40960    bend      10620.1 ns  ref     2127.0 ns       5.0x
AggregateAndProof.deserialize                    medium-fixture   x786432   bend        305.2 ns  ref      105.9 ns       2.9x
AggregateAndProof.serialize                      medium-fixture   x5000000  bend         40.8 ns  ref       40.2 ns       1.0x
AggregateAndProof.hash_tree_root                 medium-fixture   x57344    bend       8231.0 ns  ref     1523.1 ns       5.4x
AggregateAndProof.deserialize                    large-fixture    x1048576  bend        305.2 ns  ref      109.0 ns       2.8x
AggregateAndProof.serialize                      large-fixture    x5000000  bend         41.0 ns  ref       40.7 ns       1.0x
AggregateAndProof.hash_tree_root                 large-fixture    x40960    bend      10644.5 ns  ref     2120.1 ns       5.0x
Attestation.deserialize                          small-fixture    x3145728  bend        144.0 ns  ref       86.4 ns       1.7x
Attestation.serialize                            small-fixture    x5000000  bend         21.2 ns  ref       30.7 ns       0.7x
Attestation.hash_tree_root                       small-fixture    x57344    bend       8335.7 ns  ref     1100.4 ns       7.6x
Attestation.deserialize                          medium-fixture   x3145728  bend        143.7 ns  ref       87.3 ns       1.6x
Attestation.serialize                            medium-fixture   x5000000  bend         21.2 ns  ref       31.0 ns       0.7x
Attestation.hash_tree_root                       medium-fixture   x57344    bend       8335.7 ns  ref     1704.2 ns       4.9x
Attestation.deserialize                          large-fixture    x3145728  bend        147.5 ns  ref       87.0 ns       1.7x
Attestation.serialize                            large-fixture    x5000000  bend         21.2 ns  ref       30.1 ns       0.7x
Attestation.hash_tree_root                       large-fixture    x57344    bend       8388.0 ns  ref     1706.5 ns       4.9x
AttestationData.deserialize                      small-fixture    x5000000  bend         44.6 ns  ref       37.6 ns       1.2x
AttestationData.serialize                        small-fixture    x5000000  bend         13.4 ns  ref       19.3 ns       0.7x
AttestationData.hash_tree_root                   small-fixture    x139264   bend       3245.6 ns  ref      602.6 ns       5.4x
AttestationData.deserialize                      medium-fixture   x5000000  bend         43.8 ns  ref       38.0 ns       1.2x
AttestationData.serialize                        medium-fixture   x5000000  bend         13.2 ns  ref       19.7 ns       0.7x
AttestationData.hash_tree_root                   medium-fixture   x155648   bend       3186.7 ns  ref      601.6 ns       5.3x
AttestationData.deserialize                      large-fixture    x5000000  bend         44.6 ns  ref       38.4 ns       1.2x
AttestationData.serialize                        large-fixture    x5000000  bend         13.2 ns  ref       19.9 ns       0.7x
AttestationData.hash_tree_root                   large-fixture    x139264   bend       3195.4 ns  ref      601.8 ns       5.3x
AttesterSlashing.deserialize                     small-fixture    x524288   bend        532.2 ns  ref      161.7 ns       3.3x
AttesterSlashing.serialize                       small-fixture    x5000000  bend         40.8 ns  ref       54.7 ns       0.7x
AttesterSlashing.hash_tree_root                  small-fixture    x16384    bend      20385.7 ns  ref     4267.5 ns       4.8x
AttesterSlashing.deserialize                     medium-fixture   x524288   bend        522.6 ns  ref      171.1 ns       3.1x
AttesterSlashing.serialize                       medium-fixture   x5000000  bend         75.0 ns  ref       61.9 ns       1.2x
AttesterSlashing.hash_tree_root                  medium-fixture   x16384    bend      20690.9 ns  ref     4266.1 ns       4.9x
AttesterSlashing.deserialize                     large-fixture    x524288   bend        526.4 ns  ref      175.8 ns       3.0x
AttesterSlashing.serialize                       large-fixture    x5000000  bend         75.2 ns  ref       69.4 ns       1.1x
AttesterSlashing.hash_tree_root                  large-fixture    x16384    bend      20935.1 ns  ref     4415.3 ns       4.7x
BLSPubkey.deserialize                            zero             x5000000  bend          9.6 ns  ref       28.2 ns       0.3x
BLSPubkey.serialize                              zero             x5000000  bend          9.2 ns  ref       13.3 ns       0.7x
BLSPubkey.hash_tree_root                         zero             x1048576  bend        329.0 ns  ref      222.0 ns       1.5x
BLSPubkey.deserialize                            random           x5000000  bend          9.8 ns  ref       27.6 ns       0.4x
BLSPubkey.serialize                              random           x5000000  bend          9.0 ns  ref       13.3 ns       0.7x
BLSPubkey.hash_tree_root                         random           x1048576  bend        329.0 ns  ref      222.9 ns       1.5x
BLSPubkey.deserialize                            saturated        x5000000  bend          9.8 ns  ref       27.6 ns       0.4x
BLSPubkey.serialize                              saturated        x5000000  bend          9.0 ns  ref       13.2 ns       0.7x
BLSPubkey.hash_tree_root                         saturated        x1048576  bend        330.9 ns  ref      222.4 ns       1.5x
BLSSignature.deserialize                         zero             x5000000  bend          9.8 ns  ref       31.0 ns       0.3x
BLSSignature.serialize                           zero             x5000000  bend         13.2 ns  ref       15.9 ns       0.8x
BLSSignature.hash_tree_root                      zero             x507904   bend        862.4 ns  ref      362.0 ns       2.4x
BLSSignature.deserialize                         random           x5000000  bend          9.8 ns  ref       29.9 ns       0.3x
BLSSignature.serialize                           random           x5000000  bend         13.2 ns  ref       15.9 ns       0.8x
BLSSignature.hash_tree_root                      random           x507904   bend        866.3 ns  ref      366.8 ns       2.4x
BLSSignature.deserialize                         saturated        x5000000  bend          9.8 ns  ref       30.8 ns       0.3x
BLSSignature.serialize                           saturated        x5000000  bend         13.2 ns  ref       15.9 ns       0.8x
BLSSignature.hash_tree_root                      saturated        x507904   bend        866.3 ns  ref      362.6 ns       2.4x
BLSToExecutionChange.deserialize                 small-fixture    x5000000  bend         44.6 ns  ref       14.6 ns       3.1x
BLSToExecutionChange.serialize                   small-fixture    x5000000  bend         13.2 ns  ref       16.7 ns       0.8x
BLSToExecutionChange.hash_tree_root              small-fixture    x335872   bend       1479.7 ns  ref      316.8 ns       4.7x
BLSToExecutionChange.deserialize                 medium-fixture   x5000000  bend         45.0 ns  ref       14.7 ns       3.1x
BLSToExecutionChange.serialize                   medium-fixture   x5000000  bend         13.2 ns  ref       16.4 ns       0.8x
BLSToExecutionChange.hash_tree_root              medium-fixture   x335872   bend       1485.7 ns  ref      317.5 ns       4.7x
BLSToExecutionChange.deserialize                 large-fixture    x5000000  bend         44.2 ns  ref       14.4 ns       3.1x
BLSToExecutionChange.serialize                   large-fixture    x5000000  bend         13.2 ns  ref       16.4 ns       0.8x
BLSToExecutionChange.hash_tree_root              large-fixture    x335872   bend       1479.7 ns  ref      317.9 ns       4.7x
BeaconBlock.deserialize                          small-fixture    x77824    bend       3238.1 ns  ref     2505.8 ns       1.3x
BeaconBlock.serialize                            small-fixture    x253952   bend       1031.7 ns  ref      691.8 ns       1.5x
BeaconBlock.hash_tree_root                       small-fixture    x1664     bend     261418.3 ns  ref    53725.1 ns       4.9x
BeaconBlock.deserialize                          medium-fixture   x77824    bend       3263.8 ns  ref     7578.2 ns       0.4x
BeaconBlock.serialize                            medium-fixture   x126976   bend       2047.6 ns  ref     1178.7 ns       1.7x
BeaconBlock.hash_tree_root                       medium-fixture   x1280     bend     374218.8 ns  ref    78973.0 ns       4.7x
BeaconBlock.deserialize                          large-fixture    x139264   bend       3561.6 ns  ref     8753.2 ns       0.4x
BeaconBlock.serialize                            large-fixture    x126976   bend       2047.6 ns  ref     1205.7 ns       1.7x
BeaconBlock.hash_tree_root                       large-fixture    x1280     bend     367968.8 ns  ref    75325.0 ns       4.9x
BeaconBlockBody.deserialize                      small-fixture    x139264   bend       3518.5 ns  ref     3991.9 ns       0.9x
BeaconBlockBody.serialize                        small-fixture    x253952   bend       1027.8 ns  ref      760.1 ns       1.4x
BeaconBlockBody.hash_tree_root                   small-fixture    x1792     bend     263392.9 ns  ref    55223.6 ns       4.8x
BeaconBlockBody.deserialize                      medium-fixture   x204800   bend       2260.7 ns  ref     6287.0 ns       0.4x
BeaconBlockBody.serialize                        medium-fixture   x221184   bend       2048.1 ns  ref     1219.0 ns       1.7x
BeaconBlockBody.hash_tree_root                   medium-fixture   x1280     bend     356250.0 ns  ref    76262.6 ns       4.7x
BeaconBlockBody.deserialize                      large-fixture    x114688   bend       4115.5 ns  ref     8802.9 ns       0.5x
BeaconBlockBody.serialize                        large-fixture    x221184   bend       2048.1 ns  ref     1546.3 ns       1.3x
BeaconBlockBody.hash_tree_root                   large-fixture    x1152     bend     430555.6 ns  ref    91420.6 ns       4.7x
BeaconBlockHeader.deserialize                    small-fixture    x5000000  bend         44.2 ns  ref       15.5 ns       2.8x
BeaconBlockHeader.serialize                      small-fixture    x5000000  bend         13.2 ns  ref       17.5 ns       0.8x
BeaconBlockHeader.hash_tree_root                 small-fixture    x221184   bend       2206.3 ns  ref      448.2 ns       4.9x
BeaconBlockHeader.deserialize                    medium-fixture   x5000000  bend         45.2 ns  ref       15.5 ns       2.9x
BeaconBlockHeader.serialize                      medium-fixture   x5000000  bend         13.4 ns  ref       17.9 ns       0.8x
BeaconBlockHeader.hash_tree_root                 medium-fixture   x221184   bend       2174.7 ns  ref      443.2 ns       4.9x
BeaconBlockHeader.deserialize                    large-fixture    x5000000  bend         46.2 ns  ref       15.9 ns       2.9x
BeaconBlockHeader.serialize                      large-fixture    x5000000  bend         13.2 ns  ref       18.0 ns       0.7x
BeaconBlockHeader.hash_tree_root                 large-fixture    x221184   bend       2183.7 ns  ref      443.2 ns       4.9x
BeaconState.deserialize                          small-fixture    x102400   bend       2460.9 ns  ref   185823.1 ns       0.0x
BeaconState.serialize                            small-fixture    x1792     bend     261160.7 ns  ref   188927.3 ns       1.4x
BeaconState.hash_tree_root                       small-fixture    x20       bend   23800000.0 ns  ref  6699129.2 ns       3.6x
BeaconState.deserialize                          medium-fixture   x131072   bend       3746.0 ns  ref   186476.6 ns       0.0x
BeaconState.serialize                            medium-fixture   x1792     bend     261160.7 ns  ref   182167.2 ns       1.4x
BeaconState.hash_tree_root                       medium-fixture   x20       bend   23900000.0 ns  ref  6728368.8 ns       3.6x
BeaconState.deserialize                          large-fixture    x131072   bend       3555.3 ns  ref   186403.5 ns       0.0x
BeaconState.serialize                            large-fixture    x1792     bend     261160.7 ns  ref   181717.7 ns       1.4x
BeaconState.hash_tree_root                       large-fixture    x20       bend   23900000.0 ns  ref  6721495.8 ns       3.6x
Blob.deserialize                                 zero             x5000000  bend         10.2 ns  ref     6147.8 ns       0.0x
Blob.serialize                                   zero             x57344    bend       8161.3 ns  ref     4986.9 ns       1.6x
Blob.hash_tree_root                              zero             x384      bend    1119791.7 ns  ref   284034.4 ns       3.9x
Blob.deserialize                                 random           x5000000  bend          9.6 ns  ref     6169.1 ns       0.0x
Blob.serialize                                   random           x57344    bend       8161.3 ns  ref     4328.9 ns       1.9x
Blob.hash_tree_root                              random           x384      bend    1122395.8 ns  ref   284449.7 ns       3.9x
Blob.deserialize                                 saturated        x5000000  bend          9.6 ns  ref     6133.8 ns       0.0x
Blob.serialize                                   saturated        x57344    bend       8265.9 ns  ref     4656.6 ns       1.8x
Blob.hash_tree_root                              saturated        x384      bend    1122395.8 ns  ref   283854.6 ns       4.0x
BlobIdentifier.deserialize                       small-fixture    x5000000  bend         46.0 ns  ref       12.7 ns       3.6x
BlobIdentifier.serialize                         small-fixture    x5000000  bend          9.0 ns  ref       14.3 ns       0.6x
BlobIdentifier.hash_tree_root                    small-fixture    x524288   bend        539.8 ns  ref      101.3 ns       5.3x
BlobIdentifier.deserialize                       medium-fixture   x5000000  bend         44.6 ns  ref       12.5 ns       3.6x
BlobIdentifier.serialize                         medium-fixture   x5000000  bend          9.0 ns  ref       14.5 ns       0.6x
BlobIdentifier.hash_tree_root                    medium-fixture   x524288   bend        537.9 ns  ref      100.6 ns       5.3x
BlobIdentifier.deserialize                       large-fixture    x5000000  bend         44.4 ns  ref       12.7 ns       3.5x
BlobIdentifier.serialize                         large-fixture    x5000000  bend          9.0 ns  ref       14.5 ns       0.6x
BlobIdentifier.hash_tree_root                    large-fixture    x524288   bend        539.8 ns  ref      100.7 ns       5.4x
BlobIndex.deserialize                            zero             x5000000  bend          3.6 ns  ref       22.9 ns       0.2x
BlobIndex.serialize                              zero             x5000000  bend          6.2 ns  ref        7.9 ns       0.8x
BlobIndex.hash_tree_root                         zero             x5000000  bend         40.4 ns  ref      132.5 ns       0.3x
BlobIndex.deserialize                            random           x5000000  bend          3.6 ns  ref       22.9 ns       0.2x
BlobIndex.serialize                              random           x5000000  bend          6.2 ns  ref        8.0 ns       0.8x
BlobIndex.hash_tree_root                         random           x5000000  bend         40.2 ns  ref      132.8 ns       0.3x
BlobIndex.deserialize                            saturated        x5000000  bend          3.6 ns  ref       23.1 ns       0.2x
BlobIndex.serialize                              saturated        x5000000  bend          6.0 ns  ref        8.0 ns       0.7x
BlobIndex.hash_tree_root                         saturated        x5000000  bend         40.0 ns  ref      135.9 ns       0.3x
BlobSidecar.deserialize                          small-fixture    x5000000  bend         44.8 ns  ref     4743.4 ns       0.0x
BlobSidecar.serialize                            small-fixture    x24576    bend      16316.7 ns  ref     4596.0 ns       3.6x
BlobSidecar.hash_tree_root                       small-fixture    x384      bend    1135416.7 ns  ref   274602.2 ns       4.1x
BlobSidecar.deserialize                          medium-fixture   x5000000  bend         44.0 ns  ref     6596.4 ns       0.0x
BlobSidecar.serialize                            medium-fixture   x24576    bend      16316.7 ns  ref     4520.8 ns       3.6x
BlobSidecar.hash_tree_root                       medium-fixture   x384      bend    1135416.7 ns  ref   275008.9 ns       4.1x
BlobSidecar.deserialize                          large-fixture    x5000000  bend         44.4 ns  ref     6624.4 ns       0.0x
BlobSidecar.serialize                            large-fixture    x24576    bend      16316.7 ns  ref     4949.8 ns       3.3x
BlobSidecar.hash_tree_root                       large-fixture    x384      bend    1135416.7 ns  ref   274612.7 ns       4.1x
Bytes1.deserialize                               zero             x5000000  bend          9.8 ns  ref       22.7 ns       0.4x
Bytes1.serialize                                 zero             x5000000  bend          6.2 ns  ref        7.5 ns       0.8x
Bytes1.hash_tree_root                            zero             x5000000  bend         41.4 ns  ref      134.8 ns       0.3x
Bytes1.deserialize                               random           x5000000  bend          9.8 ns  ref       22.9 ns       0.4x
Bytes1.serialize                                 random           x5000000  bend          6.2 ns  ref        7.5 ns       0.8x
Bytes1.hash_tree_root                            random           x5000000  bend         40.6 ns  ref      134.8 ns       0.3x
Bytes1.deserialize                               saturated        x5000000  bend          9.6 ns  ref       22.7 ns       0.4x
Bytes1.serialize                                 saturated        x5000000  bend          6.2 ns  ref        7.3 ns       0.8x
Bytes1.hash_tree_root                            saturated        x5000000  bend         40.8 ns  ref      133.6 ns       0.3x
Bytes20.deserialize                              zero             x5000000  bend          9.8 ns  ref       27.2 ns       0.4x
Bytes20.serialize                                zero             x5000000  bend          7.0 ns  ref       12.4 ns       0.6x
Bytes20.hash_tree_root                           zero             x5000000  bend         39.8 ns  ref      138.6 ns       0.3x
Bytes20.deserialize                              random           x5000000  bend          9.8 ns  ref       26.9 ns       0.4x
Bytes20.serialize                                random           x5000000  bend          7.0 ns  ref       12.8 ns       0.5x
Bytes20.hash_tree_root                           random           x5000000  bend         40.2 ns  ref      137.4 ns       0.3x
Bytes20.deserialize                              saturated        x5000000  bend          9.8 ns  ref       27.1 ns       0.4x
Bytes20.serialize                                saturated        x5000000  bend          7.0 ns  ref       12.2 ns       0.6x
Bytes20.hash_tree_root                           saturated        x5000000  bend         40.0 ns  ref      138.8 ns       0.3x
Bytes32.deserialize                              zero             x5000000  bend         10.2 ns  ref       29.0 ns       0.4x
Bytes32.serialize                                zero             x5000000  bend          7.2 ns  ref       12.8 ns       0.6x
Bytes32.hash_tree_root                           zero             x5000000  bend         34.8 ns  ref      124.1 ns       0.3x
Bytes32.deserialize                              random           x5000000  bend          9.8 ns  ref       27.2 ns       0.4x
Bytes32.serialize                                random           x5000000  bend          7.0 ns  ref       12.4 ns       0.6x
Bytes32.hash_tree_root                           random           x5000000  bend         35.2 ns  ref      126.6 ns       0.3x
Bytes32.deserialize                              saturated        x5000000  bend          9.8 ns  ref       27.1 ns       0.4x
Bytes32.serialize                                saturated        x5000000  bend          7.0 ns  ref       12.4 ns       0.6x
Bytes32.hash_tree_root                           saturated        x5000000  bend         35.4 ns  ref      123.1 ns       0.3x
Bytes4.deserialize                               zero             x5000000  bend          9.8 ns  ref       24.1 ns       0.4x
Bytes4.serialize                                 zero             x5000000  bend          6.2 ns  ref        7.9 ns       0.8x
Bytes4.hash_tree_root                            zero             x5000000  bend         40.0 ns  ref      134.5 ns       0.3x
Bytes4.deserialize                               random           x5000000  bend         10.0 ns  ref       24.5 ns       0.4x
Bytes4.serialize                                 random           x5000000  bend          6.2 ns  ref        7.9 ns       0.8x
Bytes4.hash_tree_root                            random           x5000000  bend         39.8 ns  ref      135.0 ns       0.3x
Bytes4.deserialize                               saturated        x5000000  bend          9.8 ns  ref       24.1 ns       0.4x
Bytes4.serialize                                 saturated        x5000000  bend          6.2 ns  ref        8.0 ns       0.8x
Bytes4.hash_tree_root                            saturated        x5000000  bend         40.0 ns  ref      133.2 ns       0.3x
Bytes48.deserialize                              zero             x5000000  bend          9.8 ns  ref       27.8 ns       0.4x
Bytes48.serialize                                zero             x5000000  bend          9.2 ns  ref       13.3 ns       0.7x
Bytes48.hash_tree_root                           zero             x1048576  bend        330.0 ns  ref      224.0 ns       1.5x
Bytes48.deserialize                              random           x5000000  bend          9.6 ns  ref       28.1 ns       0.3x
Bytes48.serialize                                random           x5000000  bend          9.0 ns  ref       13.3 ns       0.7x
Bytes48.hash_tree_root                           random           x1048576  bend        330.0 ns  ref      219.4 ns       1.5x
Bytes48.deserialize                              saturated        x5000000  bend          9.8 ns  ref       28.0 ns       0.3x
Bytes48.serialize                                saturated        x5000000  bend          9.2 ns  ref       13.1 ns       0.7x
Bytes48.hash_tree_root                           saturated        x1048576  bend        330.0 ns  ref      222.9 ns       1.5x
Bytes8.deserialize                               zero             x5000000  bend          9.8 ns  ref       23.4 ns       0.4x
Bytes8.serialize                                 zero             x5000000  bend          6.2 ns  ref        7.9 ns       0.8x
Bytes8.hash_tree_root                            zero             x5000000  bend         39.6 ns  ref      136.1 ns       0.3x
Bytes8.deserialize                               random           x5000000  bend          9.6 ns  ref       23.5 ns       0.4x
Bytes8.serialize                                 random           x5000000  bend          6.2 ns  ref        8.2 ns       0.8x
Bytes8.hash_tree_root                            random           x5000000  bend         39.8 ns  ref      133.2 ns       0.3x
Bytes8.deserialize                               saturated        x5000000  bend          9.6 ns  ref       23.4 ns       0.4x
Bytes8.serialize                                 saturated        x5000000  bend          6.2 ns  ref        8.1 ns       0.8x
Bytes8.hash_tree_root                            saturated        x5000000  bend         39.6 ns  ref      135.7 ns       0.3x
Bytes96.deserialize                              zero             x5000000  bend         10.4 ns  ref       31.1 ns       0.3x
Bytes96.serialize                                zero             x5000000  bend         13.2 ns  ref       16.1 ns       0.8x
Bytes96.hash_tree_root                           zero             x507904   bend        864.3 ns  ref      364.6 ns       2.4x
Bytes96.deserialize                              random           x5000000  bend          9.8 ns  ref       30.0 ns       0.3x
Bytes96.serialize                                random           x5000000  bend         13.2 ns  ref       15.8 ns       0.8x
Bytes96.hash_tree_root                           random           x524288   bend        865.9 ns  ref      365.4 ns       2.4x
Bytes96.deserialize                              saturated        x5000000  bend         10.2 ns  ref       30.5 ns       0.3x
Bytes96.serialize                                saturated        x5000000  bend         13.2 ns  ref       15.9 ns       0.8x
Bytes96.hash_tree_root                           saturated        x507904   bend        866.3 ns  ref      366.3 ns       2.4x
Cell.deserialize                                 zero             x5000000  bend         10.0 ns  ref      161.4 ns       0.1x
Cell.serialize                                   zero             x3145728  bend        138.6 ns  ref      144.2 ns       1.0x
Cell.hash_tree_root                              zero             x24576    bend      17252.6 ns  ref     4630.3 ns       3.7x
Cell.deserialize                                 random           x5000000  bend          9.8 ns  ref      163.9 ns       0.1x
Cell.serialize                                   random           x3145728  bend        138.6 ns  ref      143.9 ns       1.0x
Cell.hash_tree_root                              random           x24576    bend      17293.3 ns  ref     4588.9 ns       3.8x
Cell.deserialize                                 saturated        x5000000  bend          9.8 ns  ref      162.3 ns       0.1x
Cell.serialize                                   saturated        x3145728  bend        138.6 ns  ref      145.0 ns       1.0x
Cell.hash_tree_root                              saturated        x24576    bend      17374.7 ns  ref     4608.1 ns       3.8x
CellIndex.deserialize                            zero             x5000000  bend          4.2 ns  ref       25.2 ns       0.2x
CellIndex.serialize                              zero             x5000000  bend          6.4 ns  ref        8.4 ns       0.8x
CellIndex.hash_tree_root                         zero             x5000000  bend         39.4 ns  ref      134.1 ns       0.3x
CellIndex.deserialize                            random           x5000000  bend          3.6 ns  ref       23.4 ns       0.2x
CellIndex.serialize                              random           x5000000  bend          6.2 ns  ref        8.1 ns       0.8x
CellIndex.hash_tree_root                         random           x5000000  bend         39.6 ns  ref      137.5 ns       0.3x
CellIndex.deserialize                            saturated        x5000000  bend          3.6 ns  ref       23.3 ns       0.2x
CellIndex.serialize                              saturated        x5000000  bend          6.0 ns  ref        8.4 ns       0.7x
CellIndex.hash_tree_root                         saturated        x5000000  bend         40.2 ns  ref      134.0 ns       0.3x
Checkpoint.deserialize                           small-fixture    x5000000  bend         44.2 ns  ref       13.1 ns       3.4x
Checkpoint.serialize                             small-fixture    x5000000  bend          8.8 ns  ref       14.5 ns       0.6x
Checkpoint.hash_tree_root                        small-fixture    x524288   bend        537.9 ns  ref      101.4 ns       5.3x
Checkpoint.deserialize                           medium-fixture   x5000000  bend         44.4 ns  ref       12.7 ns       3.5x
Checkpoint.serialize                             medium-fixture   x5000000  bend          9.0 ns  ref       14.3 ns       0.6x
Checkpoint.hash_tree_root                        medium-fixture   x524288   bend        537.9 ns  ref      101.0 ns       5.3x
Checkpoint.deserialize                           large-fixture    x5000000  bend         44.4 ns  ref       12.7 ns       3.5x
Checkpoint.serialize                             large-fixture    x5000000  bend          9.0 ns  ref       14.4 ns       0.6x
Checkpoint.hash_tree_root                        large-fixture    x524288   bend        539.8 ns  ref      100.8 ns       5.4x
ColumnIndex.deserialize                          zero             x5000000  bend          3.6 ns  ref       23.3 ns       0.2x
ColumnIndex.serialize                            zero             x5000000  bend          6.2 ns  ref        8.1 ns       0.8x
ColumnIndex.hash_tree_root                       zero             x5000000  bend         39.8 ns  ref      134.1 ns       0.3x
ColumnIndex.deserialize                          random           x5000000  bend          3.6 ns  ref       23.0 ns       0.2x
ColumnIndex.serialize                            random           x5000000  bend          6.0 ns  ref        8.0 ns       0.8x
ColumnIndex.hash_tree_root                       random           x5000000  bend         41.0 ns  ref      135.3 ns       0.3x
ColumnIndex.deserialize                          saturated        x5000000  bend          3.6 ns  ref       23.4 ns       0.2x
ColumnIndex.serialize                            saturated        x5000000  bend          6.0 ns  ref        8.2 ns       0.7x
ColumnIndex.hash_tree_root                       saturated        x5000000  bend         40.0 ns  ref      133.4 ns       0.3x
CommitmentIndex.deserialize                      zero             x5000000  bend          3.6 ns  ref       23.6 ns       0.2x
CommitmentIndex.serialize                        zero             x5000000  bend          6.0 ns  ref        8.1 ns       0.7x
CommitmentIndex.hash_tree_root                   zero             x5000000  bend         40.0 ns  ref      136.7 ns       0.3x
CommitmentIndex.deserialize                      random           x5000000  bend          3.6 ns  ref       23.1 ns       0.2x
CommitmentIndex.serialize                        random           x5000000  bend          6.0 ns  ref        8.1 ns       0.7x
CommitmentIndex.hash_tree_root                   random           x5000000  bend         41.0 ns  ref      136.6 ns       0.3x
CommitmentIndex.deserialize                      saturated        x5000000  bend          3.6 ns  ref       23.3 ns       0.2x
CommitmentIndex.serialize                        saturated        x5000000  bend          6.0 ns  ref        8.2 ns       0.7x
CommitmentIndex.hash_tree_root                   saturated        x5000000  bend         40.2 ns  ref      133.9 ns       0.3x
CommitteeIndex.deserialize                       zero             x5000000  bend          3.8 ns  ref       23.7 ns       0.2x
CommitteeIndex.serialize                         zero             x5000000  bend          6.0 ns  ref        8.2 ns       0.7x
CommitteeIndex.hash_tree_root                    zero             x5000000  bend         40.0 ns  ref      137.2 ns       0.3x
CommitteeIndex.deserialize                       random           x5000000  bend          3.6 ns  ref       23.7 ns       0.2x
CommitteeIndex.serialize                         random           x5000000  bend          6.0 ns  ref        8.1 ns       0.7x
CommitteeIndex.hash_tree_root                    random           x5000000  bend         40.2 ns  ref      135.2 ns       0.3x
CommitteeIndex.deserialize                       saturated        x5000000  bend          3.6 ns  ref       23.4 ns       0.2x
CommitteeIndex.serialize                         saturated        x5000000  bend          6.0 ns  ref        8.4 ns       0.7x
CommitteeIndex.hash_tree_root                    saturated        x5000000  bend         40.0 ns  ref      135.1 ns       0.3x
ConsolidationRequest.deserialize                 small-fixture    x5000000  bend         44.0 ns  ref       16.3 ns       2.7x
ConsolidationRequest.serialize                   small-fixture    x5000000  bend         13.2 ns  ref       18.1 ns       0.7x
ConsolidationRequest.hash_tree_root              small-fixture    x143360   bend       1778.7 ns  ref      393.2 ns       4.5x
ConsolidationRequest.deserialize                 medium-fixture   x5000000  bend         43.8 ns  ref       16.7 ns       2.6x
ConsolidationRequest.serialize                   medium-fixture   x5000000  bend         13.2 ns  ref       17.7 ns       0.7x
ConsolidationRequest.hash_tree_root              medium-fixture   x143360   bend       1778.7 ns  ref      393.3 ns       4.5x
ConsolidationRequest.deserialize                 large-fixture    x5000000  bend         45.0 ns  ref       16.6 ns       2.7x
ConsolidationRequest.serialize                   large-fixture    x5000000  bend         13.2 ns  ref       17.7 ns       0.7x
ConsolidationRequest.hash_tree_root              large-fixture    x143360   bend       1771.8 ns  ref      395.7 ns       4.5x
ContributionAndProof.deserialize                 small-fixture    x5000000  bend         44.6 ns  ref       59.3 ns       0.8x
ContributionAndProof.serialize                   small-fixture    x5000000  bend         40.8 ns  ref       30.6 ns       1.3x
ContributionAndProof.hash_tree_root              small-fixture    x98304    bend       5035.4 ns  ref     1071.5 ns       4.7x
ContributionAndProof.deserialize                 medium-fixture   x5000000  bend         44.6 ns  ref       58.0 ns       0.8x
ContributionAndProof.serialize                   medium-fixture   x5000000  bend         40.8 ns  ref       28.6 ns       1.4x
ContributionAndProof.hash_tree_root              medium-fixture   x98304    bend       5055.7 ns  ref     1072.8 ns       4.7x
ContributionAndProof.deserialize                 large-fixture    x5000000  bend         44.4 ns  ref       58.0 ns       0.8x
ContributionAndProof.serialize                   large-fixture    x5000000  bend         40.8 ns  ref       28.9 ns       1.4x
ContributionAndProof.hash_tree_root              large-fixture    x98304    bend       5035.4 ns  ref     1070.6 ns       4.7x
CurrentSyncCommitteeBranch.deserialize           zero             x5000000  bend         31.2 ns  ref       36.6 ns       0.9x
CurrentSyncCommitteeBranch.serialize             zero             x5000000  bend         21.2 ns  ref       20.0 ns       1.1x
CurrentSyncCommitteeBranch.hash_tree_root        zero             x126976   bend       1992.5 ns  ref      602.3 ns       3.3x
CurrentSyncCommitteeBranch.deserialize           random           x5000000  bend         31.4 ns  ref       38.6 ns       0.8x
CurrentSyncCommitteeBranch.serialize             random           x5000000  bend         21.2 ns  ref       20.5 ns       1.0x
CurrentSyncCommitteeBranch.hash_tree_root        random           x221184   bend       1984.8 ns  ref      579.2 ns       3.4x
CurrentSyncCommitteeBranch.deserialize           saturated        x5000000  bend         31.2 ns  ref       36.6 ns       0.9x
CurrentSyncCommitteeBranch.serialize             saturated        x5000000  bend         21.4 ns  ref       21.8 ns       1.0x
CurrentSyncCommitteeBranch.hash_tree_root        saturated        x126976   bend       2008.3 ns  ref      588.9 ns       3.4x
CustodyIndex.deserialize                         zero             x5000000  bend          3.6 ns  ref       23.4 ns       0.2x
CustodyIndex.serialize                           zero             x5000000  bend          6.2 ns  ref        8.1 ns       0.8x
CustodyIndex.hash_tree_root                      zero             x5000000  bend         40.0 ns  ref      132.7 ns       0.3x
CustodyIndex.deserialize                         random           x5000000  bend          3.8 ns  ref       23.1 ns       0.2x
CustodyIndex.serialize                           random           x5000000  bend          6.0 ns  ref        8.3 ns       0.7x
CustodyIndex.hash_tree_root                      random           x5000000  bend         38.8 ns  ref      133.8 ns       0.3x
CustodyIndex.deserialize                         saturated        x5000000  bend          3.6 ns  ref       23.3 ns       0.2x
CustodyIndex.serialize                           saturated        x5000000  bend          6.0 ns  ref        8.0 ns       0.8x
CustodyIndex.hash_tree_root                      saturated        x5000000  bend         40.4 ns  ref      140.3 ns       0.3x
DataColumnSidecar.deserialize                    small-fixture    x1048576  bend        344.3 ns  ref      650.9 ns       0.5x
DataColumnSidecar.serialize                      small-fixture    x524288   bend        520.7 ns  ref      288.7 ns       1.8x
DataColumnSidecar.hash_tree_root                 small-fixture    x3968     bend      64012.1 ns  ref    14933.1 ns       4.3x
DataColumnSidecar.deserialize                    medium-fixture   x1048576  bend        330.9 ns  ref     1542.7 ns       0.2x
DataColumnSidecar.serialize                      medium-fixture   x126976   bend       2047.6 ns  ref      662.9 ns       3.1x
DataColumnSidecar.hash_tree_root                 medium-fixture   x1600     bend     162500.0 ns  ref    38247.6 ns       4.2x
DataColumnSidecar.deserialize                    large-fixture    x1048576  bend        328.1 ns  ref     1705.5 ns       0.2x
DataColumnSidecar.serialize                      large-fixture    x126976   bend       2047.6 ns  ref      876.3 ns       2.3x
DataColumnSidecar.hash_tree_root                 large-fixture    x2560     bend     180078.1 ns  ref    42387.9 ns       4.2x
DataColumnsByRootIdentifier.deserialize          small-fixture    x2621440  bend        157.9 ns  ref       31.9 ns       4.9x
DataColumnsByRootIdentifier.serialize            small-fixture    x5000000  bend          9.0 ns  ref       15.3 ns       0.6x
DataColumnsByRootIdentifier.hash_tree_root       small-fixture    x409600   bend       1113.3 ns  ref      176.3 ns       6.3x
DataColumnsByRootIdentifier.deserialize          medium-fixture   x2621440  bend        161.7 ns  ref       46.9 ns       3.4x
DataColumnsByRootIdentifier.serialize            medium-fixture   x5000000  bend          9.0 ns  ref       16.5 ns       0.5x
DataColumnsByRootIdentifier.hash_tree_root       medium-fixture   x102400   bend       2460.9 ns  ref      519.3 ns       4.7x
DataColumnsByRootIdentifier.deserialize          large-fixture    x2621440  bend        158.3 ns  ref       48.5 ns       3.3x
DataColumnsByRootIdentifier.serialize            large-fixture    x5000000  bend         13.2 ns  ref       19.5 ns       0.7x
DataColumnsByRootIdentifier.hash_tree_root       large-fixture    x163840   bend       2740.5 ns  ref      527.2 ns       5.2x
Deposit.deserialize                              small-fixture    x5000000  bend         44.6 ns  ref      595.8 ns       0.1x
Deposit.serialize                                small-fixture    x3145728  bend        140.5 ns  ref      112.8 ns       1.2x
Deposit.hash_tree_root                           small-fixture    x32768    bend      13122.6 ns  ref     3157.3 ns       4.2x
Deposit.deserialize                              medium-fixture   x5000000  bend         44.2 ns  ref      593.4 ns       0.1x
Deposit.serialize                                medium-fixture   x3145728  bend        138.6 ns  ref      106.0 ns       1.3x
Deposit.hash_tree_root                           medium-fixture   x32768    bend      13122.6 ns  ref     3166.3 ns       4.1x
Deposit.deserialize                              large-fixture    x5000000  bend         44.0 ns  ref      590.5 ns       0.1x
Deposit.serialize                                large-fixture    x3145728  bend        138.9 ns  ref      110.0 ns       1.3x
Deposit.hash_tree_root                           large-fixture    x32768    bend      13122.6 ns  ref     3166.6 ns       4.1x
DepositData.deserialize                          small-fixture    x5000000  bend         46.4 ns  ref       38.1 ns       1.2x
DepositData.serialize                            small-fixture    x5000000  bend         21.2 ns  ref       22.3 ns       0.9x
DepositData.hash_tree_root                       small-fixture    x204800   bend       2407.2 ns  ref      524.9 ns       4.6x
DepositData.deserialize                          medium-fixture   x5000000  bend         44.4 ns  ref       37.8 ns       1.2x
DepositData.serialize                            medium-fixture   x5000000  bend         21.0 ns  ref       21.0 ns       1.0x
DepositData.hash_tree_root                       medium-fixture   x110592   bend       2414.3 ns  ref      525.2 ns       4.6x
DepositData.deserialize                          large-fixture    x5000000  bend         45.0 ns  ref       38.1 ns       1.2x
DepositData.serialize                            large-fixture    x5000000  bend         21.2 ns  ref       22.7 ns       0.9x
DepositData.hash_tree_root                       large-fixture    x204800   bend       2412.1 ns  ref      525.2 ns       4.6x
DepositMessage.deserialize                       small-fixture    x5000000  bend         44.6 ns  ref       31.1 ns       1.4x
DepositMessage.serialize                         small-fixture    x5000000  bend         13.2 ns  ref       17.4 ns       0.8x
DepositMessage.hash_tree_root                    small-fixture    x286720   bend       1475.3 ns  ref      317.6 ns       4.6x
DepositMessage.deserialize                       medium-fixture   x5000000  bend         44.2 ns  ref       30.1 ns       1.5x
DepositMessage.serialize                         medium-fixture   x5000000  bend         13.2 ns  ref       17.7 ns       0.7x
DepositMessage.hash_tree_root                    medium-fixture   x167936   bend       1494.6 ns  ref      320.2 ns       4.7x
DepositMessage.deserialize                       large-fixture    x5000000  bend         45.2 ns  ref       33.0 ns       1.4x
DepositMessage.serialize                         large-fixture    x5000000  bend         13.4 ns  ref       17.1 ns       0.8x
DepositMessage.hash_tree_root                    large-fixture    x335872   bend       1473.8 ns  ref      315.1 ns       4.7x
DepositRequest.deserialize                       small-fixture    x5000000  bend         44.4 ns  ref       38.1 ns       1.2x
DepositRequest.serialize                         small-fixture    x5000000  bend         21.2 ns  ref       23.2 ns       0.9x
DepositRequest.hash_tree_root                    small-fixture    x139264   bend       3324.6 ns  ref      724.9 ns       4.6x
DepositRequest.deserialize                       medium-fixture   x5000000  bend         45.8 ns  ref       38.3 ns       1.2x
DepositRequest.serialize                         medium-fixture   x5000000  bend         21.2 ns  ref       22.9 ns       0.9x
DepositRequest.hash_tree_root                    medium-fixture   x139264   bend       3324.6 ns  ref      724.8 ns       4.6x
DepositRequest.deserialize                       large-fixture    x5000000  bend         44.0 ns  ref       38.1 ns       1.2x
DepositRequest.serialize                         large-fixture    x5000000  bend         21.2 ns  ref       22.1 ns       1.0x
DepositRequest.hash_tree_root                    large-fixture    x77824    bend       3315.2 ns  ref      725.3 ns       4.6x
Domain.deserialize                               zero             x5000000  bend          9.6 ns  ref       26.8 ns       0.4x
Domain.serialize                                 zero             x5000000  bend          6.8 ns  ref       12.5 ns       0.5x
Domain.hash_tree_root                            zero             x5000000  bend         35.8 ns  ref      125.4 ns       0.3x
Domain.deserialize                               random           x5000000  bend         10.0 ns  ref       26.7 ns       0.4x
Domain.serialize                                 random           x5000000  bend          7.0 ns  ref       12.5 ns       0.6x
Domain.hash_tree_root                            random           x5000000  bend         35.6 ns  ref      124.0 ns       0.3x
Domain.deserialize                               saturated        x5000000  bend         10.0 ns  ref       27.0 ns       0.4x
Domain.serialize                                 saturated        x5000000  bend          7.0 ns  ref       12.9 ns       0.5x
Domain.hash_tree_root                            saturated        x5000000  bend         35.0 ns  ref      119.6 ns       0.3x
DomainType.deserialize                           zero             x5000000  bend          9.8 ns  ref       24.6 ns       0.4x
DomainType.serialize                             zero             x5000000  bend          6.2 ns  ref        8.0 ns       0.8x
DomainType.hash_tree_root                        zero             x5000000  bend         40.4 ns  ref      133.4 ns       0.3x
DomainType.deserialize                           random           x5000000  bend          9.6 ns  ref       24.3 ns       0.4x
DomainType.serialize                             random           x5000000  bend          6.2 ns  ref        8.0 ns       0.8x
DomainType.hash_tree_root                        random           x5000000  bend         39.8 ns  ref      137.3 ns       0.3x
DomainType.deserialize                           saturated        x5000000  bend         10.0 ns  ref       24.3 ns       0.4x
DomainType.serialize                             saturated        x5000000  bend          6.2 ns  ref        8.0 ns       0.8x
DomainType.hash_tree_root                        saturated        x5000000  bend         39.6 ns  ref      133.2 ns       0.3x
Epoch.deserialize                                zero             x5000000  bend          3.6 ns  ref       23.0 ns       0.2x
Epoch.serialize                                  zero             x5000000  bend          6.2 ns  ref        8.3 ns       0.7x
Epoch.hash_tree_root                             zero             x5000000  bend         40.0 ns  ref      135.0 ns       0.3x
Epoch.deserialize                                random           x5000000  bend          3.8 ns  ref       23.5 ns       0.2x
Epoch.serialize                                  random           x5000000  bend          6.2 ns  ref        8.1 ns       0.8x
Epoch.hash_tree_root                             random           x5000000  bend         39.4 ns  ref      134.1 ns       0.3x
Epoch.deserialize                                saturated        x5000000  bend          3.6 ns  ref       23.5 ns       0.2x
Epoch.serialize                                  saturated        x5000000  bend          6.0 ns  ref        7.9 ns       0.8x
Epoch.hash_tree_root                             saturated        x5000000  bend         41.8 ns  ref      146.2 ns       0.3x
Eth1Block.deserialize                            small-fixture    x5000000  bend         47.0 ns  ref       30.7 ns       1.5x
Eth1Block.serialize                              small-fixture    x5000000  bend          9.2 ns  ref       15.3 ns       0.6x
Eth1Block.hash_tree_root                         small-fixture    x409600   bend       1184.1 ns  ref      238.3 ns       5.0x
Eth1Block.deserialize                            medium-fixture   x5000000  bend         46.6 ns  ref       32.7 ns       1.4x
Eth1Block.serialize                              medium-fixture   x5000000  bend          9.2 ns  ref       16.3 ns       0.6x
Eth1Block.hash_tree_root                         medium-fixture   x409600   bend       1203.6 ns  ref      242.6 ns       5.0x
Eth1Block.deserialize                            large-fixture    x5000000  bend         46.6 ns  ref       28.0 ns       1.7x
Eth1Block.serialize                              large-fixture    x5000000  bend          9.0 ns  ref       15.4 ns       0.6x
Eth1Block.hash_tree_root                         large-fixture    x409600   bend       1181.6 ns  ref      237.8 ns       5.0x
Eth1Data.deserialize                             small-fixture    x5000000  bend         46.0 ns  ref       41.3 ns       1.1x
Eth1Data.serialize                               small-fixture    x5000000  bend         13.4 ns  ref       16.7 ns       0.8x
Eth1Data.hash_tree_root                          small-fixture    x409600   bend       1181.6 ns  ref      239.6 ns       4.9x
Eth1Data.deserialize                             medium-fixture   x5000000  bend         44.4 ns  ref       41.1 ns       1.1x
Eth1Data.serialize                               medium-fixture   x5000000  bend         13.2 ns  ref       16.7 ns       0.8x
Eth1Data.hash_tree_root                          medium-fixture   x409600   bend       1176.8 ns  ref      241.0 ns       4.9x
Eth1Data.deserialize                             large-fixture    x5000000  bend         44.4 ns  ref       41.5 ns       1.1x
Eth1Data.serialize                               large-fixture    x5000000  bend         13.2 ns  ref       16.6 ns       0.8x
Eth1Data.hash_tree_root                          large-fixture    x253952   bend       1177.4 ns  ref      240.5 ns       4.9x
Ether.deserialize                                zero             x5000000  bend          3.6 ns  ref       23.5 ns       0.2x
Ether.serialize                                  zero             x5000000  bend          6.0 ns  ref        8.2 ns       0.7x
Ether.hash_tree_root                             zero             x5000000  bend         40.2 ns  ref      131.4 ns       0.3x
Ether.deserialize                                random           x5000000  bend          3.6 ns  ref       23.1 ns       0.2x
Ether.serialize                                  random           x5000000  bend          6.2 ns  ref        8.1 ns       0.8x
Ether.hash_tree_root                             random           x5000000  bend         39.8 ns  ref      133.1 ns       0.3x
Ether.deserialize                                saturated        x5000000  bend          3.8 ns  ref       24.4 ns       0.2x
Ether.serialize                                  saturated        x5000000  bend          6.8 ns  ref        8.8 ns       0.8x
Ether.hash_tree_root                             saturated        x5000000  bend         42.6 ns  ref      154.0 ns       0.3x
ExecutionAddress.deserialize                     zero             x5000000  bend         10.8 ns  ref       30.9 ns       0.3x
ExecutionAddress.serialize                       zero             x5000000  bend          8.2 ns  ref       15.8 ns       0.5x
ExecutionAddress.hash_tree_root                  zero             x5000000  bend         44.4 ns  ref      166.0 ns       0.3x
ExecutionAddress.deserialize                     random           x5000000  bend         10.6 ns  ref       31.7 ns       0.3x
ExecutionAddress.serialize                       random           x5000000  bend          8.2 ns  ref       15.1 ns       0.5x
ExecutionAddress.hash_tree_root                  random           x5000000  bend         44.4 ns  ref      168.6 ns       0.3x
ExecutionAddress.deserialize                     saturated        x5000000  bend         10.8 ns  ref       31.4 ns       0.3x
ExecutionAddress.serialize                       saturated        x5000000  bend          7.6 ns  ref       14.2 ns       0.5x
ExecutionAddress.hash_tree_root                  saturated        x5000000  bend         41.6 ns  ref      157.3 ns       0.3x
ExecutionBranch.deserialize                      zero             x5000000  bend         32.6 ns  ref       35.8 ns       0.9x
ExecutionBranch.serialize                        zero             x5000000  bend         13.4 ns  ref       19.0 ns       0.7x
ExecutionBranch.hash_tree_root                   zero             x507904   bend        917.5 ns  ref      382.0 ns       2.4x
ExecutionBranch.deserialize                      random           x5000000  bend         32.4 ns  ref       35.2 ns       0.9x
ExecutionBranch.serialize                        random           x5000000  bend         13.4 ns  ref       18.1 ns       0.7x
ExecutionBranch.hash_tree_root                   random           x507904   bend        919.5 ns  ref      388.3 ns       2.4x
ExecutionBranch.deserialize                      saturated        x5000000  bend         32.4 ns  ref       35.9 ns       0.9x
ExecutionBranch.serialize                        saturated        x5000000  bend         13.4 ns  ref       18.4 ns       0.7x
ExecutionBranch.hash_tree_root                   saturated        x507904   bend        919.5 ns  ref      384.3 ns       2.4x
ExecutionPayload.deserialize                     small-fixture    x524288   bend        495.9 ns  ref      288.0 ns       1.7x
ExecutionPayload.serialize                       small-fixture    x3145728  bend        140.5 ns  ref      181.9 ns       0.8x
ExecutionPayload.hash_tree_root                  small-fixture    x8192     bend      51391.6 ns  ref    11512.5 ns       4.5x
ExecutionPayload.deserialize                     medium-fixture   x524288   bend        556.9 ns  ref      429.0 ns       1.3x
ExecutionPayload.serialize                       medium-fixture   x1572864  bend        269.6 ns  ref      230.7 ns       1.2x
ExecutionPayload.hash_tree_root                  medium-fixture   x3968     bend      70312.5 ns  ref    15091.2 ns       4.7x
ExecutionPayload.deserialize                     large-fixture    x524288   bend        761.0 ns  ref      575.2 ns       1.3x
ExecutionPayload.serialize                       large-fixture    x1572864  bend        270.2 ns  ref      298.2 ns       0.9x
ExecutionPayload.hash_tree_root                  large-fixture    x4480     bend     105133.9 ns  ref    24123.4 ns       4.4x
ExecutionPayloadHeader.deserialize               small-fixture    x3145728  bend        149.4 ns  ref       87.2 ns       1.7x
ExecutionPayloadHeader.serialize                 small-fixture    x5000000  bend         76.2 ns  ref       68.5 ns       1.1x
ExecutionPayloadHeader.hash_tree_root            small-fixture    x49152    bend      10030.1 ns  ref     1991.1 ns       5.0x
ExecutionPayloadHeader.deserialize               medium-fixture   x3145728  bend        149.7 ns  ref       86.2 ns       1.7x
ExecutionPayloadHeader.serialize                 medium-fixture   x5000000  bend         76.2 ns  ref       68.7 ns       1.1x
ExecutionPayloadHeader.hash_tree_root            medium-fixture   x40960    bend      10058.6 ns  ref     1993.0 ns       5.0x
ExecutionPayloadHeader.deserialize               large-fixture    x3145728  bend        140.2 ns  ref       86.6 ns       1.6x
ExecutionPayloadHeader.serialize                 large-fixture    x5000000  bend         75.0 ns  ref       66.7 ns       1.1x
ExecutionPayloadHeader.hash_tree_root            large-fixture    x49152    bend       9908.0 ns  ref     1963.5 ns       5.0x
ExecutionRequests.deserialize                    small-fixture    x1048576  bend        331.9 ns  ref      116.4 ns       2.9x
ExecutionRequests.serialize                      small-fixture    x5000000  bend         40.8 ns  ref       43.6 ns       0.9x
ExecutionRequests.hash_tree_root                 small-fixture    x32768    bend      12908.9 ns  ref     2726.9 ns       4.7x
ExecutionRequests.deserialize                    medium-fixture   x1048576  bend        334.7 ns  ref      233.9 ns       1.4x
ExecutionRequests.serialize                      medium-fixture   x5000000  bend         75.0 ns  ref       90.0 ns       0.8x
ExecutionRequests.hash_tree_root                 medium-fixture   x16384    bend      24902.3 ns  ref     4934.7 ns       5.0x
ExecutionRequests.deserialize                    large-fixture    x1048576  bend        331.9 ns  ref      375.4 ns       0.9x
ExecutionRequests.serialize                      large-fixture    x3145728  bend        138.6 ns  ref      127.3 ns       1.1x
ExecutionRequests.hash_tree_root                 large-fixture    x8192     bend      37475.6 ns  ref     7755.6 ns       4.8x
FinalityBranch.deserialize                       zero             x5000000  bend         32.2 ns  ref       43.7 ns       0.7x
FinalityBranch.serialize                         zero             x5000000  bend         22.4 ns  ref       26.0 ns       0.9x
FinalityBranch.hash_tree_root                    zero             x126976   bend       2024.0 ns  ref      685.5 ns       3.0x
FinalityBranch.deserialize                       random           x5000000  bend         33.2 ns  ref       42.2 ns       0.8x
FinalityBranch.serialize                         random           x5000000  bend         21.2 ns  ref       22.6 ns       0.9x
FinalityBranch.hash_tree_root                    random           x126976   bend       2000.4 ns  ref      654.4 ns       3.1x
FinalityBranch.deserialize                       saturated        x5000000  bend         31.2 ns  ref       37.9 ns       0.8x
FinalityBranch.serialize                         saturated        x5000000  bend         21.4 ns  ref       23.5 ns       0.9x
FinalityBranch.hash_tree_root                    saturated        x126976   bend       1992.5 ns  ref      656.7 ns       3.0x
Fork.deserialize                                 small-fixture    x5000000  bend         46.0 ns  ref       10.8 ns       4.3x
Fork.serialize                                   small-fixture    x5000000  bend          6.2 ns  ref       13.6 ns       0.5x
Fork.hash_tree_root                              small-fixture    x409600   bend       1179.2 ns  ref      241.7 ns       4.9x
Fork.deserialize                                 medium-fixture   x5000000  bend         44.0 ns  ref       10.8 ns       4.1x
Fork.serialize                                   medium-fixture   x5000000  bend          6.2 ns  ref       13.7 ns       0.5x
Fork.hash_tree_root                              medium-fixture   x409600   bend       1179.2 ns  ref      242.9 ns       4.9x
Fork.deserialize                                 large-fixture    x5000000  bend         44.6 ns  ref       10.7 ns       4.2x
Fork.serialize                                   large-fixture    x5000000  bend          6.2 ns  ref       13.9 ns       0.4x
Fork.hash_tree_root                              large-fixture    x409600   bend       1176.8 ns  ref      241.8 ns       4.9x
ForkData.deserialize                             small-fixture    x5000000  bend         44.4 ns  ref       13.0 ns       3.4x
ForkData.serialize                               small-fixture    x5000000  bend          9.0 ns  ref       14.5 ns       0.6x
ForkData.hash_tree_root                          small-fixture    x524288   bend        537.9 ns  ref      103.4 ns       5.2x
ForkData.deserialize                             medium-fixture   x5000000  bend         44.4 ns  ref       13.1 ns       3.4x
ForkData.serialize                               medium-fixture   x5000000  bend          9.2 ns  ref       14.5 ns       0.6x
ForkData.hash_tree_root                          medium-fixture   x524288   bend        539.8 ns  ref      103.3 ns       5.2x
ForkData.deserialize                             large-fixture    x5000000  bend         44.4 ns  ref       13.0 ns       3.4x
ForkData.serialize                               large-fixture    x5000000  bend          9.0 ns  ref       14.6 ns       0.6x
ForkData.hash_tree_root                          large-fixture    x524288   bend        537.9 ns  ref      103.7 ns       5.2x
ForkDigest.deserialize                           zero             x5000000  bend          9.8 ns  ref       24.0 ns       0.4x
ForkDigest.serialize                             zero             x5000000  bend          6.2 ns  ref        8.2 ns       0.8x
ForkDigest.hash_tree_root                        zero             x5000000  bend         40.0 ns  ref      139.2 ns       0.3x
ForkDigest.deserialize                           random           x5000000  bend          9.8 ns  ref       24.2 ns       0.4x
ForkDigest.serialize                             random           x5000000  bend          6.2 ns  ref        8.1 ns       0.8x
ForkDigest.hash_tree_root                        random           x5000000  bend         39.8 ns  ref      135.4 ns       0.3x
ForkDigest.deserialize                           saturated        x5000000  bend          9.6 ns  ref       24.1 ns       0.4x
ForkDigest.serialize                             saturated        x5000000  bend          6.0 ns  ref        8.0 ns       0.7x
ForkDigest.hash_tree_root                        saturated        x5000000  bend         40.2 ns  ref      133.3 ns       0.3x
G1Point.deserialize                              zero             x5000000  bend         10.0 ns  ref       28.0 ns       0.4x
G1Point.serialize                                zero             x5000000  bend          9.2 ns  ref       13.3 ns       0.7x
G1Point.hash_tree_root                           zero             x1048576  bend        330.0 ns  ref      222.7 ns       1.5x
G1Point.deserialize                              random           x5000000  bend         10.0 ns  ref       28.2 ns       0.4x
G1Point.serialize                                random           x5000000  bend          9.0 ns  ref       13.6 ns       0.7x
G1Point.hash_tree_root                           random           x1048576  bend        330.0 ns  ref      221.5 ns       1.5x
G1Point.deserialize                              saturated        x5000000  bend          9.8 ns  ref       27.7 ns       0.4x
G1Point.serialize                                saturated        x5000000  bend          9.0 ns  ref       13.5 ns       0.7x
G1Point.hash_tree_root                           saturated        x1048576  bend        330.9 ns  ref      221.6 ns       1.5x
G2Point.deserialize                              zero             x5000000  bend          9.8 ns  ref       30.9 ns       0.3x
G2Point.serialize                                zero             x5000000  bend         13.2 ns  ref       16.0 ns       0.8x
G2Point.hash_tree_root                           zero             x524288   bend        864.0 ns  ref      364.1 ns       2.4x
G2Point.deserialize                              random           x5000000  bend         10.2 ns  ref       30.6 ns       0.3x
G2Point.serialize                                random           x5000000  bend         13.2 ns  ref       16.5 ns       0.8x
G2Point.hash_tree_root                           random           x507904   bend        866.3 ns  ref      365.8 ns       2.4x
G2Point.deserialize                              saturated        x5000000  bend         10.0 ns  ref       30.5 ns       0.3x
G2Point.serialize                                saturated        x5000000  bend         13.2 ns  ref       15.9 ns       0.8x
G2Point.hash_tree_root                           saturated        x524288   bend        865.9 ns  ref      367.4 ns       2.4x
Gwei.deserialize                                 zero             x5000000  bend          3.6 ns  ref       23.4 ns       0.2x
Gwei.serialize                                   zero             x5000000  bend          6.0 ns  ref        8.0 ns       0.7x
Gwei.hash_tree_root                              zero             x5000000  bend         39.4 ns  ref      133.9 ns       0.3x
Gwei.deserialize                                 random           x5000000  bend          3.6 ns  ref       23.4 ns       0.2x
Gwei.serialize                                   random           x5000000  bend          6.2 ns  ref        8.1 ns       0.8x
Gwei.hash_tree_root                              random           x5000000  bend         40.4 ns  ref      133.7 ns       0.3x
Gwei.deserialize                                 saturated        x5000000  bend          4.0 ns  ref       23.4 ns       0.2x
Gwei.serialize                                   saturated        x5000000  bend          6.2 ns  ref        7.9 ns       0.8x
Gwei.hash_tree_root                              saturated        x5000000  bend         40.2 ns  ref      136.7 ns       0.3x
Hash32.deserialize                               zero             x5000000  bend          9.8 ns  ref       27.0 ns       0.4x
Hash32.serialize                                 zero             x5000000  bend          7.0 ns  ref       12.3 ns       0.6x
Hash32.hash_tree_root                            zero             x5000000  bend         35.4 ns  ref      124.9 ns       0.3x
Hash32.deserialize                               random           x5000000  bend          9.6 ns  ref       27.3 ns       0.4x
Hash32.serialize                                 random           x5000000  bend          7.0 ns  ref       12.4 ns       0.6x
Hash32.hash_tree_root                            random           x5000000  bend         34.8 ns  ref      126.3 ns       0.3x
Hash32.deserialize                               saturated        x5000000  bend          9.6 ns  ref       27.1 ns       0.4x
Hash32.serialize                                 saturated        x5000000  bend          7.0 ns  ref       12.5 ns       0.6x
Hash32.hash_tree_root                            saturated        x5000000  bend         35.0 ns  ref      122.9 ns       0.3x
