ok    case 1: cell_set_empty=0
ok    case 2: cell_set_4096_at_1=0
ok    case 3: cell_set_64=0
ok    case 4: cell_append_empty=0
ok    case 5: cell_set_2048_control=1
ok    case 6: pbits_append_max=0
ok    case 7: bits2048_append_max=0
ok    case 8: pl_u8_append_max=0
ok    case 9: decode_checked_empty_buf_40=none
ok    case 10: decode_checked_40_control=some
ok    case 11: decode_checked_2gib=none
ok    case 12: complex_default_serialize_ok=1 size=100
ok    case 13: pl_u8_root_huge_claim=done
ok    case 14: bits2048_root_huge_claim=done
ok    case 15: u64list_append_max=0
ok    case 16: pl_u16_append_max=0
ok    case 17: pl_u32_append_max=0
ok    case 18: pl_u64_append_max=0
ok    case 19: pl_u8_append_chunk_wrap=0
ok    case 20: cell_set_one_word=0
ok    case 21: cell_append_one_word=0
ok    case 22: decode_checked_lying_buf=none
ok    case 23: pd_root_huge_claim=done
ok    case 24: pd_cache_huge_claim=done
ok    case 25: pd_cache_at_huge_depth=done
ok    case 26: tight_root_equals_roomy=1
ok    case 27: attestation_1_absent ok=0
ok    case 28: attestation_2_absent ok=0
ok    case 29: both_present_control ok=1
ok    case 30: dirty_root_equals_clean=1
ok    case 31: validator_claim_67108864 ok=0 len=67108864
ok    case 32: pending_deposit_claim_33554432 ok=0 len=33554432
ok    case 33: pl_u8_claim_2gib=0
ok    case 34: pbits_claim_2g=0
ok    case 35: validator_capp_claim_67108864 ok=0 len=67108864
ok    case 36: dump_len=20
ok    case 37: force_claim_100000000=0
ok    case 38: valid_after_get=1
ok    case 39: cached_root_after_ctake_equals_plain_root_after_take=1
ok    case 40: decode_empty_buf_40=none
ok    case 41: decode_40_control=some
ok    case 42: decode_window_41_of_40=none
ok    case 43: decode_window_2_pow_32_minus_1=none
ok    case 44: decode_empty_list_empty_buf=some
ok    case 45: decode_list_window_5_of_empty_buf=none
ok    case 46: size_2_pow_31_plus_1=2147483649
ok    case 47: size_nmax=4294967264
ok    case 48: size_2_pow_32_minus_2=4294967294
ok    case 49: encode_2_pow_32_minus_2_len=0
ok    case 50: serialize_2_pow_32_minus_2 ok=0
ok    case 51: pd_size_22369621=4294967232
ok    case 52: pd_size_22369622=4294967295
ok    case 53: validator_size_17747799=2147483679
ok    case 54: validator_size_35495597=4294967237
ok    case 55: validator_size_35495598=4294967295
ok    case 56: validator_append_at_17747798 ok=1 len=17747799
ok    case 57: validator_append_at_35495597 ok=0 len=35495597
ok    case 58: copy_words_4294967292=2147483648
ok    case 59: pl_u8_valid_nmax_plus_1=0
ok    case 60: pl_u8_valid_nmax=1
ok    case 61: validator_valid_35495598=0
ok    case 62: pts_f_A_4294967249 size=4294967265 valid=0
ok    case 63: pts_f_A_4294967248 size=4294967264 valid=1
ok    case 64: union_size_invalid_payload=4294967295
ok    case 65: plpl_offset_table_2_pow_30=4294967295
ok    case 66: deposit_ctake_cached_root_eq_plain=1
ok    case 67: r5_pl_u8_append_dirty append=1 valid=1 ser_ok=1 ser_size=5
ok    case 68: r5_pl_u16_append_dirty append=1 valid=1 ser_ok=1 ser_size=6
ok    case 69: r5_bits33_append_dirty append=1 valid=1 ser_ok=1 ser_size=5
ok    case 70: r5_progbits_append_dirty append=1 valid=1 ser_ok=1 ser_size=5
ok    case 71: r5_words_slice_empty n=0
ok    case 72: pd_encode_22369622_len=0
ok    case 73: ep_empty_txs_dcost_262676=1837688
ok    case 74: ep_empty_txs_budget_below some=0
ok    case 75: ep_empty_txs_budget_at some=1
ok    case 76: pcts_600MiB_dcost=2438463519 within_2^30_words=0
crash-hunt regression: all cases pass
