Building bend
  bend: compile hit the 6.5 GB cap, retrying
Building bend-c
Building go
case_0 bend baseline 15663104 decode_peak 15810560 overhead 147456 decode_ns 4000000 root_ns 95000000 verified True
case_0 go baseline 8355840 decode_peak 11714560 overhead 3358720 decode_ns 2346666 root_ns 15875250 verified True
case_0 go baseline 8437760 decode_peak 11796480 overhead 3358720 decode_ns 2670583 root_ns 15065041 verified True
case_0 bend baseline 15695872 decode_peak 15826944 overhead 131072 decode_ns 5000000 root_ns 115000000 verified True
case_0 bend baseline 15712256 decode_peak 15876096 overhead 163840 decode_ns 2000000 root_ns 93000000 verified True
case_0 go baseline 8257536 decode_peak 11681792 overhead 3424256 decode_ns 2059750 root_ns 14590500 verified True
case_1 go baseline 8552448 decode_peak 11796480 overhead 3244032 decode_ns 3064000 root_ns 14557417 verified True
case_1 bend baseline 15663104 decode_peak 15794176 overhead 131072 decode_ns 4000000 root_ns 116000000 verified True
case_1 bend baseline 16252928 decode_peak 16252928 overhead 0 decode_ns 2000000 root_ns 93000000 verified True
case_1 go baseline 8257536 decode_peak 11403264 overhead 3145728 decode_ns 2315292 root_ns 14807334 verified True
case_1 go baseline 8437760 decode_peak 11796480 overhead 3358720 decode_ns 2156375 root_ns 14712084 verified True
case_1 bend baseline 15843328 decode_peak 15843328 overhead 0 decode_ns 4000000 root_ns 116000000 verified True
case_2 bend baseline 15663104 decode_peak 15761408 overhead 98304 decode_ns 2000000 root_ns 97000000 verified True
case_2 go baseline 8290304 decode_peak 11698176 overhead 3407872 decode_ns 2285541 root_ns 14878791 verified True
case_2 go baseline 8290304 decode_peak 11730944 overhead 3440640 decode_ns 2556291 root_ns 15395958 verified True
case_2 bend baseline 15695872 decode_peak 15794176 overhead 98304 decode_ns 4000000 root_ns 122000000 verified True
case_2 bend baseline 15908864 decode_peak 15908864 overhead 0 decode_ns 2000000 root_ns 107000000 verified True
case_2 go baseline 8257536 decode_peak 11403264 overhead 3145728 decode_ns 2462041 root_ns 24810417 verified True
case_3 go baseline 8290304 decode_peak 11649024 overhead 3358720 decode_ns 2505375 root_ns 25643458 verified True
case_3 bend baseline 15843328 decode_peak 15843328 overhead 0 decode_ns 11000000 root_ns 122000000 verified True
case_3 bend baseline 15695872 decode_peak 15761408 overhead 65536 decode_ns 4000000 root_ns 117000000 verified True
case_3 go baseline 8257536 decode_peak 11812864 overhead 3555328 decode_ns 2232083 root_ns 19180917 verified True
case_3 go baseline 8323072 decode_peak 11747328 overhead 3424256 decode_ns 5523666 root_ns 25779792 verified True
case_3 bend baseline 15712256 decode_peak 15941632 overhead 229376 decode_ns 9000000 root_ns 121000000 verified True
case_4 bend baseline 15712256 decode_peak 15712256 overhead 0 decode_ns 2000000 root_ns 95000000 verified True
case_4 go baseline 8028160 decode_peak 11386880 overhead 3358720 decode_ns 2029333 root_ns 17504084 verified True
case_4 go baseline 8273920 decode_peak 11665408 overhead 3391488 decode_ns 2679334 root_ns 14721583 verified True
case_4 bend baseline 15958016 decode_peak 15974400 overhead 16384 decode_ns 4000000 root_ns 117000000 verified True
case_4 bend baseline 15695872 decode_peak 15728640 overhead 32768 decode_ns 1000000 root_ns 93000000 verified True
case_4 go baseline 8257536 decode_peak 11780096 overhead 3522560 decode_ns 2467542 root_ns 13839375 verified True
exit=0
