       pass     1882.6 MB       9.3s  exit=0  proofs/active_slot_bound.bend
       pass      111.9 MB       0.2s  exit=0  proofs/basic_root.bend
       pass     1677.1 MB       9.9s  exit=0  proofs/bit_chunk_count.bend
       pass      293.8 MB      11.9s  exit=0  proofs/bit_decode.bend
       pass      266.8 MB      12.4s  exit=0  proofs/bit_decoding.bend
       pass     1676.8 MB      11.2s  exit=0  proofs/bit_delimiter.bend
       pass      173.2 MB       1.7s  exit=0  proofs/bit_inverse.bend
       pass     1569.3 MB      28.5s  exit=0  proofs/bit_list_canonical.bend
       pass     1593.7 MB      28.7s  exit=0  proofs/bit_list_codec.bend
       pass      181.3 MB       1.4s  exit=0  proofs/bit_list_inverse.bend
       pass     1725.5 MB      28.4s  exit=0  proofs/bit_list_root.bend
       pass      147.7 MB       0.6s  exit=0  proofs/bit_packing.bend
       pass     1538.2 MB      11.4s  exit=0  proofs/bit_padding.bend
       pass     1635.6 MB      12.7s  exit=0  proofs/bit_padding_pack.bend
       pass     1761.9 MB      23.0s  exit=0  proofs/bit_root.bend
       pass       71.7 MB       0.2s  exit=0  proofs/bit_take_unique.bend
       pass      328.6 MB      13.6s  exit=0  proofs/bit_vector_canonical.bend
       pass      354.5 MB      14.9s  exit=0  proofs/bit_vector_inverse.bend
       pass      148.3 MB       0.6s  exit=0  proofs/bitfields.bend
       pass       68.8 MB       0.1s  exit=0  proofs/boolean_canonical.bend
       pass      120.3 MB       0.2s  exit=0  proofs/byte_arithmetic.bend
       pass     1833.9 MB      30.3s  exit=0  proofs/byte_list.bend
       pass     1692.8 MB      13.1s  exit=0  proofs/byte_root.bend
       pass       98.5 MB       0.2s  exit=0  proofs/bytes.bend
       pass     1661.1 MB      12.3s  exit=0  proofs/cached_tree.bend
       pass     1747.9 MB      10.7s  exit=0  proofs/codec_accumulator.bend
       pass     2155.1 MB      28.5s  exit=0  proofs/codec_composition.bend
       pass     1777.1 MB      10.7s  exit=0  proofs/codec_count.bend
       pass     2056.1 MB      31.7s  exit=0  proofs/codec_helpers.bend
       pass      184.1 MB       0.8s  exit=0  proofs/codec_inverse.bend
       pass     2114.5 MB      30.2s  exit=0  proofs/codec_leaves.bend
       pass      143.2 MB       0.2s  exit=0  proofs/codec_shape.bend
       pass      360.6 MB       0.5s  exit=0  proofs/compatibility_bounded.bend
       pass       92.9 MB       0.2s  exit=0  proofs/compatibility_choice.bend
       pass     2563.5 MB      32.1s  exit=0  proofs/compatibility_complete.bend
       pass       98.5 MB       0.2s  exit=0  proofs/compatibility_derivation.bend
       pass      355.6 MB       0.5s  exit=0  proofs/compatibility_equations.bend
       pass     4005.5 MB      71.1s  exit=0  proofs/compatibility_equivalence.bend
       pass     2475.0 MB      31.6s  exit=0  proofs/compatibility_finite.bend
       pass     2414.3 MB      32.4s  exit=0  proofs/compatibility_finite_identity.bend
       pass     1957.8 MB      12.9s  exit=0  proofs/compatibility_identity.bend
       pass     1753.3 MB      11.9s  exit=0  proofs/compatibility_measure.bend
       pass      843.3 MB       1.5s  exit=0  proofs/compatibility_monotone.bend
       pass      852.6 MB       1.5s  exit=0  proofs/compatibility_named.bend
       pass      362.5 MB       0.5s  exit=0  proofs/compatibility_positions.bend
       pass     3344.5 MB      52.7s  exit=0  proofs/compatibility_public_budget.bend
       pass     2075.8 MB      29.8s  exit=0  proofs/compatibility_rank.bend
       pass     1837.4 MB      12.2s  exit=0  proofs/compatibility_slot_shape.bend
       pass     2675.4 MB      13.0s  exit=0  proofs/compatibility_soundness.bend
       pass     3203.6 MB      45.4s  exit=0  proofs/compatibility_stability.bend
       pass     2194.2 MB      29.3s  exit=0  proofs/complete_decode.bend
       pass     2159.5 MB      30.2s  exit=0  proofs/complete_leaves.bend
       pass     2233.4 MB      30.1s  exit=0  proofs/complete_regions.bend
       pass     2270.1 MB      30.7s  exit=0  proofs/complete_step.bend
       pass     2215.3 MB      30.7s  exit=0  proofs/complete_walk.bend
       pass     2085.5 MB      33.2s  exit=0  proofs/cursor_cases.bend
       pass     2017.1 MB      26.4s  exit=0  proofs/cursor_leaves.bend
       pass     2100.4 MB      26.4s  exit=0  proofs/cursor_legal.bend
       pass     2089.7 MB      26.7s  exit=0  proofs/cursor_sound.bend
       pass     2104.7 MB      26.5s  exit=0  proofs/cursor_walk.bend
       pass     1721.1 MB       9.5s  exit=0  proofs/cvalue_chain.bend
       pass        0.1 MB       0.1s  exit=0  proofs/decode_budget.bend
       pass     3105.3 MB      37.2s  exit=0  proofs/decode_canonical.bend
       pass     4615.5 MB      53.9s  exit=0  proofs/decode_complete.bend
       pass        0.1 MB       0.1s  exit=0  proofs/decode_congruence.bend
       pass        0.1 MB       0.1s  exit=0  proofs/decode_count_bound.bend
       pass     1935.8 MB      25.5s  exit=0  proofs/decode_facts.bend
       pass        0.2 MB       0.1s  exit=0  proofs/decode_goal.bend
       pass     4136.3 MB      34.9s  exit=0  proofs/decode_image.bend
       pass        0.1 MB       0.1s  exit=0  proofs/decode_inputs.bend
       pass        0.2 MB       0.1s  exit=0  proofs/decode_inverse.bend
       pass        0.1 MB       0.1s  exit=0  proofs/decode_layout_bound.bend
       pass        0.2 MB       0.1s  exit=0  proofs/decode_monotone.bend
       pass     1990.7 MB      25.4s  exit=0  proofs/decode_rank.bend
       pass     1790.1 MB      10.2s  exit=0  proofs/decode_selection_bound.bend
       pass     1942.8 MB      26.8s  exit=0  proofs/decode_shape.bend
       pass     3014.2 MB      34.1s  exit=0  proofs/decode_soundness.bend
       pass        0.2 MB       0.1s  exit=0  proofs/decode_stability.bend
       pass     3202.1 MB      36.9s  exit=0  proofs/decode_top.bend
       pass     1649.0 MB      20.6s  exit=0  proofs/division.bend
       pass      202.1 MB       0.6s  exit=0  proofs/encoding_complete.bend
       pass     4558.7 MB      31.4s  exit=0  proofs/encoding_domain.bend
       pass      120.5 MB       0.2s  exit=0  proofs/exact_division.bend
       pass     2001.5 MB      11.1s  exit=0  proofs/fulu_adapter_complete.bend
       pass     1982.1 MB      15.8s  exit=0  proofs/fulu_adapter_inverse.bend
       pass     2016.0 MB      16.3s  exit=0  proofs/fulu_adapter_preservation.bend
       pass     1684.2 MB      14.9s  exit=0  proofs/fulu_byte_inventory.bend
       pass     1569.8 MB      15.2s  exit=0  proofs/fulu_bytes.bend
       pass     2003.1 MB      13.4s  exit=0  proofs/fulu_legality.bend
       pass     1712.6 MB      33.9s  exit=0  proofs/fulu_list_inventory.bend
       pass     2103.5 MB      15.8s  exit=0  proofs/fulu_named.bend
       pass      188.6 MB       1.2s  exit=0  proofs/fulu_primitives.bend
       pass     2415.4 MB      36.6s  exit=0  proofs/fulu_serialization_inventory.bend
       pass     1963.1 MB      22.1s  exit=0  proofs/identity_decision.bend
       pass     1907.8 MB       8.6s  exit=0  proofs/identity_equivalence.bend
       pass     1882.3 MB       9.2s  exit=0  proofs/identity_legality.bend
       pass        0.2 MB       0.1s  exit=0  proofs/identity_logic.bend
       pass      469.9 MB      13.1s  exit=0  proofs/identity_normalization.bend
       pass     1781.4 MB      10.2s  exit=0  proofs/identity_total.bend
       pass       60.8 MB       0.1s  exit=0  proofs/identity_unsigned.bend
       pass      145.0 MB       0.3s  exit=0  proofs/integer_decoding.bend
       pass      126.6 MB       0.2s  exit=0  proofs/integer_encoding.bend
       pass     1649.5 MB      22.7s  exit=0  proofs/layout.bend
       pass     1879.3 MB      25.9s  exit=0  proofs/layout_bounds.bend
       pass     1886.7 MB      23.6s  exit=0  proofs/layout_counts.bend
       pass     1678.8 MB       9.4s  exit=0  proofs/layout_extents.bend
       pass     1878.8 MB      21.4s  exit=0  proofs/layout_headers.bend
       pass     1588.8 MB      22.8s  exit=0  proofs/layout_image.bend
       pass     1676.0 MB      21.2s  exit=0  proofs/layout_image_extents.bend
       pass     1607.1 MB      20.3s  exit=0  proofs/layout_image_headers.bend
       pass     1602.1 MB      20.4s  exit=0  proofs/layout_offset_value.bend
       pass     1514.0 MB       8.9s  exit=0  proofs/layout_slices.bend
       pass     1649.7 MB      21.2s  exit=0  proofs/leaf_sizes.bend
       pass     1671.6 MB       9.1s  exit=0  proofs/limits.bend
       pass      117.6 MB       0.2s  exit=0  proofs/lists.bend
       pass     1628.9 MB       8.6s  exit=0  proofs/merkle.bend
       pass       76.1 MB       0.1s  exit=0  proofs/metadata_reflection.bend
       pass     1571.9 MB       8.8s  exit=0  proofs/mixing.bend
       pass     1594.6 MB      23.9s  exit=0  proofs/nat_algebra.bend
       pass     1527.2 MB      22.6s  exit=0  proofs/nat_bytes.bend
       pass     1664.0 MB      12.6s  exit=0  proofs/nat_order.bend
       pass     2149.5 MB      22.4s  exit=0  proofs/normative_encoding.bend
       pass     1562.0 MB      20.4s  exit=0  proofs/offset_digits.bend
       pass      208.0 MB       0.3s  exit=0  proofs/packed.bend
       pass     2621.2 MB      23.3s  exit=0  proofs/packed_domain.bend
       pass     2712.5 MB      30.2s  exit=0  proofs/packed_pack.bend
       pass     3367.3 MB      24.3s  exit=0  proofs/packed_pack_acc.bend
       pass      112.9 MB       0.2s  exit=0  proofs/packing.bend
       pass     1646.0 MB      23.5s  exit=0  proofs/parts_algebra.bend
       pass       71.2 MB       0.2s  exit=0  proofs/power_division.bend
       pass       79.2 MB       0.1s  exit=0  proofs/prefix.bend
       pass      114.6 MB       0.2s  exit=0  proofs/primitive_invariants.bend
       pass       66.0 MB       0.1s  exit=0  proofs/primitives.bend
       pass     1538.0 MB      10.1s  exit=0  proofs/progressive.bend
       pass       76.6 MB       0.1s  exit=0  proofs/representation_erasure.bend
       pass     4985.5 MB      37.5s  exit=0  proofs/root_complete.bend
       pass     1902.2 MB      26.7s  exit=0  proofs/root_complete_steps.bend
       pass     4820.9 MB      62.5s  exit=0  proofs/root_domain_broader.bend
       pass     3740.6 MB      30.0s  exit=0  proofs/root_domain_compat.bend
       pass     1851.2 MB      23.2s  exit=0  proofs/root_domain_steps.bend
       pass     5011.8 MB      53.3s  exit=0  proofs/root_domain_witness.bend
       pass     4514.3 MB      50.3s  exit=0  proofs/root_public.bend
       pass     1795.6 MB      34.8s  exit=0  proofs/root_relation_leaves.bend
       pass     1707.2 MB      13.9s  exit=0  proofs/root_relation_merkle.bend
       pass     1850.1 MB      31.8s  exit=0  proofs/root_scope.bend
       pass     4734.6 MB      43.1s  exit=0  proofs/root_sound.bend
       pass     1932.8 MB      29.2s  exit=0  proofs/root_steps.bend
       pass     4825.2 MB      40.1s  exit=0  proofs/root_total.bend
       pass     1941.0 MB      34.4s  exit=0  proofs/root_total_steps.bend
       pass      314.7 MB       0.4s  exit=0  proofs/schema.bend
       pass      427.6 MB       0.7s  exit=0  proofs/schema_forest.bend
       pass     1980.2 MB      23.3s  exit=0  proofs/schema_lookups.bend
       pass     1769.4 MB       8.5s  exit=0  proofs/schema_measure.bend
       pass     1728.9 MB       8.4s  exit=0  proofs/schema_selection_shape.bend
       pass     1969.4 MB      22.6s  exit=0  proofs/schema_width.bend
       pass     1620.5 MB      10.6s  exit=0  proofs/tree.bend
       pass       80.0 MB       0.1s  exit=0  proofs/type_legality_structure.bend
       pass     6201.5 MB      49.4s  exit=0  proofs/type_validator_complete.bend
       pass     6044.6 MB      32.2s  exit=0  proofs/type_validator_soundness.bend
       pass       76.4 MB       0.1s  exit=0  proofs/u32_order.bend
       pass     1906.7 MB      20.2s  exit=0  proofs/validator_fields.bend
       pass     1813.4 MB       8.8s  exit=0  proofs/validator_metadata.bend
       pass     3198.7 MB      24.8s  exit=0  proofs/validator_selectors.bend
       pass     2137.4 MB      21.2s  exit=0  proofs/value_domain.bend
       pass      151.5 MB       0.2s  exit=0  proofs/walk.bend
       pass       83.4 MB       0.1s  exit=0  proofs/word_facts.bend
       pass      116.1 MB       0.2s  exit=0  proofs/word_nat.bend
       pass       77.4 MB       0.1s  exit=0  proofs/word_split.bend
       pass     1430.0 MB       8.6s  exit=0  HASH_PROOF.bend
       pass     5281.4 MB      48.9s  exit=0  END_TO_END.bend
       pass     5396.8 MB      71.8s  exit=0  ROOT_DOMAIN.bend
       pass     5727.7 MB      51.4s  exit=0  PROOF.bend
