EEEEE
======================================================================
ERROR: test_interrupt_preserves_inventory_and_nonzero_status (__main__.TransportFailureTests.test_interrupt_preserves_inventory_and_nonzero_status)
----------------------------------------------------------------------
Traceback (most recent call last):
  File "/Users/monkeair/work/bend-ssz/tests/new/test_transport.py", line 33, in test_interrupt_preserves_inventory_and_nonzero_status
    with tempfile.TemporaryDirectory(dir=ROOT / 'build') as directory:
         ^^^^^^^^^^^^^^^^^^^^^^^^^^^^^^^^^^^^^^^^^^^^^^^
  File "/Users/monkeair/.local/share/uv/python/cpython-3.12.12-macos-aarch64-none/lib/python3.12/tempfile.py", line 886, in __init__
    self.name = mkdtemp(suffix, prefix, dir)
                ^^^^^^^^^^^^^^^^^^^^^^^^^^^^
  File "/Users/monkeair/.local/share/uv/python/cpython-3.12.12-macos-aarch64-none/lib/python3.12/tempfile.py", line 384, in mkdtemp
    _os.mkdir(file, 0o700)
FileNotFoundError: [Errno 2] No such file or directory: '/Users/monkeair/work/bend-ssz/build/tmpyfk0rjmw'

======================================================================
ERROR: test_missing_backend_responses_fail (__main__.TransportFailureTests.test_missing_backend_responses_fail)
----------------------------------------------------------------------
Traceback (most recent call last):
  File "/Users/monkeair/work/bend-ssz/tests/new/test_transport.py", line 60, in test_missing_backend_responses_fail
    self.run_failure(lambda *a, **k: SimpleNamespace(returncode=0, stderr='', stdout='[]'))
  File "/Users/monkeair/work/bend-ssz/tests/new/test_transport.py", line 20, in run_failure
    with tempfile.TemporaryDirectory(dir=ROOT / 'build') as directory:
         ^^^^^^^^^^^^^^^^^^^^^^^^^^^^^^^^^^^^^^^^^^^^^^^
  File "/Users/monkeair/.local/share/uv/python/cpython-3.12.12-macos-aarch64-none/lib/python3.12/tempfile.py", line 886, in __init__
    self.name = mkdtemp(suffix, prefix, dir)
                ^^^^^^^^^^^^^^^^^^^^^^^^^^^^
  File "/Users/monkeair/.local/share/uv/python/cpython-3.12.12-macos-aarch64-none/lib/python3.12/tempfile.py", line 384, in mkdtemp
    _os.mkdir(file, 0o700)
FileNotFoundError: [Errno 2] No such file or directory: '/Users/monkeair/work/bend-ssz/build/tmpzwumruau'

======================================================================
ERROR: test_nonzero_backend_is_failure (__main__.TransportFailureTests.test_nonzero_backend_is_failure)
----------------------------------------------------------------------
Traceback (most recent call last):
  File "/Users/monkeair/work/bend-ssz/tests/new/test_transport.py", line 47, in test_nonzero_backend_is_failure
    self.run_failure(lambda *a, **k: SimpleNamespace(returncode=1, stderr='backend crashed', stdout=''))
  File "/Users/monkeair/work/bend-ssz/tests/new/test_transport.py", line 20, in run_failure
    with tempfile.TemporaryDirectory(dir=ROOT / 'build') as directory:
         ^^^^^^^^^^^^^^^^^^^^^^^^^^^^^^^^^^^^^^^^^^^^^^^
  File "/Users/monkeair/.local/share/uv/python/cpython-3.12.12-macos-aarch64-none/lib/python3.12/tempfile.py", line 886, in __init__
    self.name = mkdtemp(suffix, prefix, dir)
                ^^^^^^^^^^^^^^^^^^^^^^^^^^^^
  File "/Users/monkeair/.local/share/uv/python/cpython-3.12.12-macos-aarch64-none/lib/python3.12/tempfile.py", line 384, in mkdtemp
    _os.mkdir(file, 0o700)
FileNotFoundError: [Errno 2] No such file or directory: '/Users/monkeair/work/bend-ssz/build/tmpfpip1y83'

======================================================================
ERROR: test_structured_backend_error_is_not_rejection (__main__.TransportFailureTests.test_structured_backend_error_is_not_rejection)
----------------------------------------------------------------------
Traceback (most recent call last):
  File "/Users/monkeair/work/bend-ssz/tests/new/test_transport.py", line 57, in test_structured_backend_error_is_not_rejection
    self.run_failure(errors)
  File "/Users/monkeair/work/bend-ssz/tests/new/test_transport.py", line 20, in run_failure
    with tempfile.TemporaryDirectory(dir=ROOT / 'build') as directory:
         ^^^^^^^^^^^^^^^^^^^^^^^^^^^^^^^^^^^^^^^^^^^^^^^
  File "/Users/monkeair/.local/share/uv/python/cpython-3.12.12-macos-aarch64-none/lib/python3.12/tempfile.py", line 886, in __init__
    self.name = mkdtemp(suffix, prefix, dir)
                ^^^^^^^^^^^^^^^^^^^^^^^^^^^^
  File "/Users/monkeair/.local/share/uv/python/cpython-3.12.12-macos-aarch64-none/lib/python3.12/tempfile.py", line 384, in mkdtemp
    _os.mkdir(file, 0o700)
FileNotFoundError: [Errno 2] No such file or directory: '/Users/monkeair/work/bend-ssz/build/tmp1wsg_dd7'

======================================================================
ERROR: test_timeout_is_failure (__main__.TransportFailureTests.test_timeout_is_failure)
----------------------------------------------------------------------
Traceback (most recent call last):
  File "/Users/monkeair/work/bend-ssz/tests/new/test_transport.py", line 50, in test_timeout_is_failure
    self.run_failure(runner.subprocess.TimeoutExpired('bend', 180))
  File "/Users/monkeair/work/bend-ssz/tests/new/test_transport.py", line 20, in run_failure
    with tempfile.TemporaryDirectory(dir=ROOT / 'build') as directory:
         ^^^^^^^^^^^^^^^^^^^^^^^^^^^^^^^^^^^^^^^^^^^^^^^
  File "/Users/monkeair/.local/share/uv/python/cpython-3.12.12-macos-aarch64-none/lib/python3.12/tempfile.py", line 886, in __init__
    self.name = mkdtemp(suffix, prefix, dir)
                ^^^^^^^^^^^^^^^^^^^^^^^^^^^^
  File "/Users/monkeair/.local/share/uv/python/cpython-3.12.12-macos-aarch64-none/lib/python3.12/tempfile.py", line 384, in mkdtemp
    _os.mkdir(file, 0o700)
FileNotFoundError: [Errno 2] No such file or directory: '/Users/monkeair/work/bend-ssz/build/tmpqb71j1pi'

----------------------------------------------------------------------
Ran 5 tests in 0.003s

FAILED (errors=5)
