0 slot 1277484341:3615215219 OK
0 validators 8 OK
0 last_validator_effective_balance 953067080:3588287461 OK
0 balances 6 OK
0 historical_roots 5 OK
0 proposer_lookahead_3 3002243689:1093694142 OK
0 payload_header 2738868+605 OK
0 extra_data 2739452+21 OK
0 payload_header_encoding 78497/605 OK
0 eth1_votes 6 OK
1 slot 870804764:1548033250 OK
1 validators 7 OK
1 last_validator_effective_balance 4067315068:1578341635 OK
1 balances 4 OK
1 historical_roots 3 OK
1 proposer_lookahead_3 3739363796:1365104546 OK
1 payload_header 2738383+607 OK
1 extra_data 2738967+23 OK
1 payload_header_encoding 77037/607 OK
1 eth1_votes 2 OK
2 slot 3587808487:2523306042 OK
2 validators 7 OK
2 last_validator_effective_balance 3753198521:2690887976 OK
2 balances 1 OK
2 historical_roots 5 OK
2 proposer_lookahead_3 395874422:1039037749 OK
2 payload_header 2738824+615 OK
2 extra_data 2739408+31 OK
2 payload_header_encoding 75170/615 OK
2 eth1_votes 7 OK
3 slot 3798558794:2716931968 OK
3 validators 7 OK
3 last_validator_effective_balance 2520963441:2876651308 OK
3 balances 5 OK
3 historical_roots 0 OK
3 proposer_lookahead_3 1034069466:738800452 OK
3 payload_header 2738529+609 OK
3 extra_data 2739113+25 OK
3 payload_header_encoding 79607/609 OK
3 eth1_votes 5 OK
4 slot 2774843386:3202436614 OK
4 validators 0 OK
4 balances 4 OK
4 historical_roots 9 OK
4 proposer_lookahead_3 734995624:1680002065 OK
4 payload_header 2737677+614 OK
4 extra_data 2738261+30 OK
4 payload_header_encoding 79314/614 OK
4 eth1_votes 1 OK
mismatches 0
