# check_fast.sh --jobs 12 --no-localize --jsc-stack 2621440 (ulimit -s 16384, JSC 2.5 MB), toolchain-rigid-aa99b746, port-ev tree; 46 umbrellas
# columns of summary.tsv: umbrella, exit, ALL-PROOFS-CHECK lines, seconds, peak MB, roots
000.bend	1	0	107.76	15284	benchmarks/compact/oinvalid.bend benchmarks/objprog/f0.bend benchmarks/objprog/f1.be
001.bend	0	1	7.12	1132	e2e/l16_Deposit_api_witness_generated.bend e2e/l16_SignedBLSToExecutionChange_api_witne
002.bend	0	1	6.26	884	e2e/bits131072_api_witness_generated.bend e2e/bits2048_api_witness_generated.bend e2e/l1
003.bend	0	1	6.94	974	e2e/l1099511627776_Validator_api_witness_generated.bend e2e/l1099511627776_u64_api_witne
004.bend	0	1	6.44	1052	e2e/bl1073741824_api_witness_generated.bend e2e/l16_WithdrawalRequest_api_witness_gener
005.bend	0	1	6.53	1103	e2e/l134217728_PendingDeposit_api_witness_generated.bend e2e/l134217728_PendingPartialW
006.bend	0	1	13.46	611	proofs/obj/coll_bits.bend
007.bend	1	0	26.37	6808	benchmarks/compact/ocache.bend e2e/FuluBeaconState_e2e_comp_generated.bend native_benc
008.bend	0	1	3.51	520	e2e/b131072_api_witness_generated.bend e2e/b2048_api_witness_generated.bend e2e/l128_u64
009.bend	0	1	2.89	553	proofs/obj/coll_bytes.bend
010.bend	0	1	6.26	1129	e2e/b256_api_witness_generated.bend e2e/bl32_api_witness_generated.bend e2e/l1048576_bl
011.bend	0	1	91.60	22133	benchmarks/compact/omut.bend benchmarks/objprog/f12.bend benchmarks/objprog/f13.bend 
012.bend	0	1	58.31	5834	proofs/api/FuluLightClientUpdate_encode_ssz_proof_generated.bend proofs/api/proglist_u
013.bend	0	1	64.15	9706	proofs/api/FuluLightClientFinalityUpdate_decode_ssz_proof_generated.bend proofs/api/Fu
014.bend	1	0	37.94	6095	PROOF.bend e2e/FuluBeaconBlockBody_e2e_set_witness_generated.bend e2e/FuluBeaconBlock_
015.bend	0	1	83.37	19267	e2e/FuluBeaconBlockBody_e2e_witness_generated.bend proofs/api/FuluBeaconBlockBody_has
016.bend	1	0	45.85	10440	e2e/ComplexTestStruct_e2e_dec_generated.bend e2e/FuluLightClientFinalityUpdate_e2e_de
017.bend	0	1	63.35	4261	e2e/vec_uint256_16_e2e_ser_generated.bend e2e/vec_uint256_8_e2e_ser_generated.bend e2e
018.bend	0	1	58.82	6727	benchmarks/objprog/x10.bend proofs/api/FixedTestStruct_encode_ssz_proof_generated.bend
019.bend	1	0	25.87	3486	e2e/FuluMatrixEntry_e2e_comp_generated.bend e2e/FuluMatrixEntry_e2e_witness_generated.
020.bend	1	0	26.65	3821	benchmarks/objprog/f22.bend benchmarks/objprog/f26.bend benchmarks/objprog/g6.bend e2e
021.bend	1	0	51.10	3546	e2e/progbitlist_e2e_witness_generated.bend e2e/vec_uint128_16_e2e_ser_generated.bend e
022.bend	1	0	65.72	7923	e2e/FuluDataColumnSidecar_e2e_dec_generated.bend e2e/FuluDataColumnSidecar_e2e_witness
023.bend	0	1	76.24	7654	benchmarks/objprog/f23.bend benchmarks/objprog/f24.bend benchmarks/objprog/g8.bend e2e
024.bend	1	0	27.66	5522	benchmarks/objprog/f15.bend benchmarks/objprog/f16.bend benchmarks/objprog/f17.bend be
025.bend	0	1	48.17	5617	proofs/api/FuluLightClientBootstrap_decode_ssz_proof_generated.bend proofs/api/FuluSig
026.bend	0	1	41.70	4950	e2e/proglist_bool_e2e_comp_generated.bend e2e/proglist_bool_e2e_witness_generated.bend
027.bend	0	1	51.61	5793	e2e/bitlist_15_e2e_comp_generated.bend e2e/bitlist_15_e2e_witness_generated.bend e2e/b
028.bend	0	1	86.84	15759	e2e/FuluBeaconBlock_e2e_witness_generated.bend proofs/api/FuluBeaconBlock_hashtreeroo
029.bend	0	1	72.92	7988	benchmarks/objprog/f19.bend benchmarks/objprog/g1.bend benchmarks/objprog/g2.bend benc
030.bend	0	1	59.01	4226	e2e/vec_uint16_513_e2e_ser_generated.bend e2e/vec_uint16_513_e2e_witness_generated.ben
031.bend	0	1	67.04	6936	e2e/FuluBlob_e2e_comp_generated.bend e2e/FuluBlob_e2e_ser_generated.bend e2e/FuluBlob_
032.bend	0	1	42.90	4186	e2e/vec_uint8_512_e2e_ser_generated.bend e2e/vec_uint8_512_e2e_witness_generated.bend 
033.bend	0	1	65.28	11509	e2e/FuluBeaconBlockBody_e2e_dec_generated.bend e2e/FuluBeaconBlock_e2e_dec_generated.
034.bend	0	1	86.66	8969	e2e/FuluAggregateAndProof_e2e_comp_generated.bend e2e/FuluAggregateAndProof_e2e_witnes
035.bend	0	1	76.47	4188	benchmarks/objprog/x6.bend e2e/ProgressiveSingleFieldContainerTestStruct_e2e_set_witne
036.bend	0	1	54.28	4260	e2e/vec_uint16_512_e2e_ser_generated.bend e2e/vec_uint16_512_e2e_witness_generated.ben
037.bend	0	1	68.93	6445	benchmarks/objprog/f11.bend benchmarks/objprog/f18.bend e2e/FuluDepositRequest_e2e_com
038.bend	1	0	52.54	4158	benchmarks/objprog/x14.bend benchmarks/objprog/x8.bend benchmarks/objprog/x9.bend e2e/
039.bend	0	1	76.07	6637	e2e/FuluBlobSidecar_e2e_dec_generated.bend e2e/FuluBlobSidecar_e2e_witness_generated.b
040.bend	0	1	68.30	5992	benchmarks/objprog/f21.bend benchmarks/objprog/g7.bend e2e/FuluAttesterSlashing_e2e_co
041.bend	0	1	72.43	8767	benchmarks/objprog/x0.bend benchmarks/objprog/x11.bend benchmarks/objprog/x12.bend ben
042.bend	0	1	66.17	6294	e2e/FixedTestStruct_e2e_comp_generated.bend e2e/FixedTestStruct_e2e_ser_generated.bend
043.bend	0	1	60.95	6388	benchmarks/objprog/x1.bend benchmarks/objprog/x2.bend benchmarks/objprog/x4.bend e2e/P
044.bend	0	1	59.45	6267	e2e/FuluLightClientFinalityUpdate_e2e_witness_generated.bend e2e/FuluSyncCommitteeCont
045.bend	1	0	37.81	4778	benchmarks/objprog/x7.bend e2e/ComplexTestStruct_e2e_set_generated.bend e2e/ComplexTes

# first lines of each failing umbrella log
== 000.bend
CHECK_STACK ulimit_kb=16384 jsc_bytes=2621440
SOME PROOFS FAIL
Error: the machine stack overflowed (a deep recursion, or a literal too large to expand)
Command exited with non-zero status 1
== 007.bend
CHECK_STACK ulimit_kb=16384 jsc_bytes=2621440
SOME PROOFS FAIL
Error: the machine stack overflowed (a deep recursion, or a literal too large to expand)
Command exited with non-zero status 1
== 014.bend
CHECK_STACK ulimit_kb=16384 jsc_bytes=2621440
SOME PROOFS FAIL
Error: the machine stack overflowed (a deep recursion, or a literal too large to expand)
Command exited with non-zero status 1
== 016.bend
CHECK_STACK ulimit_kb=16384 jsc_bytes=2621440
SOME PROOFS FAIL
Error: the machine stack overflowed (a deep recursion, or a literal too large to expand)
Command exited with non-zero status 1
== 019.bend
CHECK_STACK ulimit_kb=16384 jsc_bytes=2621440
SOME PROOFS FAIL
Error: the machine stack overflowed (a deep recursion, or a literal too large to expand)
Command exited with non-zero status 1
== 020.bend
CHECK_STACK ulimit_kb=16384 jsc_bytes=2621440
SOME PROOFS FAIL
Error: the machine stack overflowed (a deep recursion, or a literal too large to expand)
Command exited with non-zero status 1
== 021.bend
CHECK_STACK ulimit_kb=16384 jsc_bytes=2621440
SOME PROOFS FAIL
Error: the machine stack overflowed (a deep recursion, or a literal too large to expand)
Command exited with non-zero status 1
== 022.bend
CHECK_STACK ulimit_kb=16384 jsc_bytes=2621440
SOME PROOFS FAIL
Error: the machine stack overflowed (a deep recursion, or a literal too large to expand)
Command exited with non-zero status 1
== 024.bend
CHECK_STACK ulimit_kb=16384 jsc_bytes=2621440
SOME PROOFS FAIL
Error: the machine stack overflowed (a deep recursion, or a literal too large to expand)
Command exited with non-zero status 1
== 038.bend
CHECK_STACK ulimit_kb=16384 jsc_bytes=2621440
SOME PROOFS FAIL
Error: the machine stack overflowed (a deep recursion, or a literal too large to expand)
Command exited with non-zero status 1
== 045.bend
CHECK_STACK ulimit_kb=16384 jsc_bytes=2621440
SOME PROOFS FAIL
Error: the machine stack overflowed (a deep recursion, or a literal too large to expand)
Command exited with non-zero status 1

# failed: 11 of 46
