Law map complete; independent semantic audit must verify non-weakening
CHECK: ['/Users/monkeair/.bend/bin/bend', 'PROOF.bend']
All terms check.
CHECK: ['/Users/monkeair/work/fulu-bend/.venv/bin/python', '/Users/monkeair/work/ssz-optimization/runs/20260920T131722Z-a5177f5e/iterations/0008/workspace/tools/run_runtime_tests.py', 'tests/sha256.test.ts', 'tests/new/bit_root.test.ts', 'tests/new/bitfields.test.ts', 'tests/new/byte_list.test.ts', 'tests/new/bytes.test.ts', 'tests/new/compatibility_spec.test.ts', 'tests/new/composite.test.ts', 'tests/new/fulu_inventory.test.ts', 'tests/new/fulu_spec_inventory.test.ts', 'tests/new/layout.test.ts', 'tests/new/limits_byte_root.test.ts', 'tests/new/mixing.test.ts', 'tests/new/nat_bytes.test.ts', 'tests/new/packing_tree.test.ts', 'tests/new/primitives.test.ts']
RUN: /Users/monkeair/.bun/bin/bun test --timeout 600000 --preload /Users/monkeair/work/ssz-optimization/runs/20260920T131722Z-a5177f5e/iterations/0008/workspace/tools/bend_loader.ts ./tests/sha256.test.ts ./tests/new/bit_root.test.ts ./tests/new/bitfields.test.ts ./tests/new/byte_list.test.ts ./tests/new/bytes.test.ts ./tests/new/compatibility_spec.test.ts ./tests/new/composite.test.ts ./tests/new/fulu_inventory.test.ts ./tests/new/fulu_spec_inventory.test.ts ./tests/new/layout.test.ts ./tests/new/limits_byte_root.test.ts ./tests/new/mixing.test.ts ./tests/new/nat_bytes.test.ts ./tests/new/packing_tree.test.ts ./tests/new/primitives.test.ts
bun test v1.4.2 (744846f84)

 51 pass
 0 fail
 20009 expect() calls
Ran 51 tests across 15 files. [120.56s]
runtime tests: 51/51 passed, 0 failed, 0 errors, 20009 assertions, 15/15 files (baseline 0011 (Bend 2.0.5, historical): 51 tests / 20009 assertions)
CHECK: ['/Users/monkeair/work/fulu-bend/.venv/bin/python', 'tools/spectests.py', '--report', '/Users/monkeair/work/ssz-optimization/runs/20260920T131722Z-a5177f5e/iterations/0008/workspace/build/spectests.json']
batch 1: 192 passed so far
batch 2: 384 passed so far
batch 3: 570 passed so far
batch 4: 634 passed so far
batch 5: 698 passed so far
batch 6: 762 passed so far
batch 7: 826 passed so far
batch 8: 896 passed so far
batch 9: 1088 passed so far
batch 10: 1280 passed so far
batch 11: 1472 passed so far
batch 12: 1664 passed so far
batch 13: 1848 passed so far
batch 14: 1912 passed so far
batch 15: 1976 passed so far
batch 16: 2040 passed so far
batch 17: 2134 passed so far
batch 18: 2198 passed so far
batch 19: 2262 passed so far
batch 20: 2326 passed so far
batch 21: 2390 passed so far
batch 22: 2454 passed so far
batch 23: 2518 passed so far
batch 24: 2603 passed so far
batch 25: 2751 passed so far
batch 26: 2941 passed so far
batch 27: 3005 passed so far
batch 28: 3069 passed so far
batch 29: 3133 passed so far
batch 30: 3291 passed so far
batch 31: 3315 passed so far
batch 32: 3316 passed so far
batch 33: 3317 passed so far
batch 34: 3318 passed so far
batch 35: 3319 passed so far
batch 36: 3320 passed so far
batch 37: 3321 passed so far
batch 38: 3322 passed so far
batch 39: 3323 passed so far
batch 40: 3324 passed so far
batch 41: 3325 passed so far
batch 42: 3326 passed so far
batch 43: 3327 passed so far
batch 44: 3328 passed so far
batch 45: 3329 passed so far
batch 46: 3330 passed so far
batch 47: 3331 passed so far
batch 48: 3365 passed so far
batch 49: 3370 passed so far
batch 50: 3446 passed so far
batch 51: 3510 passed so far
batch 52: 3574 passed so far
batch 53: 3638 passed so far
batch 54: 3650 passed so far
batch 55: 3651 passed so far
batch 56: 3652 passed so far
batch 57: 3653 passed so far
batch 58: 3654 passed so far
batch 59: 3655 passed so far
batch 60: 3656 passed so far
batch 61: 3657 passed so far
batch 62: 3658 passed so far
batch 63: 3659 passed so far
batch 64: 3666 passed so far
batch 65: 3673 passed so far
batch 66: 3703 passed so far
batch 67: 3706 passed so far
batch 68: 3710 passed so far
batch 69: 3715 passed so far
batch 70: 3719 passed so far
batch 71: 3722 passed so far
batch 72: 3727 passed so far
batch 73: 3791 passed so far
batch 74: 3857 passed so far
batch 75: 3921 passed so far
batch 76: 3985 passed so far
batch 77: 4049 passed so far
batch 78: 4113 passed so far
batch 79: 4177 passed so far
batch 80: 4241 passed so far
batch 81: 4305 passed so far
batch 82: 4369 passed so far
batch 83: 4433 passed so far
batch 84: 4497 passed so far
batch 85: 4555 passed so far
batch 86: 4556 passed so far
batch 87: 4557 passed so far
batch 88: 4558 passed so far
batch 89: 4559 passed so far
batch 90: 4560 passed so far
batch 91: 4561 passed so far
batch 92: 4562 passed so far
batch 93: 4570 passed so far
batch 94: 4571 passed so far
batch 95: 4572 passed so far
batch 96: 4573 passed so far
batch 97: 4574 passed so far
batch 98: 4575 passed so far
batch 99: 4576 passed so far
batch 100: 4577 passed so far
batch 101: 4578 passed so far
batch 102: 4579 passed so far
batch 103: 4580 passed so far
batch 104: 4581 passed so far
batch 105: 4582 passed so far
batch 106: 4583 passed so far
batch 107: 4584 passed so far
batch 108: 4585 passed so far
batch 109: 4586 passed so far
batch 110: 4587 passed so far
batch 111: 4588 passed so far
batch 112: 4589 passed so far
batch 113: 4590 passed so far
batch 114: 4591 passed so far
batch 115: 4592 passed so far
batch 116: 4666 passed so far
batch 117: 4671 passed so far
batch 118: 4675 passed so far
batch 119: 4681 passed so far
batch 120: 4692 passed so far
batch 121: 4693 passed so far
batch 122: 4728 passed so far
batch 123: 4772 passed so far
batch 124: 4819 passed so far
batch 125: 4820 passed so far
batch 126: 4821 passed so far
batch 127: 4822 passed so far
batch 128: 4823 passed so far
batch 129: 4824 passed so far
batch 130: 4825 passed so far
batch 131: 4826 passed so far
batch 132: 4827 passed so far
batch 133: 4828 passed so far
batch 134: 4833 passed so far
batch 135: 4837 passed so far
batch 136: 4841 passed so far
batch 137: 4857 passed so far
batch 138: 4871 passed so far
batch 139: 4876 passed so far
batch 140: 4880 passed so far
batch 141: 4884 passed so far
batch 142: 4887 passed so far
batch 143: 4893 passed so far
batch 144: 4897 passed so far
batch 145: 4961 passed so far
batch 146: 5025 passed so far
batch 147: 5101 passed so far
batch 148: 5165 passed so far
batch 149: 5186 passed so far
batch 150: 5187 passed so far
batch 151: 5188 passed so far
batch 152: 5189 passed so far
batch 153: 5190 passed so far
batch 154: 5254 passed so far
batch 155: 5282 passed so far
batch 156: 5284 passed so far
batch 157: 5348 passed so far
batch 158: 5412 passed so far
batch 159: 5440 passed so far
SSZ: 5440 passed, 0 failed, 5440 inventoried
CHECK: ['/Users/monkeair/.bend/bin/bend', 'END_TO_END.bend']
All terms check.
Building bend
  bend: compile hit the 6.5 GB cap, retrying
Building bend-c
Building go
case_0 bend baseline 7274496 decode_peak 7274496 overhead 0 decode_ns 0 root_ns 40000000 verified True
case_0 go baseline 8470528 decode_peak 11796480 overhead 3325952 decode_ns 1764000 root_ns 15677375 verified True
case_0 go baseline 8241152 decode_peak 11649024 overhead 3407872 decode_ns 2054584 root_ns 15086583 verified True
case_0 bend baseline 7323648 decode_peak 7323648 overhead 0 decode_ns 0 root_ns 53000000 verified True
case_0 bend baseline 7471104 decode_peak 7503872 overhead 32768 decode_ns 0 root_ns 30000000 verified True
case_0 go baseline 8241152 decode_peak 11616256 overhead 3375104 decode_ns 3014500 root_ns 22304000 verified True
case_1 go baseline 8011776 decode_peak 11403264 overhead 3391488 decode_ns 2619708 root_ns 27368834 verified True
case_1 bend baseline 7258112 decode_peak 7307264 overhead 49152 decode_ns 0 root_ns 61000000 verified True
case_1 bend baseline 7323648 decode_peak 7421952 overhead 98304 decode_ns 0 root_ns 27000000 verified True
case_1 go baseline 8404992 decode_peak 11632640 overhead 3227648 decode_ns 2052167 root_ns 24600375 verified True
case_1 go baseline 8028160 decode_peak 11616256 overhead 3588096 decode_ns 4226792 root_ns 26453458 verified True
case_1 bend baseline 7323648 decode_peak 7454720 overhead 131072 decode_ns 0 root_ns 36000000 verified True
case_2 bend baseline 7471104 decode_peak 7471104 overhead 0 decode_ns 0 root_ns 55000000 verified True
case_2 go baseline 8257536 decode_peak 11616256 overhead 3358720 decode_ns 4462916 root_ns 13543375 verified True
case_2 go baseline 8257536 decode_peak 11649024 overhead 3391488 decode_ns 5585500 root_ns 9150042 verified True
case_2 bend baseline 7536640 decode_peak 7536640 overhead 0 decode_ns 0 root_ns 28000000 verified True
case_2 bend baseline 7503872 decode_peak 7503872 overhead 0 decode_ns 0 root_ns 56000000 verified True
case_2 go baseline 8241152 decode_peak 11403264 overhead 3162112 decode_ns 2928958 root_ns 17686084 verified True
case_3 go baseline 8404992 decode_peak 11780096 overhead 3375104 decode_ns 2566042 root_ns 23640000 verified True
case_3 bend baseline 7258112 decode_peak 7356416 overhead 98304 decode_ns 0 root_ns 53000000 verified True
case_3 bend baseline 7290880 decode_peak 7323648 overhead 32768 decode_ns 0 root_ns 24000000 verified True
case_3 go baseline 8388608 decode_peak 11386880 overhead 2998272 decode_ns 1674625 root_ns 14931459 verified True
case_3 go baseline 8437760 decode_peak 11665408 overhead 3227648 decode_ns 2295417 root_ns 24309333 verified True
case_3 bend baseline 7405568 decode_peak 7405568 overhead 0 decode_ns 0 root_ns 57000000 verified True
case_4 bend baseline 7323648 decode_peak 7405568 overhead 81920 decode_ns 0 root_ns 54000000 verified True
case_4 go baseline 8028160 decode_peak 11386880 overhead 3358720 decode_ns 5571375 root_ns 24454875 verified True
case_4 go baseline 8241152 decode_peak 11599872 overhead 3358720 decode_ns 1660458 root_ns 8198083 verified True
case_4 bend baseline 7421952 decode_peak 7421952 overhead 0 decode_ns 0 root_ns 26000000 verified True
case_4 bend baseline 7389184 decode_peak 7389184 overhead 0 decode_ns 0 root_ns 51000000 verified True
case_4 go baseline 8028160 decode_peak 11534336 overhead 3506176 decode_ns 2577417 root_ns 16850208 verified True
Native comparison and prior proof/conformance gates passed; memory optimality and proof linkage require independent audit
Native decode overhead <=32,000,000 bytes in all 15 samples; semantic audit still required
