2026-09-22 02:21:29 proofs/compact/arith.bend exit=0 peak=0.15GB elapsed=0.8s all_terms_check=True unsafe=False killed=False -> PASS
2026-09-22 02:21:29 proofs/compact/bits.bend exit=0 peak=0.43GB elapsed=0.7s all_terms_check=True unsafe=False killed=False -> PASS
2026-09-22 02:21:31 proofs/compact/buf.bend exit=0 peak=0.45GB elapsed=1.3s all_terms_check=True unsafe=False killed=False -> PASS
2026-09-22 02:21:32 proofs/compact/cv.bend exit=0 peak=0.97GB elapsed=1.5s all_terms_check=True unsafe=False killed=False -> PASS
2026-09-22 02:21:34 proofs/compact/cv_mono.bend exit=0 peak=0.97GB elapsed=1.4s all_terms_check=True unsafe=False killed=False -> PASS
2026-09-22 02:21:35 proofs/compact/cvm.bend exit=0 peak=0.90GB elapsed=1.1s all_terms_check=True unsafe=False killed=False -> PASS
2026-09-22 02:21:36 proofs/compact/cvm_mono.bend exit=0 peak=0.98GB elapsed=1.1s all_terms_check=True unsafe=False killed=False -> PASS
2026-09-22 02:21:37 proofs/compact/cvm_mono_gen.bend exit=0 peak=0.91GB elapsed=1.1s all_terms_check=True unsafe=False killed=False -> PASS
2026-09-22 02:21:38 proofs/compact/den.bend exit=0 peak=0.92GB elapsed=1.1s all_terms_check=True unsafe=False killed=False -> PASS
2026-09-22 02:21:39 proofs/compact/den_mono.bend exit=0 peak=0.91GB elapsed=1.3s all_terms_check=True unsafe=False killed=False -> PASS
2026-09-22 02:21:40 proofs/compact/found.bend exit=0 peak=0.14GB elapsed=0.7s all_terms_check=True unsafe=False killed=False -> PASS
2026-09-22 02:21:41 proofs/compact/reads.bend exit=0 peak=0.41GB elapsed=0.9s all_terms_check=True unsafe=False killed=False -> PASS
2026-09-22 02:21:42 proofs/compact/sound.bend exit=0 peak=0.92GB elapsed=1.4s all_terms_check=True unsafe=False killed=False -> PASS
2026-09-22 02:21:44 proofs/compact/sound_cont.bend exit=0 peak=0.95GB elapsed=1.4s all_terms_check=True unsafe=False killed=False -> PASS
2026-09-22 02:21:45 proofs/compact/sound_leaf.bend exit=0 peak=0.93GB elapsed=1.2s all_terms_check=True unsafe=False killed=False -> PASS
2026-09-22 02:21:47 proofs/compact/sound_seq.bend exit=0 peak=0.94GB elapsed=1.3s all_terms_check=True unsafe=False killed=False -> PASS
2026-09-22 02:21:48 proofs/obj/cache.bend exit=0 peak=1.04GB elapsed=1.3s all_terms_check=True unsafe=False killed=False -> PASS
2026-09-22 02:21:49 proofs/obj/collections_0.bend exit=0 peak=1.06GB elapsed=0.8s all_terms_check=True unsafe=False killed=False -> PASS
2026-09-22 02:21:50 proofs/obj/collections_1.bend exit=0 peak=1.04GB elapsed=0.8s all_terms_check=True unsafe=False killed=False -> PASS
2026-09-22 02:21:50 proofs/obj/cost.bend exit=0 peak=0.14GB elapsed=0.8s all_terms_check=True unsafe=False killed=False -> PASS
2026-09-22 02:21:51 proofs/obj/fields_0.bend exit=0 peak=1.04GB elapsed=0.9s all_terms_check=True unsafe=False killed=False -> PASS
2026-09-22 02:21:52 proofs/obj/fields_1.bend exit=0 peak=1.02GB elapsed=0.8s all_terms_check=True unsafe=False killed=False -> PASS
2026-09-22 02:21:53 proofs/obj/fields_2.bend exit=0 peak=1.04GB elapsed=0.8s all_terms_check=True unsafe=False killed=False -> PASS
2026-09-22 02:21:54 proofs/obj/fields_3.bend exit=0 peak=1.09GB elapsed=0.8s all_terms_check=True unsafe=False killed=False -> PASS
2026-09-22 02:21:54 proofs/obj/fields_4.bend exit=0 peak=1.02GB elapsed=0.8s all_terms_check=True unsafe=False killed=False -> PASS
2026-09-22 02:21:55 proofs/obj/fields_5.bend exit=0 peak=1.05GB elapsed=0.8s all_terms_check=True unsafe=False killed=False -> PASS
2026-09-22 02:21:56 proofs/obj/fields_6.bend exit=0 peak=1.01GB elapsed=0.8s all_terms_check=True unsafe=False killed=False -> PASS
2026-09-22 02:21:57 proofs/obj/seq_elem.bend exit=0 peak=0.99GB elapsed=1.3s all_terms_check=True unsafe=False killed=False -> PASS
2026-09-22 04:13:44 proofs/obj/cache.bend exit=0 peak=1.13GB elapsed=1.7s all_terms_check=True unsafe=False killed=False -> PASS
2026-09-22 04:13:45 proofs/obj/collections_0.bend exit=0 peak=1.15GB elapsed=0.9s all_terms_check=True unsafe=False killed=False -> PASS
2026-09-22 04:13:46 proofs/obj/collections_1.bend exit=0 peak=1.07GB elapsed=0.9s all_terms_check=True unsafe=False killed=False -> PASS
2026-09-22 04:13:47 proofs/obj/cost.bend exit=0 peak=0.14GB elapsed=0.8s all_terms_check=True unsafe=False killed=False -> PASS
2026-09-22 04:13:48 proofs/obj/fields_0.bend exit=0 peak=1.18GB elapsed=0.9s all_terms_check=True unsafe=False killed=False -> PASS
2026-09-22 04:13:49 proofs/obj/fields_1.bend exit=0 peak=1.16GB elapsed=0.9s all_terms_check=True unsafe=False killed=False -> PASS
2026-09-22 04:13:50 proofs/obj/fields_2.bend exit=0 peak=1.15GB elapsed=0.9s all_terms_check=True unsafe=False killed=False -> PASS
2026-09-22 04:13:51 proofs/obj/fields_3.bend exit=0 peak=1.18GB elapsed=0.9s all_terms_check=True unsafe=False killed=False -> PASS
2026-09-22 04:13:51 proofs/obj/fields_4.bend exit=0 peak=1.17GB elapsed=0.9s all_terms_check=True unsafe=False killed=False -> PASS
2026-09-22 04:13:52 proofs/obj/fields_5.bend exit=0 peak=1.20GB elapsed=0.9s all_terms_check=True unsafe=False killed=False -> PASS
2026-09-22 04:13:53 proofs/obj/fields_6.bend exit=0 peak=1.23GB elapsed=0.9s all_terms_check=True unsafe=False killed=False -> PASS
2026-09-22 04:13:55 proofs/obj/seq_elem.bend exit=0 peak=1.07GB elapsed=1.4s all_terms_check=True unsafe=False killed=False -> PASS
2026-09-22 07:11:03 proofs/compact/arith.bend exit=0 peak=0.14GB elapsed=0.8s all_terms_check=True unsafe=False killed=False -> PASS
2026-09-22 07:11:03 proofs/compact/bits.bend exit=0 peak=0.46GB elapsed=0.7s all_terms_check=True unsafe=False killed=False -> PASS
2026-09-22 07:11:05 proofs/compact/buf.bend exit=0 peak=0.42GB elapsed=1.4s all_terms_check=True unsafe=False killed=False -> PASS
2026-09-22 07:11:06 proofs/compact/cv.bend exit=0 peak=0.95GB elapsed=1.4s all_terms_check=True unsafe=False killed=False -> PASS
2026-09-22 07:11:08 proofs/compact/cv_mono.bend exit=0 peak=0.94GB elapsed=1.5s all_terms_check=True unsafe=False killed=False -> PASS
2026-09-22 07:11:09 proofs/compact/cvm.bend exit=0 peak=0.94GB elapsed=1.1s all_terms_check=True unsafe=False killed=False -> PASS
2026-09-22 07:11:10 proofs/compact/cvm_mono.bend exit=0 peak=0.91GB elapsed=1.1s all_terms_check=True unsafe=False killed=False -> PASS
2026-09-22 07:11:11 proofs/compact/cvm_mono_gen.bend exit=0 peak=0.89GB elapsed=1.2s all_terms_check=True unsafe=False killed=False -> PASS
2026-09-22 07:11:12 proofs/compact/den.bend exit=0 peak=0.91GB elapsed=1.1s all_terms_check=True unsafe=False killed=False -> PASS
2026-09-22 07:11:13 proofs/compact/den_mono.bend exit=0 peak=0.91GB elapsed=1.2s all_terms_check=True unsafe=False killed=False -> PASS
2026-09-22 07:11:14 proofs/compact/found.bend exit=0 peak=0.15GB elapsed=0.7s all_terms_check=True unsafe=False killed=False -> PASS
2026-09-22 07:11:15 proofs/compact/reads.bend exit=0 peak=0.44GB elapsed=0.9s all_terms_check=True unsafe=False killed=False -> PASS
2026-09-22 07:11:16 proofs/compact/sound.bend exit=0 peak=1.00GB elapsed=1.4s all_terms_check=True unsafe=False killed=False -> PASS
2026-09-22 07:11:18 proofs/compact/sound_cont.bend exit=0 peak=0.99GB elapsed=1.3s all_terms_check=True unsafe=False killed=False -> PASS
2026-09-22 07:11:19 proofs/compact/sound_leaf.bend exit=0 peak=0.94GB elapsed=1.2s all_terms_check=True unsafe=False killed=False -> PASS
2026-09-22 07:11:20 proofs/compact/sound_seq.bend exit=0 peak=0.94GB elapsed=1.3s all_terms_check=True unsafe=False killed=False -> PASS
2026-09-22 07:11:22 proofs/obj/cache.bend exit=0 peak=1.04GB elapsed=1.4s all_terms_check=True unsafe=False killed=False -> PASS
2026-09-22 07:11:23 proofs/obj/collections_0.bend exit=0 peak=1.12GB elapsed=0.9s all_terms_check=True unsafe=False killed=False -> PASS
2026-09-22 07:11:24 proofs/obj/collections_1.bend exit=0 peak=1.18GB elapsed=0.9s all_terms_check=True unsafe=False killed=False -> PASS
2026-09-22 07:11:24 proofs/obj/cost.bend exit=0 peak=0.15GB elapsed=0.7s all_terms_check=True unsafe=False killed=False -> PASS
2026-09-22 07:11:25 proofs/obj/fields_0.bend exit=0 peak=1.19GB elapsed=0.9s all_terms_check=True unsafe=False killed=False -> PASS
2026-09-22 07:11:26 proofs/obj/fields_1.bend exit=0 peak=1.03GB elapsed=0.9s all_terms_check=True unsafe=False killed=False -> PASS
2026-09-22 07:11:27 proofs/obj/fields_2.bend exit=0 peak=1.12GB elapsed=0.8s all_terms_check=True unsafe=False killed=False -> PASS
2026-09-22 07:11:28 proofs/obj/fields_3.bend exit=0 peak=1.12GB elapsed=0.8s all_terms_check=True unsafe=False killed=False -> PASS
2026-09-22 07:11:29 proofs/obj/fields_4.bend exit=0 peak=1.14GB elapsed=0.9s all_terms_check=True unsafe=False killed=False -> PASS
2026-09-22 07:11:30 proofs/obj/fields_5.bend exit=0 peak=1.09GB elapsed=0.9s all_terms_check=True unsafe=False killed=False -> PASS
2026-09-22 07:11:31 proofs/obj/fields_6.bend exit=0 peak=1.08GB elapsed=0.9s all_terms_check=True unsafe=False killed=False -> PASS
2026-09-22 07:11:32 proofs/obj/seq_elem.bend exit=0 peak=1.12GB elapsed=1.5s all_terms_check=True unsafe=False killed=False -> PASS
2026-09-22 09:57:33 proofs/compact/arith.bend exit=0 peak=0.14GB elapsed=0.8s all_terms_check=True unsafe=False killed=False -> PASS
2026-09-22 09:57:34 proofs/compact/bits.bend exit=0 peak=0.45GB elapsed=0.7s all_terms_check=True unsafe=False killed=False -> PASS
2026-09-22 09:57:35 proofs/compact/buf.bend exit=0 peak=0.43GB elapsed=1.6s all_terms_check=True unsafe=False killed=False -> PASS
2026-09-22 09:57:38 proofs/compact/cv.bend exit=0 peak=0.95GB elapsed=2.2s all_terms_check=True unsafe=False killed=False -> PASS
2026-09-22 09:57:40 proofs/compact/cv_mono.bend exit=0 peak=0.95GB elapsed=2.0s all_terms_check=True unsafe=False killed=False -> PASS
2026-09-22 09:57:41 proofs/compact/cvm.bend exit=0 peak=0.95GB elapsed=1.5s all_terms_check=True unsafe=False killed=False -> PASS
2026-09-22 09:57:43 proofs/compact/cvm_mono.bend exit=0 peak=0.90GB elapsed=1.6s all_terms_check=True unsafe=False killed=False -> PASS
2026-09-22 09:57:44 proofs/compact/cvm_mono_gen.bend exit=0 peak=0.96GB elapsed=1.6s all_terms_check=True unsafe=False killed=False -> PASS
2026-09-22 09:57:46 proofs/compact/den.bend exit=0 peak=0.94GB elapsed=1.5s all_terms_check=True unsafe=False killed=False -> PASS
2026-09-22 09:57:48 proofs/compact/den_mono.bend exit=0 peak=0.91GB elapsed=1.7s all_terms_check=True unsafe=False killed=False -> PASS
2026-09-22 09:57:49 proofs/compact/found.bend exit=0 peak=0.14GB elapsed=0.9s all_terms_check=True unsafe=False killed=False -> PASS
2026-09-22 09:57:50 proofs/compact/reads.bend exit=0 peak=0.42GB elapsed=1.2s all_terms_check=True unsafe=False killed=False -> PASS
2026-09-22 09:57:52 proofs/compact/sound.bend exit=0 peak=0.94GB elapsed=2.1s all_terms_check=True unsafe=False killed=False -> PASS
2026-09-22 09:57:54 proofs/compact/sound_cont.bend exit=0 peak=0.94GB elapsed=1.9s all_terms_check=True unsafe=False killed=False -> PASS
2026-09-22 09:57:56 proofs/compact/sound_leaf.bend exit=0 peak=0.95GB elapsed=1.7s all_terms_check=True unsafe=False killed=False -> PASS
2026-09-22 09:57:58 proofs/compact/sound_seq.bend exit=0 peak=0.94GB elapsed=1.9s all_terms_check=True unsafe=False killed=False -> PASS
2026-09-22 09:58:00 proofs/obj/cache.bend exit=0 peak=1.12GB elapsed=2.2s all_terms_check=True unsafe=False killed=False -> PASS
2026-09-22 09:58:01 proofs/obj/collections_0.bend exit=0 peak=1.10GB elapsed=1.5s all_terms_check=True unsafe=False killed=False -> PASS
2026-09-22 09:58:03 proofs/obj/collections_1.bend exit=0 peak=1.15GB elapsed=1.6s all_terms_check=True unsafe=False killed=False -> PASS
2026-09-22 09:58:04 proofs/obj/cost.bend exit=0 peak=0.14GB elapsed=1.2s all_terms_check=True unsafe=False killed=False -> PASS
2026-09-22 09:58:06 proofs/obj/fields_0.bend exit=0 peak=1.11GB elapsed=1.7s all_terms_check=True unsafe=False killed=False -> PASS
2026-09-22 09:58:08 proofs/obj/fields_1.bend exit=0 peak=1.13GB elapsed=1.7s all_terms_check=True unsafe=False killed=False -> PASS
2026-09-22 09:58:09 proofs/obj/fields_2.bend exit=0 peak=1.04GB elapsed=1.6s all_terms_check=True unsafe=False killed=False -> PASS
2026-09-22 09:58:11 proofs/obj/fields_3.bend exit=0 peak=1.08GB elapsed=1.6s all_terms_check=True unsafe=False killed=False -> PASS
2026-09-22 09:58:13 proofs/obj/fields_4.bend exit=0 peak=1.08GB elapsed=1.6s all_terms_check=True unsafe=False killed=False -> PASS
2026-09-22 09:58:14 proofs/obj/fields_5.bend exit=0 peak=1.13GB elapsed=1.6s all_terms_check=True unsafe=False killed=False -> PASS
2026-09-22 09:58:16 proofs/obj/fields_6.bend exit=0 peak=1.09GB elapsed=1.7s all_terms_check=True unsafe=False killed=False -> PASS
2026-09-22 09:58:18 proofs/obj/seq_elem.bend exit=0 peak=1.08GB elapsed=2.5s all_terms_check=True unsafe=False killed=False -> PASS
