2026-09-23 01:32:28 proofs/obj/cache.bend exit=0 peak=1.14GB elapsed=1.8s all_terms_check=True unsafe=False killed=False heap_hint=3000000000 -> PASS
2026-09-23 01:32:30 proofs/obj/codec_0.bend exit=0 peak=1.20GB elapsed=1.8s all_terms_check=True unsafe=False killed=False heap_hint=3000000000 -> PASS
2026-09-23 01:32:33 proofs/obj/codec_1.bend exit=0 peak=1.17GB elapsed=2.3s all_terms_check=True unsafe=False killed=False heap_hint=3000000000 -> PASS
2026-09-23 01:32:35 proofs/obj/codec_2.bend exit=0 peak=1.15GB elapsed=2.4s all_terms_check=True unsafe=False killed=False heap_hint=3000000000 -> PASS
2026-09-23 01:32:39 proofs/obj/codec_3.bend exit=0 peak=1.16GB elapsed=3.7s all_terms_check=True unsafe=False killed=False heap_hint=3000000000 -> PASS
2026-09-23 01:32:42 proofs/obj/codec_4.bend exit=0 peak=1.19GB elapsed=2.7s all_terms_check=True unsafe=False killed=False heap_hint=3000000000 -> PASS
2026-09-23 01:32:43 proofs/obj/codec_5.bend exit=0 peak=1.18GB elapsed=1.6s all_terms_check=True unsafe=False killed=False heap_hint=3000000000 -> PASS
2026-09-23 01:32:45 proofs/obj/collections_0.bend exit=0 peak=1.04GB elapsed=1.2s all_terms_check=True unsafe=False killed=False heap_hint=3000000000 -> PASS
2026-09-23 01:32:46 proofs/obj/collections_1.bend exit=0 peak=1.19GB elapsed=1.2s all_terms_check=True unsafe=False killed=False heap_hint=3000000000 -> PASS
2026-09-23 01:32:47 proofs/obj/cost.bend exit=0 peak=0.16GB elapsed=0.8s all_terms_check=True unsafe=False killed=False heap_hint=3000000000 -> PASS
2026-09-23 01:32:48 proofs/obj/fields_0.bend exit=0 peak=1.07GB elapsed=1.0s all_terms_check=True unsafe=False killed=False heap_hint=3000000000 -> PASS
2026-09-23 01:32:49 proofs/obj/fields_1.bend exit=0 peak=1.06GB elapsed=1.0s all_terms_check=True unsafe=False killed=False heap_hint=3000000000 -> PASS
2026-09-23 01:32:50 proofs/obj/fields_2.bend exit=0 peak=1.08GB elapsed=1.1s all_terms_check=True unsafe=False killed=False heap_hint=3000000000 -> PASS
2026-09-23 01:32:51 proofs/obj/fields_3.bend exit=0 peak=1.05GB elapsed=1.0s all_terms_check=True unsafe=False killed=False heap_hint=3000000000 -> PASS
2026-09-23 01:32:52 proofs/obj/fields_4.bend exit=0 peak=1.08GB elapsed=1.1s all_terms_check=True unsafe=False killed=False heap_hint=3000000000 -> PASS
2026-09-23 01:32:53 proofs/obj/fields_5.bend exit=0 peak=1.09GB elapsed=1.0s all_terms_check=True unsafe=False killed=False heap_hint=3000000000 -> PASS
2026-09-23 01:32:55 proofs/obj/fields_6.bend exit=0 peak=1.11GB elapsed=1.2s all_terms_check=True unsafe=False killed=False heap_hint=3000000000 -> PASS
2026-09-23 01:32:56 proofs/obj/gcodec_0.bend exit=0 peak=1.19GB elapsed=1.4s all_terms_check=True unsafe=False killed=False heap_hint=3000000000 -> PASS
2026-09-23 01:32:58 proofs/obj/seq_elem.bend exit=0 peak=1.16GB elapsed=1.9s all_terms_check=True unsafe=False killed=False heap_hint=3000000000 -> PASS
2026-09-23 01:32:58 proofs/obj/sha_bridge.bend exit=0 peak=0.12GB elapsed=0.2s all_terms_check=True unsafe=False killed=False heap_hint=3000000000 -> PASS
2026-09-23 01:33:00 proofs/obj/spec_bits.bend exit=0 peak=0.40GB elapsed=1.6s all_terms_check=True unsafe=False killed=False heap_hint=3000000000 -> PASS
2026-09-23 01:33:06 proofs/obj/spec_codec_0.bend exit=0 peak=1.32GB elapsed=6.2s all_terms_check=True unsafe=False killed=False heap_hint=3000000000 -> PASS
2026-09-23 01:33:14 proofs/obj/spec_codec_1.bend exit=0 peak=1.58GB elapsed=8.0s all_terms_check=True unsafe=False killed=False heap_hint=3000000000 -> PASS
2026-09-23 01:33:49 proofs/obj/spec_codec_2.bend exit=0 peak=2.17GB elapsed=34.5s all_terms_check=True unsafe=False killed=False heap_hint=3000000000 -> PASS
2026-09-23 01:34:28 proofs/obj/spec_codec_3.bend exit=0 peak=2.28GB elapsed=39.3s all_terms_check=True unsafe=False killed=False heap_hint=3000000000 -> PASS
2026-09-23 01:34:48 proofs/obj/spec_codec_4.bend exit=0 peak=1.84GB elapsed=20.0s all_terms_check=True unsafe=False killed=False heap_hint=3000000000 -> PASS
2026-09-23 01:35:00 proofs/obj/spec_codec_5.bend exit=0 peak=1.49GB elapsed=12.0s all_terms_check=True unsafe=False killed=False heap_hint=3000000000 -> PASS
2026-09-23 01:35:01 proofs/obj/spec_fixed.bend exit=0 peak=0.41GB elapsed=1.0s all_terms_check=True unsafe=False killed=False heap_hint=3000000000 -> PASS
2026-09-23 01:36:14 proofs/obj/spec_small.bend exit=0 peak=1.87GB elapsed=72.0s all_terms_check=True unsafe=False killed=False heap_hint=3000000000 -> PASS
2026-09-23 01:50:38 proofs/obj/spec_unique_0.bend exit=0 peak=4.88GB elapsed=864.2s all_terms_check=True unsafe=False killed=False heap_hint=3000000000 -> PASS
2026-09-23 02:03:37 proofs/obj/spec_unique_1.bend exit=0 peak=4.78GB elapsed=778.7s all_terms_check=True unsafe=False killed=False heap_hint=3000000000 -> PASS
2026-09-23 02:12:35 proofs/obj/spec_unique_small.bend exit=0 peak=4.77GB elapsed=537.8s all_terms_check=True unsafe=False killed=False heap_hint=3000000000 -> PASS
2026-09-23 02:12:35 proofs/compact/arith.bend exit=0 peak=0.15GB elapsed=0.8s all_terms_check=True unsafe=False killed=False heap_hint=3000000000 -> PASS
2026-09-23 02:12:36 proofs/compact/bits.bend exit=0 peak=0.40GB elapsed=0.8s all_terms_check=True unsafe=False killed=False heap_hint=3000000000 -> PASS
2026-09-23 02:12:38 proofs/compact/buf.bend exit=0 peak=0.43GB elapsed=1.5s all_terms_check=True unsafe=False killed=False heap_hint=3000000000 -> PASS
2026-09-23 02:12:39 proofs/compact/found.bend exit=0 peak=0.16GB elapsed=0.8s all_terms_check=True unsafe=False killed=False heap_hint=3000000000 -> PASS
2026-09-23 02:12:40 proofs/compact/reads.bend exit=0 peak=0.38GB elapsed=1.0s all_terms_check=True unsafe=False killed=False heap_hint=3000000000 -> PASS
2026-09-23 02:12:48 HASH_PROOF.bend exit=0 peak=1.17GB elapsed=8.7s all_terms_check=True unsafe=False killed=False heap_hint=3000000000 -> PASS
2026-09-23 02:14:06 END_TO_END.bend exit=0 peak=3.81GB elapsed=77.3s all_terms_check=True unsafe=False killed=False heap_hint=3000000000 -> PASS
2026-09-23 02:15:19 ROOT_DOMAIN.bend exit=0 peak=3.78GB elapsed=72.7s all_terms_check=True unsafe=False killed=False heap_hint=3000000000 -> PASS
2026-09-23 02:16:46 PROOF.bend exit=0 peak=3.56GB elapsed=87.4s all_terms_check=True unsafe=False killed=False heap_hint=3000000000 -> PASS
