2026-09-21 13:18:23 proofs/u32_order.bend exit=0 peak=0.00GB elapsed=0.1s all_terms_check=True unsafe=False killed=False -> PASS
2026-09-21 13:20:43 proofs/compact/found.bend exit=0 peak=0.14GB elapsed=0.7s all_terms_check=True unsafe=False killed=False -> PASS
2026-09-21 13:21:50 proofs/compact/found.bend exit=0 peak=0.14GB elapsed=0.7s all_terms_check=True unsafe=False killed=False -> PASS
2026-09-21 13:22:26 proofs/compact/_probe.bend exit=1 peak=0.15GB elapsed=0.2s all_terms_check=False unsafe=False killed=False -> FAIL
2026-09-21 13:23:28 proofs/compact/buf.bend exit=1 peak=0.38GB elapsed=0.8s all_terms_check=False unsafe=False killed=False -> FAIL
2026-09-21 13:23:33 proofs/compact/buf.bend exit=0 peak=0.37GB elapsed=0.8s all_terms_check=True unsafe=False killed=False -> PASS
2026-09-21 13:24:09 proofs/compact/buf.bend exit=1 peak=0.10GB elapsed=0.1s all_terms_check=False unsafe=False killed=False -> FAIL
2026-09-21 13:24:20 proofs/compact/buf.bend exit=1 peak=0.37GB elapsed=0.8s all_terms_check=False unsafe=False killed=False -> FAIL
2026-09-21 13:24:26 proofs/compact/buf.bend exit=1 peak=0.36GB elapsed=0.8s all_terms_check=False unsafe=False killed=False -> FAIL
2026-09-21 13:24:33 proofs/compact/buf.bend exit=0 peak=0.37GB elapsed=0.8s all_terms_check=True unsafe=False killed=False -> PASS
2026-09-21 13:27:49 proofs/compact/bits.bend exit=0 peak=0.29GB elapsed=0.2s all_terms_check=True unsafe=False killed=False -> PASS
2026-09-21 13:28:36 proofs/compact/bits.bend exit=0 peak=0.37GB elapsed=0.7s all_terms_check=True unsafe=False killed=False -> PASS
2026-09-21 13:29:14 proofs/compact/arith.bend exit=1 peak=0.14GB elapsed=0.7s all_terms_check=False unsafe=False killed=False -> FAIL
2026-09-21 13:29:33 proofs/compact/_probe.bend exit=1 peak=0.15GB elapsed=0.7s all_terms_check=False unsafe=False killed=False -> FAIL
2026-09-21 13:29:34 proofs/compact/_probe.bend exit=1 peak=0.14GB elapsed=0.7s all_terms_check=False unsafe=False killed=False -> FAIL
2026-09-21 13:30:03 proofs/compact/_probe.bend exit=1 peak=0.15GB elapsed=0.9s all_terms_check=False unsafe=False killed=False -> FAIL
2026-09-21 13:30:04 proofs/compact/_probe.bend exit=1 peak=0.07GB elapsed=0.1s all_terms_check=False unsafe=False killed=False -> FAIL
2026-09-21 13:30:04 proofs/compact/_probe.bend exit=0 peak=0.14GB elapsed=0.9s all_terms_check=True unsafe=False killed=False -> PASS
2026-09-21 13:30:09 proofs/compact/_probe.bend exit=1 peak=0.00GB elapsed=0.1s all_terms_check=False unsafe=False killed=False -> FAIL
2026-09-21 13:30:09 proofs/compact/_probe.bend exit=1 peak=0.08GB elapsed=0.1s all_terms_check=False unsafe=False killed=False -> FAIL
2026-09-21 13:30:55 proofs/compact/arith.bend exit=0 peak=0.15GB elapsed=0.8s all_terms_check=True unsafe=False killed=False -> PASS
2026-09-21 13:31:05 proofs/compact/arith.bend exit=1 peak=0.15GB elapsed=0.8s all_terms_check=False unsafe=False killed=False -> FAIL
2026-09-21 13:31:22 proofs/compact/arith.bend exit=0 peak=0.14GB elapsed=0.8s all_terms_check=True unsafe=False killed=False -> PASS
2026-09-21 13:32:51 proofs/compact/arith.bend exit=0 peak=0.14GB elapsed=0.9s all_terms_check=True unsafe=False killed=False -> PASS
2026-09-21 13:33:54 proofs/compact/buf.bend exit=0 peak=0.41GB elapsed=1.3s all_terms_check=True unsafe=False killed=False -> PASS
2026-09-21 13:37:33 proofs/compact/_probe.bend exit=1 peak=0.13GB elapsed=1.2s all_terms_check=False unsafe=False killed=False -> FAIL
2026-09-21 13:37:35 proofs/compact/_probe.bend exit=1 peak=0.14GB elapsed=1.2s all_terms_check=False unsafe=False killed=False -> FAIL
2026-09-21 13:37:49 proofs/compact/_probe.bend exit=0 peak=0.29GB elapsed=0.3s all_terms_check=True unsafe=False killed=False -> PASS
2026-09-21 13:37:50 proofs/compact/_probe.bend exit=1 peak=0.31GB elapsed=0.4s all_terms_check=False unsafe=False killed=False -> FAIL
2026-09-21 13:37:50 proofs/compact/_probe.bend exit=1 peak=0.30GB elapsed=0.5s all_terms_check=False unsafe=False killed=False -> FAIL
2026-09-21 13:37:51 proofs/compact/_probe.bend exit=1 peak=0.32GB elapsed=0.5s all_terms_check=False unsafe=False killed=False -> FAIL
2026-09-21 13:38:25 proofs/compact/_probe.bend exit=1 peak=0.14GB elapsed=0.9s all_terms_check=False unsafe=False killed=False -> FAIL
2026-09-21 13:38:26 proofs/compact/_probe.bend exit=1 peak=0.14GB elapsed=1.0s all_terms_check=False unsafe=False killed=False -> FAIL
2026-09-21 13:38:27 proofs/compact/_probe.bend exit=0 peak=0.14GB elapsed=1.1s all_terms_check=True unsafe=False killed=False -> PASS
2026-09-21 13:38:28 proofs/compact/_probe.bend exit=1 peak=0.14GB elapsed=1.1s all_terms_check=False unsafe=False killed=False -> FAIL
2026-09-21 13:40:45 proofs/compact/_probe.bend exit=-9 peak=6.51GB elapsed=17.6s all_terms_check=False unsafe=False killed=True -> FAIL
2026-09-21 13:40:46 proofs/compact/_probe.bend exit=1 peak=0.14GB elapsed=1.2s all_terms_check=False unsafe=False killed=False -> FAIL
2026-09-21 13:40:58 proofs/compact/_probe.bend exit=1 peak=0.14GB elapsed=1.1s all_terms_check=False unsafe=False killed=False -> FAIL
2026-09-21 13:42:15 proofs/compact/_probe.bend exit=1 peak=0.12GB elapsed=0.2s all_terms_check=False unsafe=False killed=False -> FAIL
2026-09-21 13:42:25 proofs/compact/_probe.bend exit=1 peak=0.12GB elapsed=0.2s all_terms_check=False unsafe=False killed=False -> FAIL
2026-09-21 13:42:25 proofs/compact/_probe.bend exit=0 peak=0.08GB elapsed=0.1s all_terms_check=True unsafe=False killed=False -> PASS
2026-09-21 13:53:16 src/ccompile.bend exit=1 peak=0.33GB elapsed=0.4s all_terms_check=False unsafe=False killed=False -> FAIL
2026-09-21 13:53:21 src/ccompile.bend exit=1 peak=0.30GB elapsed=0.5s all_terms_check=False unsafe=False killed=False -> FAIL
2026-09-21 13:53:25 src/ccompile.bend exit=1 peak=0.33GB elapsed=0.4s all_terms_check=False unsafe=False killed=False -> FAIL
2026-09-21 13:53:31 src/ccompile.bend exit=1 peak=0.31GB elapsed=0.4s all_terms_check=False unsafe=False killed=False -> FAIL
2026-09-21 13:53:36 src/ccompile.bend exit=0 peak=0.32GB elapsed=0.4s all_terms_check=True unsafe=False killed=False -> PASS
2026-09-21 13:54:41 types/generic_spec.bend exit=0 peak=0.08GB elapsed=0.1s all_terms_check=True unsafe=False killed=False -> PASS
2026-09-21 14:25:44 src/cscan.bend exit=0 peak=0.47GB elapsed=0.4s all_terms_check=True unsafe=False killed=False -> PASS
2026-09-21 14:28:50 proofs/compact/reads.bend exit=0 peak=0.37GB elapsed=0.8s all_terms_check=True unsafe=False killed=False -> PASS
2026-09-21 14:29:29 proofs/compact/reads.bend exit=0 peak=0.37GB elapsed=0.8s all_terms_check=True unsafe=False killed=False -> PASS
2026-09-21 14:29:54 proofs/compact/reads.bend exit=1 peak=0.39GB elapsed=0.8s all_terms_check=False unsafe=False killed=False -> FAIL
2026-09-21 14:30:00 proofs/compact/reads.bend exit=0 peak=0.39GB elapsed=0.8s all_terms_check=True unsafe=False killed=False -> PASS
2026-09-21 14:31:18 proofs/compact/cv.bend exit=0 peak=0.95GB elapsed=1.6s all_terms_check=True unsafe=False killed=False -> PASS
2026-09-21 14:32:01 proofs/compact/_probe.bend exit=1 peak=0.08GB elapsed=0.1s all_terms_check=False unsafe=False killed=False -> FAIL
2026-09-21 14:33:15 proofs/compact/cv.bend exit=0 peak=0.92GB elapsed=1.6s all_terms_check=True unsafe=False killed=False -> PASS
2026-09-21 14:35:04 proofs/compact/cv_mono.bend exit=1 peak=0.90GB elapsed=1.3s all_terms_check=False unsafe=False killed=False -> FAIL
2026-09-21 14:35:39 proofs/compact/cv.bend exit=1 peak=0.15GB elapsed=0.2s all_terms_check=False unsafe=False killed=False -> FAIL
2026-09-21 14:35:44 proofs/compact/cv.bend exit=0 peak=0.97GB elapsed=1.3s all_terms_check=True unsafe=False killed=False -> PASS
2026-09-21 14:36:25 proofs/compact/cv_mono.bend exit=1 peak=0.16GB elapsed=0.2s all_terms_check=False unsafe=False killed=False -> FAIL
2026-09-21 14:36:37 proofs/compact/cv_mono.bend exit=1 peak=0.16GB elapsed=0.2s all_terms_check=False unsafe=False killed=False -> FAIL
2026-09-21 14:36:53 proofs/compact/cv_mono.bend exit=1 peak=0.95GB elapsed=1.4s all_terms_check=False unsafe=False killed=False -> FAIL
2026-09-21 14:37:00 proofs/compact/cv_mono.bend exit=1 peak=0.94GB elapsed=1.3s all_terms_check=False unsafe=False killed=False -> FAIL
2026-09-21 14:37:10 proofs/compact/cv_mono.bend exit=1 peak=0.91GB elapsed=1.4s all_terms_check=False unsafe=False killed=False -> FAIL
2026-09-21 14:37:34 proofs/compact/cv_mono.bend exit=1 peak=0.96GB elapsed=1.3s all_terms_check=False unsafe=False killed=False -> FAIL
2026-09-21 14:37:42 proofs/compact/cv_mono.bend exit=0 peak=0.97GB elapsed=1.3s all_terms_check=True unsafe=False killed=False -> PASS
2026-09-21 14:40:35 proofs/compact/cvm.bend exit=1 peak=0.92GB elapsed=1.0s all_terms_check=False unsafe=False killed=False -> FAIL
2026-09-21 14:40:48 proofs/compact/cvm.bend exit=1 peak=0.90GB elapsed=1.0s all_terms_check=False unsafe=False killed=False -> FAIL
2026-09-21 14:40:59 proofs/compact/cvm.bend exit=1 peak=0.91GB elapsed=1.0s all_terms_check=False unsafe=False killed=False -> FAIL
2026-09-21 14:41:57 proofs/compact/cvm.bend exit=1 peak=0.93GB elapsed=1.2s all_terms_check=False unsafe=False killed=False -> FAIL
2026-09-21 14:42:05 proofs/compact/cvm.bend exit=0 peak=0.91GB elapsed=1.1s all_terms_check=True unsafe=False killed=False -> PASS
2026-09-21 14:42:53 proofs/compact/cvm_mono.bend exit=1 peak=0.94GB elapsed=1.3s all_terms_check=False unsafe=False killed=False -> FAIL
2026-09-21 14:43:09 proofs/compact/cvm.bend exit=0 peak=0.93GB elapsed=1.4s all_terms_check=True unsafe=False killed=False -> PASS
2026-09-21 14:43:11 proofs/compact/cvm_mono.bend exit=1 peak=0.94GB elapsed=1.4s all_terms_check=False unsafe=False killed=False -> FAIL
2026-09-21 14:43:20 proofs/compact/cvm_mono.bend exit=0 peak=0.94GB elapsed=1.4s all_terms_check=True unsafe=False killed=False -> PASS
2026-09-21 14:44:11 proofs/compact/cvm_mono_gen.bend exit=1 peak=0.95GB elapsed=1.9s all_terms_check=False unsafe=False killed=False -> FAIL
2026-09-21 14:44:22 proofs/compact/cvm_mono_gen.bend exit=0 peak=0.90GB elapsed=1.6s all_terms_check=True unsafe=False killed=False -> PASS
2026-09-21 14:45:26 proofs/compact/den.bend exit=0 peak=0.91GB elapsed=1.4s all_terms_check=True unsafe=False killed=False -> PASS
2026-09-21 14:46:03 proofs/compact/den.bend exit=0 peak=0.90GB elapsed=1.2s all_terms_check=True unsafe=False killed=False -> PASS
2026-09-21 14:46:05 proofs/compact/den_mono.bend exit=0 peak=0.92GB elapsed=1.6s all_terms_check=True unsafe=False killed=False -> PASS
2026-09-21 14:46:35 proofs/compact/sound_leaf.bend exit=1 peak=0.15GB elapsed=0.2s all_terms_check=False unsafe=False killed=False -> FAIL
2026-09-21 14:46:43 proofs/compact/sound_leaf.bend exit=0 peak=0.94GB elapsed=1.2s all_terms_check=True unsafe=False killed=False -> PASS
2026-09-21 14:47:22 proofs/compact/cvm.bend exit=0 peak=0.92GB elapsed=1.0s all_terms_check=True unsafe=False killed=False -> PASS
2026-09-21 14:47:23 proofs/compact/sound_leaf.bend exit=0 peak=0.95GB elapsed=1.1s all_terms_check=True unsafe=False killed=False -> PASS
2026-09-21 14:47:58 proofs/compact/sound_leaf.bend exit=0 peak=0.95GB elapsed=1.2s all_terms_check=True unsafe=False killed=False -> PASS
2026-09-21 14:48:20 proofs/compact/sound_leaf.bend exit=0 peak=0.96GB elapsed=1.1s all_terms_check=True unsafe=False killed=False -> PASS
2026-09-21 14:48:44 proofs/compact/sound_leaf.bend exit=0 peak=0.96GB elapsed=1.1s all_terms_check=True unsafe=False killed=False -> PASS
2026-09-21 14:49:52 proofs/compact/sound_seq.bend exit=0 peak=0.95GB elapsed=1.1s all_terms_check=True unsafe=False killed=False -> PASS
2026-09-21 14:50:34 proofs/compact/sound_seq.bend exit=1 peak=0.95GB elapsed=1.2s all_terms_check=False unsafe=False killed=False -> FAIL
2026-09-21 14:50:42 proofs/compact/sound_seq.bend exit=0 peak=0.93GB elapsed=1.2s all_terms_check=True unsafe=False killed=False -> PASS
2026-09-21 14:51:08 proofs/compact/sound_seq.bend exit=0 peak=0.95GB elapsed=1.1s all_terms_check=True unsafe=False killed=False -> PASS
2026-09-21 14:52:10 proofs/compact/sound_seq.bend exit=0 peak=0.93GB elapsed=1.3s all_terms_check=True unsafe=False killed=False -> PASS
2026-09-21 14:52:48 proofs/compact/sound_seq.bend exit=1 peak=0.95GB elapsed=1.2s all_terms_check=False unsafe=False killed=False -> FAIL
2026-09-21 14:53:00 proofs/compact/sound_seq.bend exit=0 peak=0.97GB elapsed=1.2s all_terms_check=True unsafe=False killed=False -> PASS
2026-09-21 14:54:40 proofs/compact/sound_cont.bend exit=0 peak=0.92GB elapsed=1.2s all_terms_check=True unsafe=False killed=False -> PASS
2026-09-21 14:55:46 proofs/compact/sound_leaf.bend exit=1 peak=0.95GB elapsed=1.1s all_terms_check=False unsafe=False killed=False -> FAIL
2026-09-21 14:57:25 proofs/compact/sound_leaf.bend exit=1 peak=0.17GB elapsed=0.2s all_terms_check=False unsafe=False killed=False -> FAIL
2026-09-21 14:57:33 proofs/compact/sound_leaf.bend exit=1 peak=0.93GB elapsed=1.2s all_terms_check=False unsafe=False killed=False -> FAIL
2026-09-21 14:57:39 proofs/compact/sound_leaf.bend exit=0 peak=0.94GB elapsed=1.2s all_terms_check=True unsafe=False killed=False -> PASS
2026-09-21 14:57:43 proofs/compact/sound_cont.bend exit=0 peak=0.95GB elapsed=1.3s all_terms_check=True unsafe=False killed=False -> PASS
2026-09-21 15:02:24 proofs/compact/sound_cont.bend exit=1 peak=0.15GB elapsed=0.2s all_terms_check=False unsafe=False killed=False -> FAIL
2026-09-21 15:02:31 proofs/compact/sound_cont.bend exit=1 peak=0.97GB elapsed=1.3s all_terms_check=False unsafe=False killed=False -> FAIL
2026-09-21 15:02:38 proofs/compact/sound_cont.bend exit=1 peak=0.97GB elapsed=1.2s all_terms_check=False unsafe=False killed=False -> FAIL
2026-09-21 15:02:44 proofs/compact/sound_cont.bend exit=0 peak=0.97GB elapsed=1.4s all_terms_check=True unsafe=False killed=False -> PASS
2026-09-21 15:03:22 proofs/compact/sound.bend exit=0 peak=0.99GB elapsed=1.3s all_terms_check=True unsafe=False killed=False -> PASS
2026-09-21 15:03:29 proofs/compact/zz_neg.bend exit=1 peak=0.97GB elapsed=1.3s all_terms_check=False unsafe=False killed=False -> FAIL
2026-09-21 15:03:50 proofs/compact/sound.bend exit=0 peak=0.94GB elapsed=1.4s all_terms_check=True unsafe=False killed=False -> PASS
