compile pd rc=0
case 1 0 0 :: plain=2032742587,3585780803,3167197422,1235911045,4017535803,1153065657,495365718,2655761717 cached=2032742587,3585780803,3167197422,1235911045,4017535803,1153065657,495365718,2655761717  rc=0
case 1 1 0 :: plain=3575257181,815087474,2277590798,1940278116,716432182,2387895820,2909783284,1032654514 cached=3575257181,815087474,2277590798,1940278116,716432182,2387895820,2909783284,1032654514  rc=0
case 1 2 0 :: plain=3352349388,3396414479,1250915038,1743227992,2444404391,2217425979,2250466176,657108622 cached=3352349388,3396414479,1250915038,1743227992,2444404391,2217425979,2250466176,657108622  rc=0
case 1 3 0 :: plain=2209944000,2733480451,153479008,2155325353,4009151152,4127387565,3189465009,2477662608 cached=2209944000,2733480451,153479008,2155325353,4009151152,4127387565,3189465009,2477662608  rc=0
case 1 4 0 :: plain=3399502614,3851569117,962727685,1031671204,3119552093,1638592710,908581172,1697673454 cached=3399502614,3851569117,962727685,1031671204,3119552093,1638592710,908581172,1697673454  rc=0
case 1 5 0 :: plain=2244391585,2731563670,3761621210,3383307872,4136736565,2885533248,2330149049,974420848 cached=2244391585,2731563670,3761621210,3383307872,4136736565,2885533248,2330149049,974420848  rc=0
case 1 8 0 :: plain=1328260319,1488867952,3035912524,3489378597,2502068038,2071391104,1407827919,4266169194 cached=1328260319,1488867952,3035912524,3489378597,2502068038,2071391104,1407827919,4266169194  rc=0
case 1 9 0 :: plain=671997861,1401810910,3628890722,1274690744,1523984893,2897729775,329687823,1563634833 cached=671997861,1401810910,3628890722,1274690744,1523984893,2897729775,329687823,1563634833  rc=0
case 1 15 0 :: plain=2202765712,1550868193,474069283,629746686,3167346987,1495038779,3993828360,46134128 cached=2202765712,1550868193,474069283,629746686,3167346987,1495038779,3993828360,46134128  rc=0
case 1 16 0 :: plain=1271938963,1387485640,3095892621,758359837,1663550019,4112946226,2804782001,2989194192 cached=1271938963,1387485640,3095892621,758359837,1663550019,4112946226,2804782001,2989194192  rc=0
case 2 0 1 :: cached_grown=3575257181,815087474,2277590798,1940278116,716432182,2387895820,2909783284,1032654514 plain_same_len=3575257181,815087474,2277590798,1940278116,716432182,2387895820,2909783284,1032654514  rc=0
case 2 0 5 :: cached_grown=2244391585,2731563670,3761621210,3383307872,4136736565,2885533248,2330149049,974420848 plain_same_len=2244391585,2731563670,3761621210,3383307872,4136736565,2885533248,2330149049,974420848  rc=0
case 2 3 4 :: cached_grown=3399502614,3851569117,962727685,1031671204,3119552093,1638592710,908581172,1697673454 plain_same_len=3399502614,3851569117,962727685,1031671204,3119552093,1638592710,908581172,1697673454  rc=0
case 2 3 9 :: cached_grown=671997861,1401810910,3628890722,1274690744,1523984893,2897729775,329687823,1563634833 plain_same_len=671997861,1401810910,3628890722,1274690744,1523984893,2897729775,329687823,1563634833  rc=0
case 2 4 5 :: cached_grown=2244391585,2731563670,3761621210,3383307872,4136736565,2885533248,2330149049,974420848 plain_same_len=2244391585,2731563670,3761621210,3383307872,4136736565,2885533248,2330149049,974420848  rc=0
case 2 8 9 :: cached_grown=671997861,1401810910,3628890722,1274690744,1523984893,2897729775,329687823,1563634833 plain_same_len=671997861,1401810910,3628890722,1274690744,1523984893,2897729775,329687823,1563634833  rc=0
case 2 15 16 :: cached_grown=1271938963,1387485640,3095892621,758359837,1663550019,4112946226,2804782001,2989194192 plain_same_len=1271938963,1387485640,3095892621,758359837,1663550019,4112946226,2804782001,2989194192  rc=0
case 2 16 17 :: cached_grown=1271938963,1387485640,3095892621,758359837,1663550019,4112946226,2804782001,2989194192 plain_same_len=1271938963,1387485640,3095892621,758359837,1663550019,4112946226,2804782001,2989194192  rc=0
case 2 15 20 :: cached_grown=1271938963,1387485640,3095892621,758359837,1663550019,4112946226,2804782001,2989194192 plain_same_len=1271938963,1387485640,3095892621,758359837,1663550019,4112946226,2804782001,2989194192  rc=0
case 2 0 17 :: cached_grown=1271938963,1387485640,3095892621,758359837,1663550019,4112946226,2804782001,2989194192 plain_same_len=1271938963,1387485640,3095892621,758359837,1663550019,4112946226,2804782001,2989194192  rc=0
case 3 4294967295 0 :: cget=none cset_ok=0  rc=0
case 3 3 0 :: cget=none cset_ok=0  rc=0
case 3 2 0 :: cget=some cset_ok=1  rc=0
15000 {'REJECT': 11641, 'ACCEPT': 3359}
20000 {'REJECT': 15518, 'ACCEPT': 4482}
DONE {'REJECT': 18628, 'ACCEPT': 5372} findings 0 slow 0
