SWEEP START 2026-09-25 10:54:19
2026-09-25 11:04:03 proofs/active_slot_bound.bend exit=0 peak=1.48GB memory_metric=VmHWM elapsed=27.2s all_terms_check=True unsafe=False killed=False heap_hint=3000000000 -> PASS
2026-09-25 11:04:03 proofs/basic_root.bend exit=0 peak=0.15GB memory_metric=VmHWM elapsed=0.4s all_terms_check=True unsafe=False killed=False heap_hint=3000000000 -> PASS
2026-09-25 11:04:33 proofs/bit_chunk_count.bend exit=0 peak=1.09GB memory_metric=VmHWM elapsed=29.0s all_terms_check=True unsafe=False killed=False heap_hint=3000000000 -> PASS
2026-09-25 11:05:18 proofs/bit_decode.bend exit=0 peak=0.20GB memory_metric=VmHWM elapsed=45.1s all_terms_check=True unsafe=False killed=False heap_hint=3000000000 -> PASS
2026-09-25 11:06:03 proofs/bit_decoding.bend exit=0 peak=0.19GB memory_metric=VmHWM elapsed=44.9s all_terms_check=True unsafe=False killed=False heap_hint=3000000000 -> PASS
2026-09-25 11:06:31 proofs/bit_delimiter.bend exit=0 peak=1.09GB memory_metric=VmHWM elapsed=27.3s all_terms_check=True unsafe=False killed=False heap_hint=3000000000 -> PASS
2026-09-25 11:06:35 proofs/bit_inverse.bend exit=0 peak=0.20GB memory_metric=VmHWM elapsed=3.9s all_terms_check=True unsafe=False killed=False heap_hint=3000000000 -> PASS
2026-09-25 11:07:43 proofs/bit_list_canonical.bend exit=0 peak=1.16GB memory_metric=VmHWM elapsed=67.4s all_terms_check=True unsafe=False killed=False heap_hint=3000000000 -> PASS
2026-09-25 11:08:55 proofs/bit_list_codec.bend exit=0 peak=1.13GB memory_metric=VmHWM elapsed=72.7s all_terms_check=True unsafe=False killed=False heap_hint=3000000000 -> PASS
2026-09-25 11:09:00 proofs/bit_list_inverse.bend exit=0 peak=0.19GB memory_metric=VmHWM elapsed=4.0s all_terms_check=True unsafe=False killed=False heap_hint=3000000000 -> PASS
2026-09-25 11:10:12 proofs/bit_list_root.bend exit=0 peak=1.37GB memory_metric=VmHWM elapsed=71.9s all_terms_check=True unsafe=False killed=False heap_hint=3000000000 -> PASS
2026-09-25 11:10:14 proofs/bit_packing.bend exit=0 peak=0.16GB memory_metric=VmHWM elapsed=1.7s all_terms_check=True unsafe=False killed=False heap_hint=3000000000 -> PASS
2026-09-25 11:10:40 proofs/bit_padding.bend exit=0 peak=1.07GB memory_metric=VmHWM elapsed=25.8s all_terms_check=True unsafe=False killed=False heap_hint=3000000000 -> PASS
2026-09-25 11:11:07 proofs/bit_padding_pack.bend exit=0 peak=1.14GB memory_metric=VmHWM elapsed=27.3s all_terms_check=True unsafe=False killed=False heap_hint=3000000000 -> PASS
2026-09-25 11:12:18 proofs/bit_root.bend exit=0 peak=1.37GB memory_metric=VmHWM elapsed=70.6s all_terms_check=True unsafe=False killed=False heap_hint=3000000000 -> PASS
2026-09-25 11:12:19 proofs/bit_take_unique.bend exit=0 peak=0.14GB memory_metric=VmHWM elapsed=0.4s all_terms_check=True unsafe=False killed=False heap_hint=3000000000 -> PASS
2026-09-25 11:13:08 proofs/bit_vector_canonical.bend exit=0 peak=0.24GB memory_metric=VmHWM elapsed=48.7s all_terms_check=True unsafe=False killed=False heap_hint=3000000000 -> PASS
2026-09-25 11:13:57 proofs/bit_vector_inverse.bend exit=0 peak=0.22GB memory_metric=VmHWM elapsed=48.5s all_terms_check=True unsafe=False killed=False heap_hint=3000000000 -> PASS
2026-09-25 11:13:58 proofs/bitfields.bend exit=0 peak=0.18GB memory_metric=VmHWM elapsed=1.7s all_terms_check=True unsafe=False killed=False heap_hint=3000000000 -> PASS
2026-09-25 11:13:59 proofs/boolean_canonical.bend exit=0 peak=0.13GB memory_metric=VmHWM elapsed=0.3s all_terms_check=True unsafe=False killed=False heap_hint=3000000000 -> PASS
2026-09-25 11:14:00 proofs/byte_arithmetic.bend exit=0 peak=0.15GB memory_metric=VmHWM elapsed=0.6s all_terms_check=True unsafe=False killed=False heap_hint=3000000000 -> PASS
2026-09-25 11:15:16 proofs/byte_list.bend exit=0 peak=1.40GB memory_metric=VmHWM elapsed=76.3s all_terms_check=True unsafe=False killed=False heap_hint=3000000000 -> PASS
2026-09-25 11:15:48 proofs/byte_root.bend exit=0 peak=1.22GB memory_metric=VmHWM elapsed=31.2s all_terms_check=True unsafe=False killed=False heap_hint=3000000000 -> PASS
2026-09-25 11:15:49 proofs/bytes.bend exit=0 peak=0.15GB memory_metric=VmHWM elapsed=0.5s all_terms_check=True unsafe=False killed=False heap_hint=3000000000 -> PASS
2026-09-25 11:16:15 proofs/cached_tree.bend exit=0 peak=1.14GB memory_metric=VmHWM elapsed=26.2s all_terms_check=True unsafe=False killed=False heap_hint=3000000000 -> PASS
2026-09-25 11:16:40 proofs/codec_accumulator.bend exit=0 peak=1.45GB memory_metric=VmHWM elapsed=25.2s all_terms_check=True unsafe=False killed=False heap_hint=3000000000 -> PASS
2026-09-25 11:17:52 proofs/codec_composition.bend exit=0 peak=1.72GB memory_metric=VmHWM elapsed=71.3s all_terms_check=True unsafe=False killed=False heap_hint=3000000000 -> PASS
2026-09-25 11:18:18 proofs/codec_count.bend exit=0 peak=1.30GB memory_metric=VmHWM elapsed=26.0s all_terms_check=True unsafe=False killed=False heap_hint=3000000000 -> PASS
2026-09-25 11:19:30 proofs/codec_helpers.bend exit=0 peak=1.49GB memory_metric=VmHWM elapsed=71.8s all_terms_check=True unsafe=False killed=False heap_hint=3000000000 -> PASS
2026-09-25 11:19:32 proofs/codec_inverse.bend exit=0 peak=0.18GB memory_metric=VmHWM elapsed=1.6s all_terms_check=True unsafe=False killed=False heap_hint=3000000000 -> PASS
2026-09-25 11:20:42 proofs/codec_leaves.bend exit=0 peak=1.44GB memory_metric=VmHWM elapsed=69.8s all_terms_check=True unsafe=False killed=False heap_hint=3000000000 -> PASS
2026-09-25 11:20:43 proofs/codec_shape.bend exit=0 peak=0.16GB memory_metric=VmHWM elapsed=0.5s all_terms_check=True unsafe=False killed=False heap_hint=3000000000 -> PASS
2026-09-25 11:20:44 proofs/compatibility_bounded.bend exit=0 peak=0.38GB memory_metric=VmHWM elapsed=1.1s all_terms_check=True unsafe=False killed=False heap_hint=3000000000 -> PASS
2026-09-25 11:20:45 proofs/compatibility_choice.bend exit=0 peak=0.14GB memory_metric=VmHWM elapsed=0.4s all_terms_check=True unsafe=False killed=False heap_hint=3000000000 -> PASS
2026-09-25 11:22:01 proofs/compatibility_complete.bend exit=0 peak=2.34GB memory_metric=VmHWM elapsed=76.2s all_terms_check=True unsafe=False killed=False heap_hint=3000000000 -> PASS
2026-09-25 11:22:02 proofs/compatibility_derivation.bend exit=0 peak=0.14GB memory_metric=VmHWM elapsed=0.4s all_terms_check=True unsafe=False killed=False heap_hint=3000000000 -> PASS
2026-09-25 11:22:04 proofs/compatibility_equations.bend exit=0 peak=0.44GB memory_metric=VmHWM elapsed=1.9s all_terms_check=True unsafe=False killed=False heap_hint=3000000000 -> PASS
2026-09-25 11:23:46 proofs/compatibility_equivalence.bend exit=0 peak=3.07GB memory_metric=VmHWM elapsed=101.6s all_terms_check=True unsafe=False killed=False heap_hint=3000000000 -> PASS
2026-09-25 11:25:00 proofs/compatibility_finite.bend exit=0 peak=2.18GB memory_metric=VmHWM elapsed=73.7s all_terms_check=True unsafe=False killed=False heap_hint=3000000000 -> PASS
2026-09-25 11:26:14 proofs/compatibility_finite_identity.bend exit=0 peak=2.27GB memory_metric=VmHWM elapsed=73.6s all_terms_check=True unsafe=False killed=False heap_hint=3000000000 -> PASS
2026-09-25 11:26:41 proofs/compatibility_identity.bend exit=0 peak=1.42GB memory_metric=VmHWM elapsed=27.5s all_terms_check=True unsafe=False killed=False heap_hint=3000000000 -> PASS
2026-09-25 11:27:10 proofs/compatibility_measure.bend exit=0 peak=1.37GB memory_metric=VmHWM elapsed=28.1s all_terms_check=True unsafe=False killed=False heap_hint=3000000000 -> PASS
2026-09-25 11:27:15 proofs/compatibility_monotone.bend exit=0 peak=0.96GB memory_metric=VmHWM elapsed=5.3s all_terms_check=True unsafe=False killed=False heap_hint=3000000000 -> PASS
2026-09-25 11:27:21 proofs/compatibility_named.bend exit=0 peak=0.95GB memory_metric=VmHWM elapsed=5.9s all_terms_check=True unsafe=False killed=False heap_hint=3000000000 -> PASS
2026-09-25 11:27:23 proofs/compatibility_positions.bend exit=0 peak=0.40GB memory_metric=VmHWM elapsed=1.3s all_terms_check=True unsafe=False killed=False heap_hint=3000000000 -> PASS
2026-09-25 11:28:57 proofs/compatibility_public_budget.bend exit=0 peak=3.16GB memory_metric=VmHWM elapsed=94.2s all_terms_check=True unsafe=False killed=False heap_hint=3000000000 -> PASS
2026-09-25 11:30:06 proofs/compatibility_rank.bend exit=0 peak=1.55GB memory_metric=VmHWM elapsed=68.5s all_terms_check=True unsafe=False killed=False heap_hint=3000000000 -> PASS
2026-09-25 11:30:34 proofs/compatibility_slot_shape.bend exit=0 peak=1.30GB memory_metric=VmHWM elapsed=27.3s all_terms_check=True unsafe=False killed=False heap_hint=3000000000 -> PASS
2026-09-25 11:31:10 proofs/compatibility_soundness.bend exit=0 peak=2.36GB memory_metric=VmHWM elapsed=36.5s all_terms_check=True unsafe=False killed=False heap_hint=3000000000 -> PASS
2026-09-25 11:32:46 proofs/compatibility_stability.bend exit=0 peak=2.97GB memory_metric=VmHWM elapsed=94.8s all_terms_check=True unsafe=False killed=False heap_hint=3000000000 -> PASS
2026-09-25 11:33:58 proofs/complete_decode.bend exit=0 peak=1.83GB memory_metric=VmHWM elapsed=71.8s all_terms_check=True unsafe=False killed=False heap_hint=3000000000 -> PASS
2026-09-25 11:35:11 proofs/complete_leaves.bend exit=0 peak=1.69GB memory_metric=VmHWM elapsed=73.7s all_terms_check=True unsafe=False killed=False heap_hint=3000000000 -> PASS
2026-09-25 11:36:24 proofs/complete_regions.bend exit=0 peak=1.86GB memory_metric=VmHWM elapsed=72.4s all_terms_check=True unsafe=False killed=False heap_hint=3000000000 -> PASS
2026-09-25 11:37:37 proofs/complete_step.bend exit=0 peak=1.78GB memory_metric=VmHWM elapsed=72.3s all_terms_check=True unsafe=False killed=False heap_hint=3000000000 -> PASS
2026-09-25 11:38:50 proofs/complete_walk.bend exit=0 peak=1.79GB memory_metric=VmHWM elapsed=73.5s all_terms_check=True unsafe=False killed=False heap_hint=3000000000 -> PASS
2026-09-25 11:40:02 proofs/cursor_cases.bend exit=0 peak=1.52GB memory_metric=VmHWM elapsed=71.1s all_terms_check=True unsafe=False killed=False heap_hint=3000000000 -> PASS
2026-09-25 11:41:14 proofs/cursor_leaves.bend exit=0 peak=1.67GB memory_metric=VmHWM elapsed=71.9s all_terms_check=True unsafe=False killed=False heap_hint=3000000000 -> PASS
2026-09-25 11:42:24 proofs/cursor_legal.bend exit=0 peak=1.70GB memory_metric=VmHWM elapsed=69.8s all_terms_check=True unsafe=False killed=False heap_hint=3000000000 -> PASS
2026-09-25 11:43:35 proofs/cursor_sound.bend exit=0 peak=1.62GB memory_metric=VmHWM elapsed=70.8s all_terms_check=True unsafe=False killed=False heap_hint=3000000000 -> PASS
2026-09-25 11:44:46 proofs/cursor_walk.bend exit=0 peak=1.73GB memory_metric=VmHWM elapsed=70.3s all_terms_check=True unsafe=False killed=False heap_hint=3000000000 -> PASS
2026-09-25 11:45:12 proofs/cvalue_chain.bend exit=0 peak=1.39GB memory_metric=VmHWM elapsed=26.1s all_terms_check=True unsafe=False killed=False heap_hint=3000000000 -> PASS
2026-09-25 11:45:12 proofs/decode_budget.bend exit=0 peak=0.04GB memory_metric=VmHWM elapsed=0.1s all_terms_check=True unsafe=False killed=False heap_hint=3000000000 -> PASS
2026-09-25 11:46:41 proofs/decode_canonical.bend exit=0 peak=2.99GB memory_metric=VmHWM elapsed=88.2s all_terms_check=True unsafe=False killed=False heap_hint=3000000000 -> PASS
2026-09-25 11:49:18 proofs/decode_complete.bend exit=0 peak=3.65GB memory_metric=VmHWM elapsed=156.7s all_terms_check=True unsafe=False killed=False heap_hint=3000000000 -> PASS
2026-09-25 11:49:18 proofs/decode_congruence.bend exit=0 peak=0.04GB memory_metric=VmHWM elapsed=0.1s all_terms_check=True unsafe=False killed=False heap_hint=3000000000 -> PASS
2026-09-25 11:49:18 proofs/decode_count_bound.bend exit=0 peak=0.04GB memory_metric=VmHWM elapsed=0.1s all_terms_check=True unsafe=False killed=False heap_hint=3000000000 -> PASS
2026-09-25 11:50:31 proofs/decode_facts.bend exit=0 peak=1.48GB memory_metric=VmHWM elapsed=72.4s all_terms_check=True unsafe=False killed=False heap_hint=3000000000 -> PASS
2026-09-25 11:50:31 proofs/decode_goal.bend exit=0 peak=0.04GB memory_metric=VmHWM elapsed=0.1s all_terms_check=True unsafe=False killed=False heap_hint=3000000000 -> PASS
2026-09-25 11:52:11 proofs/decode_image.bend exit=0 peak=3.02GB memory_metric=VmHWM elapsed=99.3s all_terms_check=True unsafe=False killed=False heap_hint=3000000000 -> PASS
2026-09-25 11:52:11 proofs/decode_inputs.bend exit=0 peak=0.04GB memory_metric=VmHWM elapsed=0.1s all_terms_check=True unsafe=False killed=False heap_hint=3000000000 -> PASS
2026-09-25 11:52:12 proofs/decode_inverse.bend exit=0 peak=0.04GB memory_metric=VmHWM elapsed=0.1s all_terms_check=True unsafe=False killed=False heap_hint=3000000000 -> PASS
2026-09-25 11:52:12 proofs/decode_layout_bound.bend exit=0 peak=0.04GB memory_metric=VmHWM elapsed=0.1s all_terms_check=True unsafe=False killed=False heap_hint=3000000000 -> PASS
2026-09-25 11:52:12 proofs/decode_monotone.bend exit=0 peak=0.04GB memory_metric=VmHWM elapsed=0.1s all_terms_check=True unsafe=False killed=False heap_hint=3000000000 -> PASS
2026-09-25 11:53:20 proofs/decode_rank.bend exit=0 peak=1.40GB memory_metric=VmHWM elapsed=67.8s all_terms_check=True unsafe=False killed=False heap_hint=3000000000 -> PASS
2026-09-25 11:53:48 proofs/decode_selection_bound.bend exit=0 peak=1.30GB memory_metric=VmHWM elapsed=27.8s all_terms_check=True unsafe=False killed=False heap_hint=3000000000 -> PASS
2026-09-25 11:54:59 proofs/decode_shape.bend exit=0 peak=1.50GB memory_metric=VmHWM elapsed=70.4s all_terms_check=True unsafe=False killed=False heap_hint=3000000000 -> PASS
2026-09-25 11:56:26 proofs/decode_soundness.bend exit=0 peak=2.86GB memory_metric=VmHWM elapsed=86.7s all_terms_check=True unsafe=False killed=False heap_hint=3000000000 -> PASS
2026-09-25 11:56:26 proofs/decode_stability.bend exit=0 peak=0.00GB memory_metric=VmHWM elapsed=0.1s all_terms_check=True unsafe=False killed=False heap_hint=3000000000 -> PASS
2026-09-25 11:57:53 proofs/decode_top.bend exit=0 peak=3.00GB memory_metric=VmHWM elapsed=86.2s all_terms_check=True unsafe=False killed=False heap_hint=3000000000 -> PASS
2026-09-25 11:59:02 proofs/division.bend exit=0 peak=1.20GB memory_metric=VmHWM elapsed=69.1s all_terms_check=True unsafe=False killed=False heap_hint=3000000000 -> PASS
2026-09-25 11:59:05 proofs/encoding_complete.bend exit=0 peak=0.22GB memory_metric=VmHWM elapsed=2.1s all_terms_check=True unsafe=False killed=False heap_hint=3000000000 -> PASS
2026-09-25 12:00:26 proofs/encoding_domain.bend exit=0 peak=2.32GB memory_metric=VmHWM elapsed=81.0s all_terms_check=True unsafe=False killed=False heap_hint=3000000000 -> PASS
2026-09-25 12:00:27 proofs/exact_division.bend exit=0 peak=0.15GB memory_metric=VmHWM elapsed=0.4s all_terms_check=True unsafe=False killed=False heap_hint=3000000000 -> PASS
2026-09-25 12:00:54 proofs/fulu_adapter_complete.bend exit=0 peak=1.42GB memory_metric=VmHWM elapsed=27.5s all_terms_check=True unsafe=False killed=False heap_hint=3000000000 -> PASS
2026-09-25 12:01:21 proofs/fulu_adapter_inverse.bend exit=0 peak=1.37GB memory_metric=VmHWM elapsed=26.5s all_terms_check=True unsafe=False killed=False heap_hint=3000000000 -> PASS
2026-09-25 12:01:48 proofs/fulu_adapter_preservation.bend exit=0 peak=1.40GB memory_metric=VmHWM elapsed=26.2s all_terms_check=True unsafe=False killed=False heap_hint=3000000000 -> PASS
2026-09-25 12:02:17 proofs/fulu_byte_inventory.bend exit=0 peak=1.22GB memory_metric=VmHWM elapsed=28.9s all_terms_check=True unsafe=False killed=False heap_hint=3000000000 -> PASS
2026-09-25 12:02:46 proofs/fulu_bytes.bend exit=0 peak=1.23GB memory_metric=VmHWM elapsed=29.0s all_terms_check=True unsafe=False killed=False heap_hint=3000000000 -> PASS
2026-09-25 12:03:13 proofs/fulu_legality.bend exit=0 peak=1.43GB memory_metric=VmHWM elapsed=26.4s all_terms_check=True unsafe=False killed=False heap_hint=3000000000 -> PASS
2026-09-25 12:04:24 proofs/fulu_list_inventory.bend exit=0 peak=1.39GB memory_metric=VmHWM elapsed=71.3s all_terms_check=True unsafe=False killed=False heap_hint=3000000000 -> PASS
2026-09-25 12:04:56 proofs/fulu_named.bend exit=0 peak=1.65GB memory_metric=VmHWM elapsed=31.4s all_terms_check=True unsafe=False killed=False heap_hint=3000000000 -> PASS
2026-09-25 12:04:58 proofs/fulu_primitives.bend exit=0 peak=0.21GB memory_metric=VmHWM elapsed=2.3s all_terms_check=True unsafe=False killed=False heap_hint=3000000000 -> PASS
2026-09-25 12:06:15 proofs/fulu_serialization_inventory.bend exit=0 peak=1.83GB memory_metric=VmHWM elapsed=76.6s all_terms_check=True unsafe=False killed=False heap_hint=3000000000 -> PASS
2026-09-25 12:07:21 proofs/identity_decision.bend exit=0 peak=1.63GB memory_metric=VmHWM elapsed=65.6s all_terms_check=True unsafe=False killed=False heap_hint=3000000000 -> PASS
2026-09-25 12:07:48 proofs/identity_equivalence.bend exit=0 peak=1.38GB memory_metric=VmHWM elapsed=26.4s all_terms_check=True unsafe=False killed=False heap_hint=3000000000 -> PASS
2026-09-25 12:08:16 proofs/identity_legality.bend exit=0 peak=1.40GB memory_metric=VmHWM elapsed=28.3s all_terms_check=True unsafe=False killed=False heap_hint=3000000000 -> PASS
2026-09-25 12:08:17 proofs/identity_logic.bend exit=0 peak=0.11GB memory_metric=VmHWM elapsed=0.2s all_terms_check=True unsafe=False killed=False heap_hint=3000000000 -> PASS
2026-09-25 12:09:06 proofs/identity_normalization.bend exit=0 peak=0.36GB memory_metric=VmHWM elapsed=49.2s all_terms_check=True unsafe=False killed=False heap_hint=3000000000 -> PASS
2026-09-25 12:09:35 proofs/identity_total.bend exit=0 peak=1.37GB memory_metric=VmHWM elapsed=28.3s all_terms_check=True unsafe=False killed=False heap_hint=3000000000 -> PASS
2026-09-25 12:09:35 proofs/identity_unsigned.bend exit=0 peak=0.12GB memory_metric=VmHWM elapsed=0.3s all_terms_check=True unsafe=False killed=False heap_hint=3000000000 -> PASS
2026-09-25 12:09:37 proofs/integer_decoding.bend exit=0 peak=0.18GB memory_metric=VmHWM elapsed=1.0s all_terms_check=True unsafe=False killed=False heap_hint=3000000000 -> PASS
2026-09-25 12:09:38 proofs/integer_encoding.bend exit=0 peak=0.17GB memory_metric=VmHWM elapsed=0.7s all_terms_check=True unsafe=False killed=False heap_hint=3000000000 -> PASS
2026-09-25 12:10:47 proofs/layout.bend exit=0 peak=1.19GB memory_metric=VmHWM elapsed=68.9s all_terms_check=True unsafe=False killed=False heap_hint=3000000000 -> PASS
2026-09-25 12:11:57 proofs/layout_bounds.bend exit=0 peak=1.13GB memory_metric=VmHWM elapsed=69.8s all_terms_check=True unsafe=False killed=False heap_hint=3000000000 -> PASS
2026-09-25 12:13:07 proofs/layout_counts.bend exit=0 peak=1.18GB memory_metric=VmHWM elapsed=69.7s all_terms_check=True unsafe=False killed=False heap_hint=3000000000 -> PASS
2026-09-25 12:13:33 proofs/layout_extents.bend exit=0 peak=1.11GB memory_metric=VmHWM elapsed=26.1s all_terms_check=True unsafe=False killed=False heap_hint=3000000000 -> PASS
2026-09-25 12:14:44 proofs/layout_headers.bend exit=0 peak=1.15GB memory_metric=VmHWM elapsed=70.8s all_terms_check=True unsafe=False killed=False heap_hint=3000000000 -> PASS
2026-09-25 12:15:55 proofs/layout_image.bend exit=0 peak=1.17GB memory_metric=VmHWM elapsed=70.6s all_terms_check=True unsafe=False killed=False heap_hint=3000000000 -> PASS
2026-09-25 12:17:09 proofs/layout_image_extents.bend exit=0 peak=1.19GB memory_metric=VmHWM elapsed=73.2s all_terms_check=True unsafe=False killed=False heap_hint=3000000000 -> PASS
2026-09-25 12:18:20 proofs/layout_image_headers.bend exit=0 peak=1.19GB memory_metric=VmHWM elapsed=71.2s all_terms_check=True unsafe=False killed=False heap_hint=3000000000 -> PASS
2026-09-25 12:19:29 proofs/layout_offset_value.bend exit=0 peak=1.19GB memory_metric=VmHWM elapsed=68.6s all_terms_check=True unsafe=False killed=False heap_hint=3000000000 -> PASS
2026-09-25 12:19:57 proofs/layout_slices.bend exit=0 peak=1.11GB memory_metric=VmHWM elapsed=27.8s all_terms_check=True unsafe=False killed=False heap_hint=3000000000 -> PASS
2026-09-25 12:21:11 proofs/leaf_sizes.bend exit=0 peak=1.21GB memory_metric=VmHWM elapsed=73.5s all_terms_check=True unsafe=False killed=False heap_hint=3000000000 -> PASS
2026-09-25 12:21:41 proofs/limits.bend exit=0 peak=1.21GB memory_metric=VmHWM elapsed=30.4s all_terms_check=True unsafe=False killed=False heap_hint=3000000000 -> PASS
2026-09-25 12:21:42 proofs/lists.bend exit=0 peak=0.16GB memory_metric=VmHWM elapsed=0.5s all_terms_check=True unsafe=False killed=False heap_hint=3000000000 -> PASS
2026-09-25 12:22:13 proofs/merkle.bend exit=0 peak=1.21GB memory_metric=VmHWM elapsed=30.3s all_terms_check=True unsafe=False killed=False heap_hint=3000000000 -> PASS
2026-09-25 12:22:13 proofs/metadata_reflection.bend exit=0 peak=0.15GB memory_metric=VmHWM elapsed=0.4s all_terms_check=True unsafe=False killed=False heap_hint=3000000000 -> PASS
2026-09-25 12:22:42 proofs/mixing.bend exit=0 peak=1.22GB memory_metric=VmHWM elapsed=28.6s all_terms_check=True unsafe=False killed=False heap_hint=3000000000 -> PASS
2026-09-25 12:23:55 proofs/nat_algebra.bend exit=0 peak=1.20GB memory_metric=VmHWM elapsed=73.1s all_terms_check=True unsafe=False killed=False heap_hint=3000000000 -> PASS
2026-09-25 12:25:08 proofs/nat_bytes.bend exit=0 peak=1.18GB memory_metric=VmHWM elapsed=72.6s all_terms_check=True unsafe=False killed=False heap_hint=3000000000 -> PASS
2026-09-25 12:25:36 proofs/nat_order.bend exit=0 peak=1.08GB memory_metric=VmHWM elapsed=27.4s all_terms_check=True unsafe=False killed=False heap_hint=3000000000 -> PASS
2026-09-25 12:26:50 proofs/normative_encoding.bend exit=0 peak=1.73GB memory_metric=VmHWM elapsed=74.1s all_terms_check=True unsafe=False killed=False heap_hint=3000000000 -> PASS
2026-09-25 12:28:08 proofs/offset_digits.bend exit=0 peak=1.18GB memory_metric=VmHWM elapsed=77.8s all_terms_check=True unsafe=False killed=False heap_hint=3000000000 -> PASS
2026-09-25 12:28:10 proofs/packed.bend exit=0 peak=0.23GB memory_metric=VmHWM elapsed=1.0s all_terms_check=True unsafe=False killed=False heap_hint=3000000000 -> PASS
2026-09-25 12:29:28 proofs/packed_domain.bend exit=0 peak=2.30GB memory_metric=VmHWM elapsed=77.8s all_terms_check=True unsafe=False killed=False heap_hint=3000000000 -> PASS
2026-09-25 12:30:53 proofs/packed_pack.bend exit=0 peak=2.16GB memory_metric=VmHWM elapsed=85.5s all_terms_check=True unsafe=False killed=False heap_hint=3000000000 -> PASS
2026-09-25 12:32:17 proofs/packed_pack_acc.bend exit=0 peak=2.44GB memory_metric=VmHWM elapsed=83.8s all_terms_check=True unsafe=False killed=False heap_hint=3000000000 -> PASS
2026-09-25 12:32:18 proofs/packing.bend exit=0 peak=0.16GB memory_metric=VmHWM elapsed=0.5s all_terms_check=True unsafe=False killed=False heap_hint=3000000000 -> PASS
2026-09-25 12:33:31 proofs/parts_algebra.bend exit=0 peak=1.22GB memory_metric=VmHWM elapsed=72.8s all_terms_check=True unsafe=False killed=False heap_hint=3000000000 -> PASS
2026-09-25 12:33:32 proofs/power_division.bend exit=0 peak=0.15GB memory_metric=VmHWM elapsed=0.4s all_terms_check=True unsafe=False killed=False heap_hint=3000000000 -> PASS
2026-09-25 12:33:32 proofs/prefix.bend exit=0 peak=0.12GB memory_metric=VmHWM elapsed=0.3s all_terms_check=True unsafe=False killed=False heap_hint=3000000000 -> PASS
2026-09-25 12:33:33 proofs/primitive_invariants.bend exit=0 peak=0.15GB memory_metric=VmHWM elapsed=0.4s all_terms_check=True unsafe=False killed=False heap_hint=3000000000 -> PASS
2026-09-25 12:33:33 proofs/primitives.bend exit=0 peak=0.12GB memory_metric=VmHWM elapsed=0.3s all_terms_check=True unsafe=False killed=False heap_hint=3000000000 -> PASS
2026-09-25 12:34:04 proofs/progressive.bend exit=0 peak=1.22GB memory_metric=VmHWM elapsed=30.6s all_terms_check=True unsafe=False killed=False heap_hint=3000000000 -> PASS
2026-09-25 12:34:05 proofs/representation_erasure.bend exit=0 peak=0.12GB memory_metric=VmHWM elapsed=0.3s all_terms_check=True unsafe=False killed=False heap_hint=3000000000 -> PASS
2026-09-25 12:35:34 proofs/root_complete.bend exit=0 peak=2.28GB memory_metric=VmHWM elapsed=88.8s all_terms_check=True unsafe=False killed=False heap_hint=3000000000 -> PASS
2026-09-25 12:36:53 proofs/root_complete_steps.bend exit=0 peak=1.71GB memory_metric=VmHWM elapsed=78.7s all_terms_check=True unsafe=False killed=False heap_hint=3000000000 -> PASS
2026-09-25 12:38:50 proofs/root_domain_broader.bend exit=0 peak=3.13GB memory_metric=VmHWM elapsed=116.7s all_terms_check=True unsafe=False killed=False heap_hint=3000000000 -> PASS
2026-09-25 12:40:09 proofs/root_domain_compat.bend exit=0 peak=1.95GB memory_metric=VmHWM elapsed=79.1s all_terms_check=True unsafe=False killed=False heap_hint=3000000000 -> PASS
2026-09-25 12:41:26 proofs/root_domain_steps.bend exit=0 peak=1.67GB memory_metric=VmHWM elapsed=76.5s all_terms_check=True unsafe=False killed=False heap_hint=3000000000 -> PASS
2026-09-25 12:42:48 proofs/root_domain_witness.bend exit=0 peak=1.96GB memory_metric=VmHWM elapsed=81.9s all_terms_check=True unsafe=False killed=False heap_hint=3000000000 -> PASS
2026-09-25 12:44:12 proofs/root_public.bend exit=0 peak=2.58GB memory_metric=VmHWM elapsed=83.3s all_terms_check=True unsafe=False killed=False heap_hint=3000000000 -> PASS
2026-09-25 12:45:29 proofs/root_relation_leaves.bend exit=0 peak=1.51GB memory_metric=VmHWM elapsed=76.7s all_terms_check=True unsafe=False killed=False heap_hint=3000000000 -> PASS
2026-09-25 12:46:00 proofs/root_relation_merkle.bend exit=0 peak=1.23GB memory_metric=VmHWM elapsed=31.0s all_terms_check=True unsafe=False killed=False heap_hint=3000000000 -> PASS
2026-09-25 12:47:14 proofs/root_scope.bend exit=0 peak=1.55GB memory_metric=VmHWM elapsed=73.9s all_terms_check=True unsafe=False killed=False heap_hint=3000000000 -> PASS
2026-09-25 12:48:34 proofs/root_sound.bend exit=0 peak=2.28GB memory_metric=VmHWM elapsed=79.3s all_terms_check=True unsafe=False killed=False heap_hint=3000000000 -> PASS
2026-09-25 12:49:55 proofs/root_steps.bend exit=0 peak=1.57GB memory_metric=VmHWM elapsed=81.3s all_terms_check=True unsafe=False killed=False heap_hint=3000000000 -> PASS
2026-09-25 12:51:17 proofs/root_total.bend exit=0 peak=2.28GB memory_metric=VmHWM elapsed=81.8s all_terms_check=True unsafe=False killed=False heap_hint=3000000000 -> PASS
2026-09-25 12:52:33 proofs/root_total_steps.bend exit=0 peak=1.72GB memory_metric=VmHWM elapsed=75.9s all_terms_check=True unsafe=False killed=False heap_hint=3000000000 -> PASS
2026-09-25 12:52:35 proofs/schema.bend exit=0 peak=0.33GB memory_metric=VmHWM elapsed=1.1s all_terms_check=True unsafe=False killed=False heap_hint=3000000000 -> PASS
2026-09-25 12:52:37 proofs/schema_forest.bend exit=0 peak=0.43GB memory_metric=VmHWM elapsed=2.2s all_terms_check=True unsafe=False killed=False heap_hint=3000000000 -> PASS
2026-09-25 12:53:51 proofs/schema_lookups.bend exit=0 peak=1.52GB memory_metric=VmHWM elapsed=74.0s all_terms_check=True unsafe=False killed=False heap_hint=3000000000 -> PASS
2026-09-25 12:54:20 proofs/schema_measure.bend exit=0 peak=1.35GB memory_metric=VmHWM elapsed=28.3s all_terms_check=True unsafe=False killed=False heap_hint=3000000000 -> PASS
2026-09-25 12:54:47 proofs/schema_selection_shape.bend exit=0 peak=1.27GB memory_metric=VmHWM elapsed=26.7s all_terms_check=True unsafe=False killed=False heap_hint=3000000000 -> PASS
2026-09-25 12:55:59 proofs/schema_width.bend exit=0 peak=1.62GB memory_metric=VmHWM elapsed=71.5s all_terms_check=True unsafe=False killed=False heap_hint=3000000000 -> PASS
2026-09-25 12:56:28 proofs/tree.bend exit=0 peak=1.24GB memory_metric=VmHWM elapsed=29.5s all_terms_check=True unsafe=False killed=False heap_hint=3000000000 -> PASS
2026-09-25 12:56:29 proofs/type_legality_structure.bend exit=0 peak=0.15GB memory_metric=VmHWM elapsed=0.4s all_terms_check=True unsafe=False killed=False heap_hint=3000000000 -> PASS
2026-09-25 12:58:19 proofs/type_validator_complete.bend exit=0 peak=2.84GB memory_metric=VmHWM elapsed=109.5s all_terms_check=True unsafe=False killed=False heap_hint=3000000000 -> PASS
2026-09-25 12:59:37 proofs/type_validator_soundness.bend exit=0 peak=2.54GB memory_metric=VmHWM elapsed=78.5s all_terms_check=True unsafe=False killed=False heap_hint=3000000000 -> PASS
2026-09-25 12:59:38 proofs/u32_order.bend exit=0 peak=0.11GB memory_metric=VmHWM elapsed=0.2s all_terms_check=True unsafe=False killed=False heap_hint=3000000000 -> PASS
2026-09-25 13:00:44 proofs/validator_fields.bend exit=0 peak=1.36GB memory_metric=VmHWM elapsed=65.6s all_terms_check=True unsafe=False killed=False heap_hint=3000000000 -> PASS
2026-09-25 13:01:09 proofs/validator_metadata.bend exit=0 peak=1.33GB memory_metric=VmHWM elapsed=25.3s all_terms_check=True unsafe=False killed=False heap_hint=3000000000 -> PASS
2026-09-25 13:01:35 proofs/validator_selectors.bend exit=0 peak=1.34GB memory_metric=VmHWM elapsed=25.7s all_terms_check=True unsafe=False killed=False heap_hint=3000000000 -> PASS
2026-09-25 13:02:44 proofs/value_domain.bend exit=0 peak=1.67GB memory_metric=VmHWM elapsed=69.0s all_terms_check=True unsafe=False killed=False heap_hint=3000000000 -> PASS
2026-09-25 13:02:45 proofs/walk.bend exit=0 peak=0.21GB memory_metric=VmHWM elapsed=0.7s all_terms_check=True unsafe=False killed=False heap_hint=3000000000 -> PASS
2026-09-25 13:02:46 proofs/word_facts.bend exit=0 peak=0.11GB memory_metric=VmHWM elapsed=0.2s all_terms_check=True unsafe=False killed=False heap_hint=3000000000 -> PASS
2026-09-25 13:02:47 proofs/word_nat.bend exit=0 peak=0.15GB memory_metric=VmHWM elapsed=0.5s all_terms_check=True unsafe=False killed=False heap_hint=3000000000 -> PASS
2026-09-25 13:02:47 proofs/word_split.bend exit=0 peak=0.12GB memory_metric=VmHWM elapsed=0.3s all_terms_check=True unsafe=False killed=False heap_hint=3000000000 -> PASS
2026-09-25 13:02:50 proofs/compact/arith.bend exit=0 peak=0.16GB memory_metric=VmHWM elapsed=2.2s all_terms_check=True unsafe=False killed=False heap_hint=3000000000 -> PASS
2026-09-25 13:02:52 proofs/compact/bits.bend exit=0 peak=0.41GB memory_metric=VmHWM elapsed=2.4s all_terms_check=True unsafe=False killed=False heap_hint=3000000000 -> PASS
2026-09-25 13:02:57 proofs/compact/buf.bend exit=0 peak=0.45GB memory_metric=VmHWM elapsed=4.8s all_terms_check=True unsafe=False killed=False heap_hint=3000000000 -> PASS
2026-09-25 13:03:00 proofs/compact/found.bend exit=0 peak=0.18GB memory_metric=VmHWM elapsed=2.6s all_terms_check=True unsafe=False killed=False heap_hint=3000000000 -> PASS
2026-09-25 13:03:03 proofs/compact/reads.bend exit=0 peak=0.40GB memory_metric=VmHWM elapsed=2.9s all_terms_check=True unsafe=False killed=False heap_hint=3000000000 -> PASS
2026-09-25 13:03:06 proofs/obj/amap.bend exit=0 peak=0.16GB memory_metric=VmHWM elapsed=2.4s all_terms_check=True unsafe=False killed=False heap_hint=3000000000 -> PASS
2026-09-25 13:13:21 proofs/obj/bitlist_obj.bend exit=0 peak=3.26GB memory_metric=VmHWM elapsed=614.4s all_terms_check=True unsafe=False killed=False heap_hint=3000000000 -> PASS
2026-09-25 13:14:49 proofs/obj/bitlist_pack.bend exit=0 peak=1.95GB memory_metric=VmHWM elapsed=88.1s all_terms_check=True unsafe=False killed=False heap_hint=3000000000 -> PASS
SWEEP PART 2 START 2026-09-25 13:15:26
2026-09-25 13:16:04 proofs/obj/bits_leaf.bend exit=0 peak=1.51GB memory_metric=VmHWM elapsed=75.2s all_terms_check=True unsafe=False killed=False heap_hint=3000000000 -> PASS
2026-09-25 14:43:48 build/sweep_groups/g_base.bend exit=0 peak=8.66GB memory_metric=VmHWM elapsed=5256.9s all_terms_check=True unsafe=False killed=False heap_hint=3000000000 -> PASS
2026-09-25 14:56:35 build/sweep_groups/g_l134217728_PendingDeposit.bend exit=0 peak=2.81GB memory_metric=VmHWM elapsed=766.6s all_terms_check=True unsafe=False killed=False heap_hint=3000000000 -> PASS
2026-09-25 15:09:03 build/sweep_groups/g_l134217728_PendingPartialWithdrawal.bend exit=0 peak=2.83GB memory_metric=VmHWM elapsed=748.1s all_terms_check=True unsafe=False killed=False heap_hint=3000000000 -> PASS
2026-09-25 15:18:43 build/sweep_groups/g_l16777216_HistoricalSummary.bend exit=0 peak=2.84GB memory_metric=VmHWM elapsed=579.8s all_terms_check=True unsafe=False killed=False heap_hint=3000000000 -> PASS
2026-09-25 15:28:07 build/sweep_groups/g_l16_SignedBLSToExecutionChange.bend exit=0 peak=3.85GB memory_metric=VmHWM elapsed=563.7s all_terms_check=True unsafe=False killed=False heap_hint=3000000000 -> PASS
2026-09-25 15:37:43 build/sweep_groups/g_l16_SignedVoluntaryExit.bend exit=0 peak=3.76GB memory_metric=VmHWM elapsed=575.5s all_terms_check=True unsafe=False killed=False heap_hint=3000000000 -> PASS
2026-09-25 15:46:39 build/sweep_groups/g_l16_Withdrawal.bend exit=1 peak=3.33GB memory_metric=VmHWM elapsed=536.2s all_terms_check=False unsafe=False killed=False heap_hint=3000000000 -> FAIL
2026-09-25 15:56:45 build/sweep_groups/g_l16_WithdrawalRequest.bend exit=0 peak=3.85GB memory_metric=VmHWM elapsed=606.1s all_terms_check=True unsafe=False killed=False heap_hint=3000000000 -> PASS
2026-09-25 15:57:24 HASH_PROOF.bend exit=0 peak=1.18GB memory_metric=VmHWM elapsed=21.2s all_terms_check=True unsafe=False killed=False heap_hint=3000000000 -> PASS
2026-09-25 15:59:02 PROOF.bend exit=0 peak=3.61GB memory_metric=VmHWM elapsed=118.8s all_terms_check=True unsafe=False killed=False heap_hint=3000000000 -> PASS
2026-09-25 15:59:13 END_TO_END.bend exit=0 peak=3.82GB memory_metric=VmHWM elapsed=130.3s all_terms_check=True unsafe=False killed=False heap_hint=3000000000 -> PASS
2026-09-25 15:59:22 ROOT_DOMAIN.bend exit=0 peak=3.86GB memory_metric=VmHWM elapsed=138.9s all_terms_check=True unsafe=False killed=False heap_hint=3000000000 -> PASS
2026-09-25 16:06:20 build/sweep_groups/g_l8192_DepositRequest.bend exit=1 peak=3.31GB memory_metric=VmHWM elapsed=557.4s all_terms_check=False unsafe=False killed=False heap_hint=3000000000 -> FAIL
2026-09-25 16:07:08 build/sweep_groups/g_l2_ConsolidationRequest.bend exit=0 peak=3.75GB memory_metric=VmHWM elapsed=622.2s all_terms_check=True unsafe=False killed=False heap_hint=3000000000 -> PASS
2026-09-25 16:10:55 proofs/obj/root_gtypes.bend exit=0 peak=4.74GB memory_metric=VmHWM elapsed=832.0s all_terms_check=True unsafe=False killed=False heap_hint=3000000000 -> PASS
